Component: ARM Compiler 5.06 update 5 (build 528) Tool: armlink [4d35e2]

==============================================================================

Section Cross References

    startup_stm32f103xb.o(STACK) refers (Special) to heapauxi.o(.text) for __use_two_region_memory
    startup_stm32f103xb.o(HEAP) refers (Special) to heapauxi.o(.text) for __use_two_region_memory
    startup_stm32f103xb.o(RESET) refers (Special) to heapauxi.o(.text) for __use_two_region_memory
    startup_stm32f103xb.o(RESET) refers to startup_stm32f103xb.o(STACK) for __initial_sp
    startup_stm32f103xb.o(RESET) refers to startup_stm32f103xb.o(.text) for Reset_Handler
    startup_stm32f103xb.o(RESET) refers to stm32f1xx_it.o(i.NMI_Handler) for NMI_Handler
    startup_stm32f103xb.o(RESET) refers to stm32f1xx_it.o(i.HardFault_Handler) for HardFault_Handler
    startup_stm32f103xb.o(RESET) refers to stm32f1xx_it.o(i.MemManage_Handler) for MemManage_Handler
    startup_stm32f103xb.o(RESET) refers to stm32f1xx_it.o(i.BusFault_Handler) for BusFault_Handler
    startup_stm32f103xb.o(RESET) refers to stm32f1xx_it.o(i.UsageFault_Handler) for UsageFault_Handler
    startup_stm32f103xb.o(RESET) refers to stm32f1xx_it.o(i.SVC_Handler) for SVC_Handler
    startup_stm32f103xb.o(RESET) refers to stm32f1xx_it.o(i.DebugMon_Handler) for DebugMon_Handler
    startup_stm32f103xb.o(RESET) refers to stm32f1xx_it.o(i.PendSV_Handler) for PendSV_Handler
    startup_stm32f103xb.o(RESET) refers to stm32f1xx_it.o(i.SysTick_Handler) for SysTick_Handler
    startup_stm32f103xb.o(RESET) refers to stm32f1xx_it.o(i.DMA1_Channel4_IRQHandler) for DMA1_Channel4_IRQHandler
    startup_stm32f103xb.o(RESET) refers to stm32f1xx_it.o(i.ADC1_2_IRQHandler) for ADC1_2_IRQHandler
    startup_stm32f103xb.o(RESET) refers to stm32f1xx_it.o(i.USART1_IRQHandler) for USART1_IRQHandler
    startup_stm32f103xb.o(.text) refers (Special) to heapauxi.o(.text) for __use_two_region_memory
    startup_stm32f103xb.o(.text) refers to system_stm32f1xx.o(i.SystemInit) for SystemInit
    startup_stm32f103xb.o(.text) refers to __main.o(!!!main) for __main
    startup_stm32f103xb.o(.text) refers to startup_stm32f103xb.o(HEAP) for Heap_Mem
    startup_stm32f103xb.o(.text) refers to startup_stm32f103xb.o(STACK) for Stack_Mem
    main.o(i.SystemClock_Config) refers to rt_memclr_w.o(.text) for __aeabi_memclr4
    main.o(i.SystemClock_Config) refers to stm32f1xx_hal_rcc.o(i.HAL_RCC_OscConfig) for HAL_RCC_OscConfig
    main.o(i.SystemClock_Config) refers to stm32f1xx_hal_rcc.o(i.HAL_RCC_ClockConfig) for HAL_RCC_ClockConfig
    main.o(i.SystemClock_Config) refers to stm32f1xx_hal_rcc_ex.o(i.HAL_RCCEx_PeriphCLKConfig) for HAL_RCCEx_PeriphCLKConfig
    main.o(i.main) refers to stm32f1xx_hal.o(i.HAL_Init) for HAL_Init
    main.o(i.main) refers to main.o(i.SystemClock_Config) for SystemClock_Config
    main.o(i.main) refers to gpio.o(i.MX_GPIO_Init) for MX_GPIO_Init
    main.o(i.main) refers to dma.o(i.MX_DMA_Init) for MX_DMA_Init
    main.o(i.main) refers to i2c.o(i.MX_I2C1_Init) for MX_I2C1_Init
    main.o(i.main) refers to usart.o(i.MX_USART1_UART_Init) for MX_USART1_UART_Init
    main.o(i.main) refers to adc.o(i.MX_ADC1_Init) for MX_ADC1_Init
    main.o(i.main) refers to can.o(i.MX_CAN_Init) for MX_CAN_Init
    main.o(i.main) refers to tim.o(i.MX_TIM2_Init) for MX_TIM2_Init
    main.o(i.main) refers to foc.o(i.Foc_Init) for Foc_Init
    main.o(i.main) refers to stm32f1xx_hal.o(i.HAL_Delay) for HAL_Delay
    main.o(i.main) refers to app_motor.o(i.app_foc_mainloop) for app_foc_mainloop
    main.o(i.main) refers to foc.o(i.Foc_Set_Speed) for Foc_Set_Speed
    main.o(i.main) refers to app_comm.o(i.app_debug_print) for app_debug_print
    main.o(i.main) refers to user_foc_hal.o(.constdata) for foc_hal
    gpio.o(i.MX_GPIO_Init) refers to stm32f1xx_hal_gpio.o(i.HAL_GPIO_WritePin) for HAL_GPIO_WritePin
    gpio.o(i.MX_GPIO_Init) refers to stm32f1xx_hal_gpio.o(i.HAL_GPIO_Init) for HAL_GPIO_Init
    adc.o(i.HAL_ADC_MspDeInit) refers to stm32f1xx_hal_gpio.o(i.HAL_GPIO_DeInit) for HAL_GPIO_DeInit
    adc.o(i.HAL_ADC_MspDeInit) refers to stm32f1xx_hal_cortex.o(i.HAL_NVIC_DisableIRQ) for HAL_NVIC_DisableIRQ
    adc.o(i.HAL_ADC_MspInit) refers to stm32f1xx_hal_gpio.o(i.HAL_GPIO_Init) for HAL_GPIO_Init
    adc.o(i.HAL_ADC_MspInit) refers to stm32f1xx_hal_cortex.o(i.HAL_NVIC_SetPriority) for HAL_NVIC_SetPriority
    adc.o(i.HAL_ADC_MspInit) refers to stm32f1xx_hal_cortex.o(i.HAL_NVIC_EnableIRQ) for HAL_NVIC_EnableIRQ
    adc.o(i.MX_ADC1_Init) refers to rt_memclr_w.o(.text) for __aeabi_memclr4
    adc.o(i.MX_ADC1_Init) refers to stm32f1xx_hal_adc.o(i.HAL_ADC_Init) for HAL_ADC_Init
    adc.o(i.MX_ADC1_Init) refers to main.o(i.Error_Handler) for Error_Handler
    adc.o(i.MX_ADC1_Init) refers to stm32f1xx_hal_adc_ex.o(i.HAL_ADCEx_InjectedConfigChannel) for HAL_ADCEx_InjectedConfigChannel
    adc.o(i.MX_ADC1_Init) refers to adc.o(.bss) for .bss
[...]
    i.fminf                                  0x080053e8   Section        0  fminf.o(i.fminf)
    i.foc_hal_adc_filter_sample              0x08005410   Section        0  user_foc_hal.o(i.foc_hal_adc_filter_sample)
    foc_hal_adc_filter_sample                0x08005411   Thumb Code    94  user_foc_hal.o(i.foc_hal_adc_filter_sample)
    i.foc_hal_adc_get_value                  0x08005474   Section        0  user_foc_hal.o(i.foc_hal_adc_get_value)
    foc_hal_adc_get_value                    0x08005475   Thumb Code    58  user_foc_hal.o(i.foc_hal_adc_get_value)
    i.foc_hal_drive_deinit                   0x080054b4   Section        0  user_foc_hal.o(i.foc_hal_drive_deinit)
    foc_hal_drive_deinit                     0x080054b5   Thumb Code    16  user_foc_hal.o(i.foc_hal_drive_deinit)
    i.foc_hal_drive_init                     0x080054c8   Section        0  user_foc_hal.o(i.foc_hal_drive_init)
    foc_hal_drive_init                       0x080054c9   Thumb Code    16  user_foc_hal.o(i.foc_hal_drive_init)
    i.foc_hal_init                           0x080054dc   Section        0  user_foc_hal.o(i.foc_hal_init)
    foc_hal_init                             0x080054dd   Thumb Code    70  user_foc_hal.o(i.foc_hal_init)
    i.foc_hal_median3_u16                    0x08005534   Section        0  user_foc_hal.o(i.foc_hal_median3_u16)
    foc_hal_median3_u16                      0x08005535   Thumb Code    26  user_foc_hal.o(i.foc_hal_median3_u16)
    i.foc_hal_pwm_disable                    0x08005550   Section        0  user_foc_hal.o(i.foc_hal_pwm_disable)
    foc_hal_pwm_disable                      0x08005551   Thumb Code    36  user_foc_hal.o(i.foc_hal_pwm_disable)
    i.foc_hal_set_duty                       0x08005578   Section        0  user_foc_hal.o(i.foc_hal_set_duty)
    foc_hal_set_duty                         0x08005579   Thumb Code    22  user_foc_hal.o(i.foc_hal_set_duty)
    i.foc_hal_tim_start                      0x08005594   Section        0  user_foc_hal.o(i.foc_hal_tim_start)
    foc_hal_tim_start                        0x08005595   Thumb Code    52  user_foc_hal.o(i.foc_hal_tim_start)
    i.foc_wrap_angle_0_2pi                   0x080055cc   Section        0  foc.o(i.foc_wrap_angle_0_2pi)
    foc_wrap_angle_0_2pi                     0x080055cd   Thumb Code    34  foc.o(i.foc_wrap_angle_0_2pi)
    i.main                                   0x080055f8   Section        0  main.o(i.main)
    i.sqrtf                                  0x08005648   Section        0  sqrtf.o(i.sqrtf)
    locale$$code                             0x08005674   Section       44  lc_numeric_c.o(locale$$code)
    x$fpl$dretinf                            0x080056a0   Section       12  dretinf.o(x$fpl$dretinf)
    x$fpl$f2d                                0x080056ac   Section       86  f2d.o(x$fpl$f2d)
    x$fpl$fadd                               0x08005704   Section      196  faddsub_clz.o(x$fpl$fadd)
    _fadd1                                   0x08005713   Thumb Code     0  faddsub_clz.o(x$fpl$fadd)
    x$fpl$fcheck1                            0x080057c8   Section       12  fcheck1.o(x$fpl$fcheck1)
    x$fpl$fcmp4                              0x080057d4   Section      142  fcmp4.o(x$fpl$fcmp4)
    x$fpl$fcmpinf                            0x08005862   Section       24  fcmpi.o(x$fpl$fcmpinf)
    x$fpl$fdiv                               0x0800587c   Section      388  fdiv.o(x$fpl$fdiv)
    _fdiv1                                   0x0800587d   Thumb Code     0  fdiv.o(x$fpl$fdiv)
    x$fpl$feqf                               0x08005a00   Section      104  feqf.o(x$fpl$feqf)
    x$fpl$ffixu                              0x08005a68   Section       62  ffixu.o(x$fpl$ffixu)
    x$fpl$fflt                               0x08005aa8   Section       48  fflt_clz.o(x$fpl$fflt)
    x$fpl$ffltu                              0x08005ad8   Section       38  fflt_clz.o(x$fpl$ffltu)
    x$fpl$fleqf                              0x08005b00   Section      104  fleqf.o(x$fpl$fleqf)
    x$fpl$fmul                               0x08005b68   Section      258  fmul.o(x$fpl$fmul)
    x$fpl$fnaninf                            0x08005c6a   Section      140  fnaninf.o(x$fpl$fnaninf)
    x$fpl$fretinf                            0x08005cf6   Section       10  fretinf.o(x$fpl$fretinf)
    x$fpl$frleqf                             0x08005d00   Section       98  frleqf.o(x$fpl$frleqf)
    x$fpl$frsb                               0x08005d62   Section       20  faddsub_clz.o(x$fpl$frsb)
    x$fpl$fsqrt                              0x08005d78   Section      272  fsqrt.o(x$fpl$fsqrt)
    x$fpl$fsub                               0x08005e88   Section      234  faddsub_clz.o(x$fpl$fsub)
    _fsub1                                   0x08005e97   Thumb Code     0  faddsub_clz.o(x$fpl$fsub)
    x$fpl$printf1                            0x08005f72   Section        4  printf1.o(x$fpl$printf1)
    x$fpl$retnan                             0x08005f76   Section      100  retnan.o(x$fpl$retnan)
    x$fpl$scalbnf                            0x08005fda   Section       76  scalbnf.o(x$fpl$scalbnf)
    x$fpl$trapveneer                         0x08006026   Section       48  trapv.o(x$fpl$trapveneer)
    .constdata                               0x08006056   Section       18  stm32f1xx_hal_rcc.o(.constdata)
    x$fpl$usenofp                            0x08006056   Section        0  usenofp.o(x$fpl$usenofp)
    aPredivFactorTable                       0x08006056   Data           2  stm32f1xx_hal_rcc.o(.constdata)
    aPLLMULFactorTable                       0x08006058   Data          16  stm32f1xx_hal_rcc.o(.constdata)
    .constdata                               0x08006068   Section       18  stm32f1xx_hal_rcc_ex.o(.constdata)
    aPredivFactorTable                       0x08006068   Data           2  stm32f1xx_hal_rcc_ex.o(.constdata)
    aPLLMULFactorTable                       0x0800606a   Data          16  stm32f1xx_hal_rcc_ex.o(.constdata)
    .constdata                               0x0800607a   Section       16  system_stm32f1xx.o(.constdata)
    .constdata                               0x0800608a   Section        8  system_stm32f1xx.o(.constdata)
    .constdata                               0x08006094   Section      120  foc.o(.constdata)
    .constdata                               0x0800610c   Section      512  foc_math.o(.constdata)
    .constdata                               0x0800630c   Section       28  user_foc_hal.o(.constdata)
    .constdata                               0x08006328   Section       14  user_foc_hal.o(.constdata)
    <Data1>                                  0x08006328   Data          14  user_foc_hal.o(.constdata)
    .constdata                               0x08006338   Section      148  bigflt0.o(.constdata)
    tenpwrs_x                                0x08006338   Data          60  bigflt0.o(.constdata)
    tenpwrs_i                                0x08006374   Data          64  bigflt0.o(.constdata)
    locale$$data                             0x080063ec   Section       28  lc_numeric_c.o(locale$$data)
    __lcnum_c_name                           0x080063f0   Data           2  lc_numeric_c.o(locale$$data)
    __lcnum_c_start                          0x080063f8   Data           0  lc_numeric_c.o(locale$$data)
    __lcnum_c_point                          0x08006404   Data           0  lc_numeric_c.o(locale$$data)
    __lcnum_c_thousands                      0x08006406   Data           0  lc_numeric_c.o(locale$$data)
    __lcnum_c_grouping                       0x08006407   Data           0  lc_numeric_c.o(locale$$data)
    __lcnum_c_end                            0x08006408   Data           0  lc_numeric_c.o(locale$$data)
    .data                                    0x20000000   Section       12  stm32f1xx_hal.o(.data)
    .data                                    0x2000000c   Section        4  system_stm32f1xx.o(.data)
    .data                                    0x20000010   Section        2  app_comm.o(.data)
    app_debug_sample_pending                 0x20000010   Data           1  app_comm.o(.data)
    app_debug_sample_counter                 0x20000011   Data           1  app_comm.o(.data)
    .data                                    0x20000014   Section       20  app_motor.o(.data)
    isr_meas_cnt                             0x20000018   Data           2  app_motor.o(.data)
    last_as5600_tick                         0x2000001c   Data           4  app_motor.o(.data)
    .data                                    0x20000028   Section        1  comm_uart.o(.data)
    comm_uart_dma_index                      0x20000028   Data           1  comm_uart.o(.data)
    .data                                    0x20000029   Section        1  bsp_usart.o(.data)
    bsp_usart_tx_busy                        0x20000029   Data           1  bsp_usart.o(.data)
    .bss                                     0x2000002c   Section       48  adc.o(.bss)
    .bss                                     0x2000005c   Section       40  can.o(.bss)
    .bss                                     0x20000084   Section       84  i2c.o(.bss)
    .bss                                     0x200000d8   Section       72  tim.o(.bss)
    .bss                                     0x20000120   Section      140  usart.o(.bss)
    .bss                                     0x200001ac   Section       12  app_comm.o(.bss)
    app_debug_pending_sample                 0x200001ac   Data          12  app_comm.o(.bss)
    .bss                                     0x200001b8   Section      128  comm_uart.o(.bss)
    comm_uart_dma_buffer                     0x200001b8   Data         128  comm_uart.o(.bss)
    .bss                                     0x20000238   Section     1272  foc.o(.bss)
    FOC_Motor                                0x20000238   Data        1272  foc.o(.bss)
    .bss                                     0x20000730   Section       42  user_foc_hal.o(.bss)
    adc_filter                               0x20000730   Data          42  user_foc_hal.o(.bss)
    .bss                                     0x2000075c   Section       96  libspace.o(.bss)
    HEAP                                     0x200007c0   Section      512  startup_stm32f103xb.o(HEAP)
    Heap_Mem                                 0x200007c0   Data         512  startup_stm32f103xb.o(HEAP)
    STACK                                    0x200009c0   Section     1024  startup_stm32f103xb.o(STACK)
    Stack_Mem                                0x200009c0   Data        1024  startup_stm32f103xb.o(STACK)
    __initial_sp                             0x20000dc0   Data           0  startup_stm32f103xb.o(STACK)

    Global Symbols

    Symbol Name                              Value     Ov Type        Size  Object(Section)

    BuildAttributes$$THM_ISAv4$P$D$K$B$S$PE$A:L22UL41UL21$X:L11$S22US41US21$IEEE1$IW$USESV6$~STKCKD$USESV7$~SHL$OTIME$ROPI$IEEEX$EBA8$UX$STANDARDLIB$REQ8$PRES8$EABIv2 0x00000000   Number         0  anon$$obj.o ABSOLUTE
    __ARM_use_no_argv                        0x00000000   Number         0  main.o ABSOLUTE
    _printf_flags                            0x00000000   Number         0  printf_stubs.o ABSOLUTE
    _printf_return_value                     0x00000000   Number         0  printf_stubs.o ABSOLUTE
    _printf_sizespec                         0x00000000   Number         0  printf_stubs.o ABSOLUTE
    _printf_widthprec                        0x00000000   Number         0  printf_stubs.o ABSOLUTE
    __ARM_exceptions_init                     - Undefined Weak Reference
    __alloca_initialize                       - Undefined Weak Reference
    __arm_preinit_                            - Undefined Weak Reference
    __cpp_initialize__aeabi_                  - Undefined Weak Reference
    __cxa_finalize                            - Undefined Weak Reference
    __sigvec_lookup                           - Undefined Weak Reference
    _atexit_init                              - Undefined Weak Reference
    _call_atexit_fns                          - Undefined Weak Reference
    _clock_init                               - Undefined Weak Reference
    _fp_trap_init                             - Undefined Weak Reference
    _fp_trap_shutdown                         - Undefined Weak Reference
    _get_lc_collate                           - Undefined Weak Reference
    _get_lc_ctype                             - Undefined Weak Reference
    _get_lc_monetary                          - Undefined Weak Reference
    _get_lc_time                              - Undefined Weak Reference
    _getenv_init                              - Undefined Weak Reference
    _handle_redirection                       - Undefined Weak Reference
    _init_alloc                               - Undefined Weak Reference
    _init_user_alloc                          - Undefined Weak Reference
    _initio                                   - Undefined Weak Reference
    _printf_post_padding                      - Undefined Weak Reference
    _printf_pre_padding                       - Undefined Weak Reference
    _rand_init                                - Undefined Weak Reference
    _signal_finish                            - Undefined Weak Reference
    _signal_init                              - Undefined Weak Reference
    _terminate_alloc                          - Undefined Weak Reference
    _terminate_user_alloc                     - Undefined Weak Reference
    _terminateio                              - Undefined Weak Reference
    __Vectors_Size                           0x000000ec   Number         0  startup_stm32f103xb.o ABSOLUTE
    __Vectors                                0x08000000   Data           4  startup_stm32f103xb.o(RESET)
    __Vectors_End                            0x080000ec   Data           0  startup_stm32f103xb.o(RESET)
    __main                                   0x080000ed   Thumb Code     8  __main.o(!!!main)
    __scatterload                            0x080000f5   Thumb Code     0  __scatter.o(!!!scatter)
    __scatterload_rt2                        0x080000f5   Thumb Code    44  __scatter.o(!!!scatter)
    __scatterload_rt2_thumb_only             0x080000f5   Thumb Code     0  __scatter.o(!!!scatter)
    __scatterload_null                       0x08000103   Thumb Code     0  __scatter.o(!!!scatter)
    __scatterload_copy                       0x08000129   Thumb Code    26  __scatter_copy.o(!!handler_copy)
    __scatterload_zeroinit                   0x08000145   Thumb Code    28  __scatter_zi.o(!!handler_zi)
    _printf_f                                0x08000161   Thumb Code     0  _printf_f.o(.ARM.Collect$$_printf_percent$$00000003)
    _printf_percent                          0x08000161   Thumb Code     0  _printf_percent.o(.ARM.Collect$$_printf_percent$$00000000)
    _printf_percent_end                      0x08000167   Thumb Code     0  _printf_percent_end.o(.ARM.Collect$$_printf_percent$$00000017)
    __rt_lib_init                            0x0800016b   Thumb Code     0  libinit.o(.ARM.Collect$$libinit$$00000000)
    __rt_lib_init_fp_1                       0x0800016d   Thumb Code     0  libinit2.o(.ARM.Collect$$libinit$$00000002)
    __rt_lib_init_heap_1                     0x0800016d   Thumb Code     0  libinit2.o(.ARM.Collect$$libinit$$0000000A)
    __rt_lib_init_lc_common                  0x0800016d   Thumb Code     0  libinit2.o(.ARM.Collect$$libinit$$0000000F)
    __rt_lib_init_preinit_1                  0x0800016d   Thumb Code     0  libinit2.o(.ARM.Collect$$libinit$$00000004)
    __rt_lib_init_rand_1                     0x0800016d   Thumb Code     0  libinit2.o(.ARM.Collect$$libinit$$0000000E)
    __rt_lib_init_user_alloc_1               0x0800016d   Thumb Code     0  libinit2.o(.ARM.Collect$$libinit$$0000000C)
    __rt_lib_init_lc_collate_1               0x08000173   Thumb Code     0  libinit2.o(.ARM.Collect$$libinit$$00000011)
    __rt_lib_init_lc_ctype_1                 0x08000173   Thumb Code     0  libinit2.o(.ARM.Collect$$libinit$$00000013)
    __rt_lib_init_lc_monetary_1              0x08000173   Thumb Code     0  libinit2.o(.ARM.Collect$$libinit$$00000015)
    __rt_lib_init_lc_numeric_2               0x08000173   Thumb Code     0  libinit2.o(.ARM.Collect$$libinit$$00000016)
    __rt_lib_init_alloca_1                   0x0800017d   Thumb Code     0  libinit2.o(.ARM.Collect$$libinit$$0000002E)
    __rt_lib_init_argv_1                     0x0800017d   Thumb Code     0  libinit2.o(.ARM.Collect$$libinit$$0000002C)
    __rt_lib_init_atexit_1                   0x0800017d   Thumb Code     0  libinit2.o(.ARM.Collect$$libinit$$0000001B)
    __rt_lib_init_clock_1                    0x0800017d   Thumb Code     0  libinit2.o(.ARM.Collect$$libinit$$00000021)
    __rt_lib_init_cpp_1                      0x0800017d   Thumb Code     0  libinit2.o(.ARM.Collect$$libinit$$00000032)
    __rt_lib_init_exceptions_1               0x0800017d   Thumb Code     0  libinit2.o(.ARM.Collect$$libinit$$00000030)
    __rt_lib_init_fp_trap_1                  0x0800017d   Thumb Code     0  libinit2.o(.ARM.Collect$$libinit$$0000001F)
    __rt_lib_init_getenv_1                   0x0800017d   Thumb Code     0  libinit2.o(.ARM.Collect$$libinit$$00000023)
    __rt_lib_init_lc_numeric_1               0x0800017d   Thumb Code     0  libinit2.o(.ARM.Collect$$libinit$$00000017)
    __rt_lib_init_lc_time_1                  0x0800017d   Thumb Code     0  libinit2.o(.ARM.Collect$$libinit$$00000019)
    __rt_lib_init_return                     0x0800017d   Thumb Code     0  libinit2.o(.ARM.Collect$$libinit$$00000033)
    __rt_lib_init_signal_1                   0x0800017d   Thumb Code     0  libinit2.o(.ARM.Collect$$libinit$$0000001D)
    __rt_lib_init_stdio_1                    0x0800017d   Thumb Code     0  libinit2.o(.ARM.Collect$$libinit$$00000025)
    __rt_lib_shutdown                        0x0800017f   Thumb Code     0  libshutdown.o(.ARM.Collect$$libshutdown$$00000000)
    __rt_lib_shutdown_cpp_1                  0x08000181   Thumb Code     0  libshutdown2.o(.ARM.Collect$$libshutdown$$00000002)
    __rt_lib_shutdown_fp_trap_1              0x08000181   Thumb Code     0  libshutdown2.o(.ARM.Collect$$libshutdown$$00000007)
    __rt_lib_shutdown_heap_1                 0x08000181   Thumb Code     0  libshutdown2.o(.ARM.Collect$$libshutdown$$0000000F)
    __rt_lib_shutdown_return                 0x08000181   Thumb Code     0  libshutdown2.o(.ARM.Collect$$libshutdown$$00000010)
    __rt_lib_shutdown_signal_1               0x08000181   Thumb Code     0  libshutdown2.o(.ARM.Collect$$libshutdown$$0000000A)
    __rt_lib_shutdown_stdio_1                0x08000181   Thumb Code     0  libshutdown2.o(.ARM.Collect$$libshutdown$$00000004)
    __rt_lib_shutdown_user_alloc_1           0x08000181   Thumb Code     0  libshutdown2.o(.ARM.Collect$$libshutdown$$0000000C)
    __rt_entry                               0x08000183   Thumb Code     0  __rtentry.o(.ARM.Collect$$rtentry$$00000000)
    __rt_entry_presh_1                       0x08000183   Thumb Code     0  __rtentry2.o(.ARM.Collect$$rtentry$$00000002)
    __rt_entry_sh                            0x08000183   Thumb Code     0  __rtentry4.o(.ARM.Collect$$rtentry$$00000004)
    __rt_entry_li                            0x08000189   Thumb Code     0  __rtentry2.o(.ARM.Collect$$rtentry$$0000000A)
    __rt_entry_postsh_1                      0x08000189   Thumb Code     0  __rtentry2.o(.ARM.Collect$$rtentry$$00000009)
    __rt_entry_main                          0x0800018d   Thumb Code     0  __rtentry2.o(.ARM.Collect$$rtentry$$0000000D)
    __rt_entry_postli_1                      0x0800018d   Thumb Code     0  __rtentry2.o(.ARM.Collect$$rtentry$$0000000C)
    __rt_exit                                0x08000195   Thumb Code     0  rtexit.o(.ARM.Collect$$rtexit$$00000000)
    __rt_exit_ls                             0x08000197   Thumb Code     0  rtexit2.o(.ARM.Collect$$rtexit$$00000003)
    __rt_exit_prels_1                        0x08000197   Thumb Code     0  rtexit2.o(.ARM.Collect$$rtexit$$00000002)
    __rt_exit_exit                           0x0800019b   Thumb Code     0  rtexit2.o(.ARM.Collect$$rtexit$$00000004)
    Reset_Handler                            0x080001a1   Thumb Code     8  startup_stm32f103xb.o(.text)
    CAN1_RX1_IRQHandler                      0x080001bb   Thumb Code     0  startup_stm32f103xb.o(.text)
    CAN1_SCE_IRQHandler                      0x080001bb   Thumb Code     0  startup_stm32f103xb.o(.text)
    DMA1_Channel1_IRQHandler                 0x080001bb   Thumb Code     0  startup_stm32f103xb.o(.text)
    DMA1_Channel2_IRQHandler                 0x080001bb   Thumb Code     0  startup_stm32f103xb.o(.text)
    DMA1_Channel3_IRQHandler                 0x080001bb   Thumb Code     0  startup_stm32f103xb.o(.text)
    DMA1_Channel5_IRQHandler                 0x080001bb   Thumb Code     0  startup_stm32f103xb.o(.text)
    DMA1_Channel6_IRQHandler                 0x080001bb   Thumb Code     0  startup_stm32f103xb.o(.text)
    DMA1_Channel7_IRQHandler                 0x080001bb   Thumb Code     0  startup_stm32f103xb.o(.text)
    EXTI0_IRQHandler                         0x080001bb   Thumb Code     0  startup_stm32f103xb.o(.text)
    EXTI15_10_IRQHandler                     0x080001bb   Thumb Code     0  startup_stm32f103xb.o(.text)
    EXTI1_IRQHandler                         0x080001bb   Thumb Code     0  startup_stm32f103xb.o(.text)
    EXTI2_IRQHandler                         0x080001bb   Thumb Code     0  startup_stm32f103xb.o(.text)
    EXTI3_IRQHandler                         0x080001bb   Thumb Code     0  startup_stm32f103xb.o(.text)
    EXTI4_IRQHandler                         0x080001bb   Thumb Code     0  startup_stm32f103xb.o(.text)
    EXTI9_5_IRQHandler                       0x080001bb   Thumb Code     0  startup_stm32f103xb.o(.text)
    FLASH_IRQHandler                         0x080001bb   Thumb Code     0  startup_stm32f103xb.o(.text)
    I2C1_ER_IRQHandler                       0x080001bb   Thumb Code     0  startup_stm32f103xb.o(.text)
    I2C1_EV_IRQHandler                       0x080001bb   Thumb Code     0  startup_stm32f103xb.o(.text)
    I2C2_ER_IRQHandler                       0x080001bb   Thumb Code     0  startup_stm32f103xb.o(.text)
    I2C2_EV_IRQHandler                       0x080001bb   Thumb Code     0  startup_stm32f103xb.o(.text)
    PVD_IRQHandler                           0x080001bb   Thumb Code     0  startup_stm32f103xb.o(.text)
    RCC_IRQHandler                           0x080001bb   Thumb Code     0  startup_stm32f103xb.o(.text)
    RTC_Alarm_IRQHandler                     0x080001bb   Thumb Code     0  startup_stm32f103xb.o(.text)
    RTC_IRQHandler                           0x080001bb   Thumb Code     0  startup_stm32f103xb.o(.text)
    SPI1_IRQHandler                          0x080001bb   Thumb Code     0  startup_stm32f103xb.o(.text)
    SPI2_IRQHandler                          0x080001bb   Thumb Code     0  startup_stm32f103xb.o(.text)
    TAMPER_IRQHandler                        0x080001bb   Thumb Code     0  startup_stm32f103xb.o(.text)
    TIM1_BRK_IRQHandler                      0x080001bb   Thumb Code     0  startup_stm32f103xb.o(.text)
    TIM1_CC_IRQHandler                       0x080001bb   Thumb Code     0  startup_stm32f103xb.o(.text)
    TIM1_TRG_COM_IRQHandler                  0x080001bb   Thumb Code     0  startup_stm32f103xb.o(.text)
    TIM1_UP_IRQHandler                       0x080001bb   Thumb Code     0  startup_stm32f103xb.o(.text)
    TIM2_IRQHandler                          0x080001bb   Thumb Code     0  startup_stm32f103xb.o(.text)
    TIM3_IRQHandler                          0x080001bb   Thumb Code     0  startup_stm32f103xb.o(.text)
    TIM4_IRQHandler                          0x080001bb   Thumb Code     0  startup_stm32f103xb.o(.text)
    USART2_IRQHandler                        0x080001bb   Thumb Code     0  startup_stm32f103xb.o(.text)
    USART3_IRQHandler                        0x080001bb   Thumb Code     0  startup_stm32f103xb.o(.text)
    USBWakeUp_IRQHandler                     0x080001bb   Thumb Code     0  startup_stm32f103xb.o(.text)
    USB_HP_CAN1_TX_IRQHandler                0x080001bb   Thumb Code     0  startup_stm32f103xb.o(.text)
    USB_LP_CAN1_RX0_IRQHandler               0x080001bb   Thumb Code     0  startup_stm32f103xb.o(.text)
    WWDG_IRQHandler                          0x080001bb   Thumb Code     0  startup_stm32f103xb.o(.text)
    __user_initial_stackheap                 0x080001bd   Thumb Code     0  startup_stm32f103xb.o(.text)
    __2snprintf                              0x080001e1   Thumb Code    50  __2snprintf.o(.text)
    __printf                                 0x08000219   Thumb Code   270  __printf_wp.o(.text)
    __aeabi_memcpy                           0x08000327   Thumb Code     0  rt_memcpy_v6.o(.text)
    __rt_memcpy                              0x08000327   Thumb Code   138  rt_memcpy_v6.o(.text)
    _memcpy_lastbytes                        0x0800038d   Thumb Code     0  rt_memcpy_v6.o(.text)
    __aeabi_memcpy4                          0x080003b1   Thumb Code     0  rt_memcpy_w.o(.text)
    __aeabi_memcpy8                          0x080003b1   Thumb Code     0  rt_memcpy_w.o(.text)
    __rt_memcpy_w                            0x080003b1   Thumb Code   100  rt_memcpy_w.o(.text)
    _memcpy_lastbytes_aligned                0x080003f9   Thumb Code     0  rt_memcpy_w.o(.text)
    __aeabi_memclr4                          0x08000415   Thumb Code     0  rt_memclr_w.o(.text)
    __aeabi_memclr8                          0x08000415   Thumb Code     0  rt_memclr_w.o(.text)
    __rt_memclr_w                            0x08000415   Thumb Code    78  rt_memclr_w.o(.text)
    _memset_w                                0x08000419   Thumb Code     0  rt_memclr_w.o(.text)
    __use_two_region_memory                  0x08000463   Thumb Code     2  heapauxi.o(.text)
    __rt_heap_escrow$2region                 0x08000465   Thumb Code     2  heapauxi.o(.text)
    __rt_heap_expand$2region                 0x08000467   Thumb Code     2  heapauxi.o(.text)
    __read_errno                             0x08000469   Thumb Code    10  _rserrno.o(.text)
    __set_errno                              0x08000473   Thumb Code    12  _rserrno.o(.text)
    __lib_sel_fp_printf                      0x0800047f   Thumb Code     2  _printf_fp_dec.o(.text)
    _printf_fp_dec_real                      0x08000631   Thumb Code   620  _printf_fp_dec.o(.text)
    _printf_char_common                      0x080008a7   Thumb Code    32  _printf_char_common.o(.text)
    _sputc                                   0x080008cd   Thumb Code    10  _sputc.o(.text)
    _snputc                                  0x080008d7   Thumb Code    16  _snputc.o(.text)
    __rt_locale                              0x080008e9   Thumb Code     8  rt_locale_intlibspace.o(.text)
    __aeabi_errno_addr                       0x080008f1   Thumb Code     8  rt_errno_addr_intlibspace.o(.text)
    __errno$intlibspace                      0x080008f1   Thumb Code     0  rt_errno_addr_intlibspace.o(.text)
    __rt_errno_addr$intlibspace              0x080008f1   Thumb Code     0  rt_errno_addr_intlibspace.o(.text)
    _ll_udiv10                               0x080008f9   Thumb Code   138  lludiv10.o(.text)
    _printf_fp_infnan                        0x08000985   Thumb Code   112  _printf_fp_infnan.o(.text)
    _btod_etento                             0x08000a05   Thumb Code   224  bigflt0.o(.text)
    __user_libspace                          0x08000ae9   Thumb Code     8  libspace.o(.text)
    __user_perproc_libspace                  0x08000ae9   Thumb Code     0  libspace.o(.text)
    __user_perthread_libspace                0x08000ae9   Thumb Code     0  libspace.o(.text)
    __user_setup_stackheap                   0x08000af1   Thumb Code    74  sys_stackheap_outer.o(.text)
    exit                                     0x08000b3b   Thumb Code    18  exit.o(.text)
    strcmp                                   0x08000b4d   Thumb Code   128  strcmpv7m.o(.text)
    _sys_exit                                0x08000bcd   Thumb Code     8  sys_exit.o(.text)
    __I$use$semihosting                      0x08000bd9   Thumb Code     0  use_no_semi.o(.text)
    __use_no_semihosting_swi                 0x08000bd9   Thumb Code     2  use_no_semi.o(.text)
    __semihosting_library_function           0x08000bdb   Thumb Code     0  indicate_semi.o(.text)
    _btod_d2e                                0x08000bdb   Thumb Code    62  btod.o(CL$$btod_d2e)
    _d2e_denorm_low                          0x08000c19   Thumb Code    70  btod.o(CL$$btod_d2e_denorm_low)
    _d2e_norm_op1                            0x08000c5f   Thumb Code    96  btod.o(CL$$btod_d2e_norm_op1)
    __btod_div_common                        0x08000cbf   Thumb Code   696  btod.o(CL$$btod_div_common)
    _e2e                                     0x08000ff7   Thumb Code   220  btod.o(CL$$btod_e2e)
    _btod_ediv                               0x080010d3   Thumb Code    42  btod.o(CL$$btod_ediv)
    _btod_emul                               0x080010fd   Thumb Code    42  btod.o(CL$$btod_emul)
    __btod_mult_common                       0x08001127   Thumb Code   580  btod.o(CL$$btod_mult_common)
    ADC1_2_IRQHandler                        0x0800136d   Thumb Code     6  stm32f1xx_it.o(i.ADC1_2_IRQHandler)
    ADC_ConversionStop_Disable               0x08001379   Thumb Code    86  stm32f1xx_hal_adc.o(i.ADC_ConversionStop_Disable)
    ADC_Enable                               0x080013d1   Thumb Code   114  stm32f1xx_hal_adc.o(i.ADC_Enable)
    AS5600_RawToRad                          0x0800144d   Thumb Code    20  as5600.o(i.AS5600_RawToRad)
    AS5600_ReadAGC                           0x08001491   Thumb Code    10  as5600.o(i.AS5600_ReadAGC)
    AS5600_ReadAngle                         0x0800149b   Thumb Code     8  as5600.o(i.AS5600_ReadAngle)
    AS5600_ReadData                          0x080014a3   Thumb Code    92  as5600.o(i.AS5600_ReadData)
    AS5600_ReadMagnitude                     0x080014ff   Thumb Code     8  as5600.o(i.AS5600_ReadMagnitude)
    AS5600_ReadRawAngle                      0x08001507   Thumb Code     8  as5600.o(i.AS5600_ReadRawAngle)
    AS5600_ReadStatus                        0x08001523   Thumb Code    36  as5600.o(i.AS5600_ReadStatus)
    BusFault_Handler                         0x08001547   Thumb Code     2  stm32f1xx_it.o(i.BusFault_Handler)
    DMA1_Channel4_IRQHandler                 0x08001549   Thumb Code     6  stm32f1xx_it.o(i.DMA1_Channel4_IRQHandler)
    DebugMon_Handler                         0x0800157f   Thumb Code     2  stm32f1xx_it.o(i.DebugMon_Handler)
    Error_Handler                            0x08001581   Thumb Code     4  main.o(i.Error_Handler)
    FOC_Clark_Transform                      0x08001585   Thumb Code    46  foc_math.o(i.FOC_Clark_Transform)
    FOC_InvPark_Transform                    0x080015b9   Thumb Code   106  foc_math.o(i.FOC_InvPark_Transform)
    FOC_Motor_Cali_Offset                    0x08001623   Thumb Code    80  foc_math.o(i.FOC_Motor_Cali_Offset)
    FOC_PI_Regulator                         0x08001673   Thumb Code   182  foc_math.o(i.FOC_PI_Regulator)
    FOC_Park_Transform                       0x08001729   Thumb Code   106  foc_math.o(i.FOC_Park_Transform)
    FOC_SVPWM_Generate                       0x08001795   Thumb Code   498  foc_math.o(i.FOC_SVPWM_Generate)
    FOC_Trig_Functions                       0x08001999   Thumb Code   108  foc_math.o(i.FOC_Trig_Functions)
    FOC_Updata_Trig                          0x08001a09   Thumb Code    36  foc_math.o(i.FOC_Updata_Trig)
    FOC_fmod                                 0x08001a35   Thumb Code    40  foc_math.o(i.FOC_fmod)
    Foc_Align_Loop                           0x08001a5d   Thumb Code   202  foc.o(i.Foc_Align_Loop)
    Foc_Close_Loop                           0x08001b39   Thumb Code   916  foc.o(i.Foc_Close_Loop)
    Foc_GetStruct                            0x08001f15   Thumb Code    12  foc.o(i.Foc_GetStruct)
    Foc_Init                                 0x08001f25   Thumb Code    58  foc.o(i.Foc_Init)
    Foc_Loop                                 0x08001f65   Thumb Code   460  foc.o(i.Foc_Loop)
    Foc_Open_Loop                            0x0800214d   Thumb Code   250  foc.o(i.Foc_Open_Loop)
    Foc_ParamInit                            0x08002265   Thumb Code   256  foc.o(i.Foc_ParamInit)
    Foc_Set_Speed                            0x08002369   Thumb Code    78  foc.o(i.Foc_Set_Speed)
    HAL_ADCEx_Calibration_Start              0x080023bd   Thumb Code   210  stm32f1xx_hal_adc_ex.o(i.HAL_ADCEx_Calibration_Start)
    HAL_ADCEx_InjectedConfigChannel          0x08002495   Thumb Code   462  stm32f1xx_hal_adc_ex.o(i.HAL_ADCEx_InjectedConfigChannel)
    HAL_ADCEx_InjectedConvCpltCallback       0x08002671   Thumb Code    84  app_motor.o(i.HAL_ADCEx_InjectedConvCpltCallback)
    HAL_ADCEx_InjectedGetValue               0x080026d1   Thumb Code    30  stm32f1xx_hal_adc_ex.o(i.HAL_ADCEx_InjectedGetValue)
    HAL_ADCEx_InjectedStart_IT               0x080026f1   Thumb Code   170  stm32f1xx_hal_adc_ex.o(i.HAL_ADCEx_InjectedStart_IT)
    HAL_ADC_ConvCpltCallback                 0x080027a5   Thumb Code     2  stm32f1xx_hal_adc.o(i.HAL_ADC_ConvCpltCallback)
    HAL_ADC_IRQHandler                       0x080027a7   Thumb Code   220  stm32f1xx_hal_adc.o(i.HAL_ADC_IRQHandler)
    HAL_ADC_Init                             0x08002885   Thumb Code   272  stm32f1xx_hal_adc.o(i.HAL_ADC_Init)
    HAL_ADC_LevelOutOfWindowCallback         0x080029a1   Thumb Code     2  stm32f1xx_hal_adc.o(i.HAL_ADC_LevelOutOfWindowCallback)
    HAL_ADC_MspInit                          0x080029a5   Thumb Code    92  adc.o(i.HAL_ADC_MspInit)
    HAL_CAN_Init                             0x08002a0d   Thumb Code   282  stm32f1xx_hal_can.o(i.HAL_CAN_Init)
    HAL_CAN_MspInit                          0x08002b29   Thumb Code    96  can.o(i.HAL_CAN_MspInit)
    HAL_DMA_Abort                            0x08002b95   Thumb Code    70  stm32f1xx_hal_dma.o(i.HAL_DMA_Abort)
    HAL_DMA_Abort_IT                         0x08002bdd   Thumb Code   148  stm32f1xx_hal_dma.o(i.HAL_DMA_Abort_IT)
    HAL_DMA_IRQHandler                       0x08002c75   Thumb Code   316  stm32f1xx_hal_dma.o(i.HAL_DMA_IRQHandler)
    HAL_DMA_Init                             0x08002dc9   Thumb Code    84  stm32f1xx_hal_dma.o(i.HAL_DMA_Init)
    HAL_DMA_Start_IT                         0x08002e25   Thumb Code   112  stm32f1xx_hal_dma.o(i.HAL_DMA_Start_IT)
    HAL_Delay                                0x08002e95   Thumb Code    32  stm32f1xx_hal.o(i.HAL_Delay)
    HAL_GPIO_Init                            0x08002eb9   Thumb Code   446  stm32f1xx_hal_gpio.o(i.HAL_GPIO_Init)
    HAL_GPIO_TogglePin                       0x08003099   Thumb Code    16  stm32f1xx_hal_gpio.o(i.HAL_GPIO_TogglePin)
    HAL_GPIO_WritePin                        0x080030a9   Thumb Code    10  stm32f1xx_hal_gpio.o(i.HAL_GPIO_WritePin)
    HAL_GetTick                              0x080030b5   Thumb Code     6  stm32f1xx_hal.o(i.HAL_GetTick)
    HAL_I2C_Init                             0x080030c1   Thumb Code   376  stm32f1xx_hal_i2c.o(i.HAL_I2C_Init)
    HAL_I2C_Mem_Read                         0x08003249   Thumb Code   586  stm32f1xx_hal_i2c.o(i.HAL_I2C_Mem_Read)
    HAL_I2C_MspInit                          0x080034a5   Thumb Code    80  i2c.o(i.HAL_I2C_MspInit)
    HAL_IncTick                              0x08003501   Thumb Code    12  stm32f1xx_hal.o(i.HAL_IncTick)
    HAL_Init                                 0x08003511   Thumb Code    32  stm32f1xx_hal.o(i.HAL_Init)
    HAL_InitTick                             0x08003535   Thumb Code    54  stm32f1xx_hal.o(i.HAL_InitTick)
    HAL_MspInit                              0x08003575   Thumb Code    52  stm32f1xx_hal_msp.o(i.HAL_MspInit)
    HAL_NVIC_EnableIRQ                       0x080035b1   Thumb Code    26  stm32f1xx_hal_cortex.o(i.HAL_NVIC_EnableIRQ)
    HAL_NVIC_SetPriority                     0x080035cd   Thumb Code    60  stm32f1xx_hal_cortex.o(i.HAL_NVIC_SetPriority)
    HAL_NVIC_SetPriorityGrouping             0x0800360d   Thumb Code    26  stm32f1xx_hal_cortex.o(i.HAL_NVIC_SetPriorityGrouping)
    HAL_RCCEx_GetPeriphCLKFreq               0x08003631   Thumb Code   148  stm32f1xx_hal_rcc_ex.o(i.HAL_RCCEx_GetPeriphCLKFreq)
    HAL_RCCEx_PeriphCLKConfig                0x080036d5   Thumb Code   224  stm32f1xx_hal_rcc_ex.o(i.HAL_RCCEx_PeriphCLKConfig)
    HAL_RCC_ClockConfig                      0x080037c1   Thumb Code   280  stm32f1xx_hal_rcc.o(i.HAL_RCC_ClockConfig)
    HAL_RCC_GetPCLK1Freq                     0x080038ed   Thumb Code    20  stm32f1xx_hal_rcc.o(i.HAL_RCC_GetPCLK1Freq)
    HAL_RCC_GetPCLK2Freq                     0x0800390d   Thumb Code    20  stm32f1xx_hal_rcc.o(i.HAL_RCC_GetPCLK2Freq)
    HAL_RCC_GetSysClockFreq                  0x0800392d   Thumb Code    58  stm32f1xx_hal_rcc.o(i.HAL_RCC_GetSysClockFreq)
    HAL_RCC_OscConfig                        0x08003979   Thumb Code   778  stm32f1xx_hal_rcc.o(i.HAL_RCC_OscConfig)
    HAL_SYSTICK_Config                       0x08003c99   Thumb Code    40  stm32f1xx_hal_cortex.o(i.HAL_SYSTICK_Config)
    HAL_TIMEx_MasterConfigSynchronization    0x08003cc1   Thumb Code    92  stm32f1xx_hal_tim_ex.o(i.HAL_TIMEx_MasterConfigSynchronization)
    HAL_TIM_Base_Init                        0x08003d29   Thumb Code    90  stm32f1xx_hal_tim.o(i.HAL_TIM_Base_Init)
    HAL_TIM_Base_MspInit                     0x08003d85   Thumb Code    30  tim.o(i.HAL_TIM_Base_MspInit)
    HAL_TIM_Base_Start                       0x08003da9   Thumb Code    66  stm32f1xx_hal_tim.o(i.HAL_TIM_Base_Start)
    HAL_TIM_ConfigClockSource                0x08003df9   Thumb Code   220  stm32f1xx_hal_tim.o(i.HAL_TIM_ConfigClockSource)
    HAL_TIM_MspPostInit                      0x08003ed5   Thumb Code    62  tim.o(i.HAL_TIM_MspPostInit)
    HAL_TIM_PWM_ConfigChannel                0x08003f1d   Thumb Code   204  stm32f1xx_hal_tim.o(i.HAL_TIM_PWM_ConfigChannel)
    HAL_TIM_PWM_Init                         0x08003fe9   Thumb Code    90  stm32f1xx_hal_tim.o(i.HAL_TIM_PWM_Init)
    HAL_TIM_PWM_MspInit                      0x08004043   Thumb Code     2  stm32f1xx_hal_tim.o(i.HAL_TIM_PWM_MspInit)
    HAL_TIM_PWM_Start                        0x08004045   Thumb Code   144  stm32f1xx_hal_tim.o(i.HAL_TIM_PWM_Start)
    HAL_TIM_PWM_Stop                         0x080040e1   Thumb Code   108  stm32f1xx_hal_tim.o(i.HAL_TIM_PWM_Stop)
    HAL_UARTEx_RxEventCallback               0x08004151   Thumb Code     2  stm32f1xx_hal_uart.o(i.HAL_UARTEx_RxEventCallback)
    HAL_UART_ErrorCallback                   0x08004153   Thumb Code     2  stm32f1xx_hal_uart.o(i.HAL_UART_ErrorCallback)
    HAL_UART_IRQHandler                      0x08004155   Thumb Code   616  stm32f1xx_hal_uart.o(i.HAL_UART_IRQHandler)
    HAL_UART_Init                            0x080043c1   Thumb Code   100  stm32f1xx_hal_uart.o(i.HAL_UART_Init)
    HAL_UART_MspInit                         0x08004425   Thumb Code   156  usart.o(i.HAL_UART_MspInit)
    HAL_UART_RxCpltCallback                  0x080044d5   Thumb Code     2  stm32f1xx_hal_uart.o(i.HAL_UART_RxCpltCallback)
    HAL_UART_Transmit_DMA                    0x080044d9   Thumb Code   106  stm32f1xx_hal_uart.o(i.HAL_UART_Transmit_DMA)
    HAL_UART_TxCpltCallback                  0x08004551   Thumb Code     4  bsp_usart.o(i.HAL_UART_TxCpltCallback)
    HAL_UART_TxHalfCpltCallback              0x08004555   Thumb Code     2  stm32f1xx_hal_uart.o(i.HAL_UART_TxHalfCpltCallback)
    HardFault_Handler                        0x08004557   Thumb Code     2  stm32f1xx_it.o(i.HardFault_Handler)
    MX_ADC1_Init                             0x08004899   Thumb Code   116  adc.o(i.MX_ADC1_Init)
    MX_CAN_Init                              0x08004915   Thumb Code    52  can.o(i.MX_CAN_Init)
    MX_DMA_Init                              0x08004951   Thumb Code    40  dma.o(i.MX_DMA_Init)
    MX_GPIO_Init                             0x0800497d   Thumb Code   138  gpio.o(i.MX_GPIO_Init)
    MX_I2C1_Init                             0x08004a15   Thumb Code    50  i2c.o(i.MX_I2C1_Init)
    MX_TIM2_Init                             0x08004a55   Thumb Code   208  tim.o(i.MX_TIM2_Init)
    MX_USART1_UART_Init                      0x08004b29   Thumb Code    48  usart.o(i.MX_USART1_UART_Init)
    MemManage_Handler                        0x08004b61   Thumb Code     2  stm32f1xx_it.o(i.MemManage_Handler)
    NMI_Handler                              0x08004b63   Thumb Code     2  stm32f1xx_it.o(i.NMI_Handler)
    PendSV_Handler                           0x08004b65   Thumb Code     2  stm32f1xx_it.o(i.PendSV_Handler)
    SVC_Handler                              0x08004b67   Thumb Code     2  stm32f1xx_it.o(i.SVC_Handler)
    SysTick_Handler                          0x08004b69   Thumb Code     4  stm32f1xx_it.o(i.SysTick_Handler)
    SystemClock_Config                       0x08004b6d   Thumb Code   120  main.o(i.SystemClock_Config)
    SystemInit                               0x08004be5   Thumb Code     2  system_stm32f1xx.o(i.SystemInit)
    TIM_Base_SetConfig                       0x08004be9   Thumb Code   108  stm32f1xx_hal_tim.o(i.TIM_Base_SetConfig)
    TIM_CCxChannelCmd                        0x08004c61   Thumb Code    26  stm32f1xx_hal_tim.o(i.TIM_CCxChannelCmd)
    TIM_ETR_SetConfig                        0x08004c7b   Thumb Code    20  stm32f1xx_hal_tim.o(i.TIM_ETR_SetConfig)
    TIM_OC2_SetConfig                        0x08004cf1   Thumb Code    84  stm32f1xx_hal_tim.o(i.TIM_OC2_SetConfig)
    USART1_IRQHandler                        0x080050b5   Thumb Code     6  stm32f1xx_it.o(i.USART1_IRQHandler)
    UsageFault_Handler                       0x080050c1   Thumb Code     2  stm32f1xx_it.o(i.UsageFault_Handler)
    __ARM_fpclassify                         0x080050c3   Thumb Code    40  fpclassify.o(i.__ARM_fpclassify)
    _is_digit                                0x0800510b   Thumb Code    14  __printf_wp.o(i._is_digit)
    app_debug_print                          0x08005119   Thumb Code    86  app_comm.o(i.app_debug_print)
    app_debug_sample_from_isr                0x08005179   Thumb Code    52  app_comm.o(i.app_debug_sample_from_isr)
    app_foc_mainloop                         0x080051b5   Thumb Code   232  app_motor.o(i.app_foc_mainloop)
    bsp_iic_mem_read                         0x080052b9   Thumb Code    26  bsp_iic.o(i.bsp_iic_mem_read)
    bsp_usart_send_async                     0x080052d9   Thumb Code    42  bsp_usart.o(i.bsp_usart_send_async)
    bsp_usart_tx_complete                    0x0800530d   Thumb Code    14  bsp_usart.o(i.bsp_usart_tx_complete)
    bsp_usart_tx_is_idle                     0x08005325   Thumb Code    14  bsp_usart.o(i.bsp_usart_tx_is_idle)
    comm_uart_tx_is_idle                     0x08005339   Thumb Code     4  comm_uart.o(i.comm_uart_tx_is_idle)
    comm_vofa_send3_async                    0x0800533d   Thumb Code   106  comm_uart.o(i.comm_vofa_send3_async)
    fmaxf                                    0x080053c1   Thumb Code    40  fmaxf.o(i.fmaxf)
    fminf                                    0x080053e9   Thumb Code    40  fminf.o(i.fminf)
    main                                     0x080055f9   Thumb Code    70  main.o(i.main)
    sqrtf                                    0x08005649   Thumb Code    44  sqrtf.o(i.sqrtf)
    _get_lc_numeric                          0x08005675   Thumb Code    44  lc_numeric_c.o(locale$$code)
    __fpl_dretinf                            0x080056a1   Thumb Code    12  dretinf.o(x$fpl$dretinf)
    __aeabi_f2d                              0x080056ad   Thumb Code     0  f2d.o(x$fpl$f2d)
    _f2d                                     0x080056ad   Thumb Code    86  f2d.o(x$fpl$f2d)
    __aeabi_fadd                             0x08005705   Thumb Code     0  faddsub_clz.o(x$fpl$fadd)
    _fadd                                    0x08005705   Thumb Code   196  faddsub_clz.o(x$fpl$fadd)
    __fpl_fcheck_NaN1                        0x080057c9   Thumb Code     6  fcheck1.o(x$fpl$fcheck1)
    __fcmp4                                  0x080057d5   Thumb Code    82  fcmp4.o(x$fpl$fcmp4)
    __ARM_fcmp4                              0x08005827   Thumb Code     0  fcmp4.o(x$fpl$fcmp4)
    _fcmp4                                   0x08005827   Thumb Code    60  fcmp4.o(x$fpl$fcmp4)
    __fpl_fcmp_Inf                           0x08005863   Thumb Code    24  fcmpi.o(x$fpl$fcmpinf)
    __aeabi_fdiv                             0x0800587d   Thumb Code     0  fdiv.o(x$fpl$fdiv)
    _fdiv                                    0x0800587d   Thumb Code   384  fdiv.o(x$fpl$fdiv)
    __aeabi_cfcmpeq                          0x08005a01   Thumb Code     0  feqf.o(x$fpl$feqf)
    _fcmpeq                                  0x08005a01   Thumb Code   104  feqf.o(x$fpl$feqf)
    __aeabi_f2uiz                            0x08005a69   Thumb Code     0  ffixu.o(x$fpl$ffixu)
    _ffixu                                   0x08005a69   Thumb Code    62  ffixu.o(x$fpl$ffixu)
    __aeabi_i2f                              0x08005aa9   Thumb Code     0  fflt_clz.o(x$fpl$fflt)
    _fflt                                    0x08005aa9   Thumb Code    48  fflt_clz.o(x$fpl$fflt)
    __aeabi_ui2f                             0x08005ad9   Thumb Code     0  fflt_clz.o(x$fpl$ffltu)
    _ffltu                                   0x08005ad9   Thumb Code    38  fflt_clz.o(x$fpl$ffltu)
    __aeabi_cfcmple                          0x08005b01   Thumb Code     0  fleqf.o(x$fpl$fleqf)
    _fcmple                                  0x08005b01   Thumb Code   104  fleqf.o(x$fpl$fleqf)
    __fpl_fcmple_InfNaN                      0x08005b53   Thumb Code     0  fleqf.o(x$fpl$fleqf)
    __aeabi_fmul                             0x08005b69   Thumb Code     0  fmul.o(x$fpl$fmul)
    _fmul                                    0x08005b69   Thumb Code   258  fmul.o(x$fpl$fmul)
    __fpl_fnaninf                            0x08005c6b   Thumb Code   140  fnaninf.o(x$fpl$fnaninf)
    __fpl_fretinf                            0x08005cf7   Thumb Code    10  fretinf.o(x$fpl$fretinf)
    __aeabi_cfrcmple                         0x08005d01   Thumb Code     0  frleqf.o(x$fpl$frleqf)
    _frcmple                                 0x08005d01   Thumb Code    98  frleqf.o(x$fpl$frleqf)
    __aeabi_frsub                            0x08005d63   Thumb Code     0  faddsub_clz.o(x$fpl$frsb)
    _frsb                                    0x08005d63   Thumb Code    20  faddsub_clz.o(x$fpl$frsb)
    _fsqrt                                   0x08005d79   Thumb Code   272  fsqrt.o(x$fpl$fsqrt)
    __aeabi_fsub                             0x08005e89   Thumb Code     0  faddsub_clz.o(x$fpl$fsub)
    _fsub                                    0x08005e89   Thumb Code   234  faddsub_clz.o(x$fpl$fsub)
    _printf_fp_dec                           0x08005f73   Thumb Code     4  printf1.o(x$fpl$printf1)
    __fpl_return_NaN                         0x08005f77   Thumb Code   100  retnan.o(x$fpl$retnan)
    __ARM_scalbnf                            0x08005fdb   Thumb Code    76  scalbnf.o(x$fpl$scalbnf)
    __fpl_cmpreturn                          0x08006027   Thumb Code    48  trapv.o(x$fpl$trapveneer)
    __I$use$fp                               0x08006056   Number         0  usenofp.o(x$fpl$usenofp)
    AHBPrescTable                            0x0800607a   Data          16  system_stm32f1xx.o(.constdata)
    APBPrescTable                            0x0800608a   Data           8  system_stm32f1xx.o(.constdata)
    hSin_Cos_Table                           0x0800610c   Data         512  foc_math.o(.constdata)
    foc_hal                                  0x0800630c   Data          28  user_foc_hal.o(.constdata)
    Region$$Table$$Base                      0x080063cc   Number         0  anon$$obj.o(Region$$Table)
    Region$$Table$$Limit                     0x080063ec   Number         0  anon$$obj.o(Region$$Table)
    uwTickFreq                               0x20000000   Data           1  stm32f1xx_hal.o(.data)
    uwTickPrio                               0x20000004   Data           4  stm32f1xx_hal.o(.data)
    uwTick                                   0x20000008   Data           4  stm32f1xx_hal.o(.data)
    SystemCoreClock                          0x2000000c   Data           4  system_stm32f1xx.o(.data)
    magnet_state                             0x20000014   Data           1  app_motor.o(.data)
    as5600_status                            0x20000015   Data           1  app_motor.o(.data)
    as5600_agc                               0x20000016   Data           1  app_motor.o(.data)
    as5600_magnitude                         0x2000001a   Data           2  app_motor.o(.data)
    angle                                    0x20000020   Data           4  app_motor.o(.data)
    speed                                    0x20000024   Data           4  app_motor.o(.data)
    hadc1                                    0x2000002c   Data          48  adc.o(.bss)
    hcan                                     0x2000005c   Data          40  can.o(.bss)
    hi2c1                                    0x20000084   Data          84  i2c.o(.bss)
    htim2                                    0x200000d8   Data          72  tim.o(.bss)
    huart1                                   0x20000120   Data          72  usart.o(.bss)
    hdma_usart1_tx                           0x20000168   Data          68  usart.o(.bss)
    __libspace_start                         0x2000075c   Data          96  libspace.o(.bss)
    __temporary_stack_top$libspace           0x200007bc   Data           0  libspace.o(.bss)



==============================================================================

Memory Map of the image

  Image Entry point : 0x080000ed

  Load Region LR_IROM1 (Base: 0x08000000, Size: 0x00006434, Max: 0x00010000, ABSOLUTE)

    Execution Region ER_IROM1 (Exec base: 0x08000000, Load base: 0x08000000, Size: 0x00006408, Max: 0x00010000, ABSOLUTE)

    Exec Addr    Load Addr    Size         Type   Attr      Idx    E Section Name        Object

    0x08000000   0x08000000   0x000000ec   Data   RO            3    RESET               startup_stm32f103xb.o
    0x080000ec   0x080000ec   0x00000008   Code   RO         4738  * !!!main             c_w.l(__main.o)
    0x080000f4   0x080000f4   0x00000034   Code   RO         5072    !!!scatter          c_w.l(__scatter.o)
    0x08000128   0x08000128   0x0000001a   Code   RO         5074    !!handler_copy      c_w.l(__scatter_copy.o)
    0x08000142   0x08000142   0x00000002   PAD
    0x08000144   0x08000144   0x0000001c   Code   RO         5076    !!handler_zi        c_w.l(__scatter_zi.o)
    0x08000160   0x08000160   0x00000000   Code   RO         4729    .ARM.Collect$$_printf_percent$$00000000  c_w.l(_printf_percent.o)
    0x08000160   0x08000160   0x00000006   Code   RO         4728    .ARM.Collect$$_printf_percent$$00000003  c_w.l(_printf_f.o)
    0x08000166   0x08000166   0x00000004   Code   RO         4821    .ARM.Collect$$_printf_percent$$00000017  c_w.l(_printf_percent_end.o)
    0x0800016a   0x0800016a   0x00000002   Code   RO         4943    .ARM.Collect$$libinit$$00000000  c_w.l(libinit.o)
    0x0800016c   0x0800016c   0x00000000   Code   RO         4945    .ARM.Collect$$libinit$$00000002  c_w.l(libinit2.o)
    0x0800016c   0x0800016c   0x00000000   Code   RO         4947    .ARM.Collect$$libinit$$00000004  c_w.l(libinit2.o)
    0x0800016c   0x0800016c   0x00000000   Code   RO         4950    .ARM.Collect$$libinit$$0000000A  c_w.l(libinit2.o)
    0x0800016c   0x0800016c   0x00000000   Code   RO         4952    .ARM.Collect$$libinit$$0000000C  c_w.l(libinit2.o)
    0x0800016c   0x0800016c   0x00000000   Code   RO         4954    .ARM.Collect$$libinit$$0000000E  c_w.l(libinit2.o)
    0x0800016c   0x0800016c   0x00000006   Code   RO         4955    .ARM.Collect$$libinit$$0000000F  c_w.l(libinit2.o)
    0x08000172   0x08000172   0x00000000   Code   RO         4957    .ARM.Collect$$libinit$$00000011  c_w.l(libinit2.o)
    0x08000172   0x08000172   0x00000000   Code   RO         4959    .ARM.Collect$$libinit$$00000013  c_w.l(libinit2.o)
    0x08000172   0x08000172   0x00000000   Code   RO         4961    .ARM.Collect$$libinit$$00000015  c_w.l(libinit2.o)
    0x08000172   0x08000172   0x0000000a   Code   RO         4962    .ARM.Collect$$libinit$$00000016  c_w.l(libinit2.o)
    0x0800017c   0x0800017c   0x00000000   Code   RO         4963    .ARM.Collect$$libinit$$00000017  c_w.l(libinit2.o)
    0x0800017c   0x0800017c   0x00000000   Code   RO         4965    .ARM.Collect$$libinit$$00000019  c_w.l(libinit2.o)
    0x0800017c   0x0800017c   0x00000000   Code   RO         4967    .ARM.Collect$$libinit$$0000001B  c_w.l(libinit2.o)
    0x0800017c   0x0800017c   0x00000000   Code   RO         4969    .ARM.Collect$$libinit$$0000001D  c_w.l(libinit2.o)
    0x0800017c   0x0800017c   0x00000000   Code   RO         4971    .ARM.Collect$$libinit$$0000001F  c_w.l(libinit2.o)
    0x0800017c   0x0800017c   0x00000000   Code   RO         4973    .ARM.Collect$$libinit$$00000021  c_w.l(libinit2.o)
    0x0800017c   0x0800017c   0x00000000   Code   RO         4975    .ARM.Collect$$libinit$$00000023  c_w.l(libinit2.o)
    0x0800017c   0x0800017c   0x00000000   Code   RO         4977    .ARM.Collect$$libinit$$00000025  c_w.l(libinit2.o)
    0x0800017c   0x0800017c   0x00000000   Code   RO         4981    .ARM.Collect$$libinit$$0000002C  c_w.l(libinit2.o)
    0x0800017c   0x0800017c   0x00000000   Code   RO         4983    .ARM.Collect$$libinit$$0000002E  c_w.l(libinit2.o)
    0x0800017c   0x0800017c   0x00000000   Code   RO         4985    .ARM.Collect$$libinit$$00000030  c_w.l(libinit2.o)
    0x0800017c   0x0800017c   0x00000000   Code   RO         4987    .ARM.Collect$$libinit$$00000032  c_w.l(libinit2.o)
    0x0800017c   0x0800017c   0x00000002   Code   RO         4988    .ARM.Collect$$libinit$$00000033  c_w.l(libinit2.o)
    0x0800017e   0x0800017e   0x00000002   Code   RO         5020    .ARM.Collect$$libshutdown$$00000000  c_w.l(libshutdown.o)
    0x08000180   0x08000180   0x00000000   Code   RO         5031    .ARM.Collect$$libshutdown$$00000002  c_w.l(libshutdown2.o)
    0x08000180   0x08000180   0x00000000   Code   RO         5033    .ARM.Collect$$libshutdown$$00000004  c_w.l(libshutdown2.o)
    0x08000180   0x08000180   0x00000000   Code   RO         5036    .ARM.Collect$$libshutdown$$00000007  c_w.l(libshutdown2.o)
    0x08000180   0x08000180   0x00000000   Code   RO         5039    .ARM.Collect$$libshutdown$$0000000A  c_w.l(libshutdown2.o)
    0x08000180   0x08000180   0x00000000   Code   RO         5041    .ARM.Collect$$libshutdown$$0000000C  c_w.l(libshutdown2.o)
    0x08000180   0x08000180   0x00000000   Code   RO         5044    .ARM.Collect$$libshutdown$$0000000F  c_w.l(libshutdown2.o)
    0x08000180   0x08000180   0x00000002   Code   RO         5045    .ARM.Collect$$libshutdown$$00000010  c_w.l(libshutdown2.o)
    0x08000182   0x08000182   0x00000000   Code   RO         4810    .ARM.Collect$$rtentry$$00000000  c_w.l(__rtentry.o)
    0x08000182   0x08000182   0x00000000   Code   RO         4865    .ARM.Collect$$rtentry$$00000002  c_w.l(__rtentry2.o)
    0x08000182   0x08000182   0x00000006   Code   RO         4877    .ARM.Collect$$rtentry$$00000004  c_w.l(__rtentry4.o)
    0x08000188   0x08000188   0x00000000   Code   RO         4867    .ARM.Collect$$rtentry$$00000009  c_w.l(__rtentry2.o)
    0x08000188   0x08000188   0x00000004   Code   RO         4868    .ARM.Collect$$rtentry$$0000000A  c_w.l(__rtentry2.o)
    0x0800018c   0x0800018c   0x00000000   Code   RO         4870    .ARM.Collect$$rtentry$$0000000C  c_w.l(__rtentry2.o)
    0x0800018c   0x0800018c   0x00000008   Code   RO         4871    .ARM.Collect$$rtentry$$0000000D  c_w.l(__rtentry2.o)
    0x08000194   0x08000194   0x00000002   Code   RO         4991    .ARM.Collect$$rtexit$$00000000  c_w.l(rtexit.o)
    0x08000196   0x08000196   0x00000000   Code   RO         4998    .ARM.Collect$$rtexit$$00000002  c_w.l(rtexit2.o)
    0x08000196   0x08000196   0x00000004   Code   RO         4999    .ARM.Collect$$rtexit$$00000003  c_w.l(rtexit2.o)
    0x0800019a   0x0800019a   0x00000006   Code   RO         5000    .ARM.Collect$$rtexit$$00000004  c_w.l(rtexit2.o)
    0x080001a0   0x080001a0   0x00000040   Code   RO            4    .text               startup_stm32f103xb.o
    0x080001e0   0x080001e0   0x00000038   Code   RO         4700    .text               c_w.l(__2snprintf.o)
    0x08000218   0x08000218   0x0000010e   Code   RO         4716    .text               c_w.l(__printf_wp.o)
    0x08000326   0x08000326   0x0000008a   Code   RO         4730    .text               c_w.l(rt_memcpy_v6.o)
    0x080003b0   0x080003b0   0x00000064   Code   RO         4732    .text               c_w.l(rt_memcpy_w.o)
    0x08000414   0x08000414   0x0000004e   Code   RO         4734    .text               c_w.l(rt_memclr_w.o)
    0x08000462   0x08000462   0x00000006   Code   RO         4736    .text               c_w.l(heapauxi.o)
    0x08000468   0x08000468   0x00000016   Code   RO         4811    .text               c_w.l(_rserrno.o)
    0x0800047e   0x0800047e   0x0000041e   Code   RO         4813    .text               c_w.l(_printf_fp_dec.o)
    0x0800089c   0x0800089c   0x00000030   Code   RO         4815    .text               c_w.l(_printf_char_common.o)
    0x080008cc   0x080008cc   0x0000000a   Code   RO         4817    .text               c_w.l(_sputc.o)
    0x080008d6   0x080008d6   0x00000010   Code   RO         4819    .text               c_w.l(_snputc.o)
    0x080008e6   0x080008e6   0x00000002   PAD
    0x080008e8   0x080008e8   0x00000008   Code   RO         4882    .text               c_w.l(rt_locale_intlibspace.o)
    0x080008f0   0x080008f0   0x00000008   Code   RO         4887    .text               c_w.l(rt_errno_addr_intlibspace.o)
    0x080008f8   0x080008f8   0x0000008a   Code   RO         4889    .text               c_w.l(lludiv10.o)
    0x08000982   0x08000982   0x00000002   PAD
    0x08000984   0x08000984   0x00000080   Code   RO         4891    .text               c_w.l(_printf_fp_infnan.o)
    0x08000a04   0x08000a04   0x000000e4   Code   RO         4895    .text               c_w.l(bigflt0.o)
    0x08000ae8   0x08000ae8   0x00000008   Code   RO         4929    .text               c_w.l(libspace.o)
    0x08000af0   0x08000af0   0x0000004a   Code   RO         4932    .text               c_w.l(sys_stackheap_outer.o)
    0x08000b3a   0x08000b3a   0x00000012   Code   RO         4934    .text               c_w.l(exit.o)
    0x08000b4c   0x08000b4c   0x00000080   Code   RO         4936    .text               c_w.l(strcmpv7m.o)
    0x08000bcc   0x08000bcc   0x0000000c   Code   RO         5010    .text               c_w.l(sys_exit.o)
    0x08000bd8   0x08000bd8   0x00000002   Code   RO         5021    .text               c_w.l(use_no_semi.o)
    0x08000bda   0x08000bda   0x00000000   Code   RO         5023    .text               c_w.l(indicate_semi.o)
    0x08000bda   0x08000bda   0x0000003e   Code   RO         4898    CL$$btod_d2e        c_w.l(btod.o)
    0x08000c18   0x08000c18   0x00000046   Code   RO         4900    CL$$btod_d2e_denorm_low  c_w.l(btod.o)
    0x08000c5e   0x08000c5e   0x00000060   Code   RO         4899    CL$$btod_d2e_norm_op1  c_w.l(btod.o)
    0x08000cbe   0x08000cbe   0x00000338   Code   RO         4908    CL$$btod_div_common  c_w.l(btod.o)
    0x08000ff6   0x08000ff6   0x000000dc   Code   RO         4905    CL$$btod_e2e        c_w.l(btod.o)
    0x080010d2   0x080010d2   0x0000002a   Code   RO         4902    CL$$btod_ediv       c_w.l(btod.o)
    0x080010fc   0x080010fc   0x0000002a   Code   RO         4901    CL$$btod_emul       c_w.l(btod.o)
    0x08001126   0x08001126   0x00000244   Code   RO         4907    CL$$btod_mult_common  c_w.l(btod.o)
    0x0800136a   0x0800136a   0x00000002   PAD
    0x0800136c   0x0800136c   0x0000000c   Code   RO          481    i.ADC1_2_IRQHandler  stm32f1xx_it.o
    0x08001378   0x08001378   0x00000056   Code   RO          635    i.ADC_ConversionStop_Disable  stm32f1xx_hal_adc.o
    0x080013ce   0x080013ce   0x00000002   PAD
    0x080013d0   0x080013d0   0x0000007c   Code   RO          639    i.ADC_Enable        stm32f1xx_hal_adc.o
    0x0800144c   0x0800144c   0x00000018   Code   RO         4267    i.AS5600_RawToRad   as5600.o
    0x08001464   0x08001464   0x0000002c   Code   RO         4268    i.AS5600_Read12     as5600.o
    0x08001490   0x08001490   0x0000000a   Code   RO         4269    i.AS5600_ReadAGC    as5600.o
    0x0800149a   0x0800149a   0x00000008   Code   RO         4270    i.AS5600_ReadAngle  as5600.o
    0x080014a2   0x080014a2   0x0000005c   Code   RO         4271    i.AS5600_ReadData   as5600.o
    0x080014fe   0x080014fe   0x00000008   Code   RO         4273    i.AS5600_ReadMagnitude  as5600.o
    0x08001506   0x08001506   0x00000008   Code   RO         4274    i.AS5600_ReadRawAngle  as5600.o
    0x0800150e   0x0800150e   0x00000014   Code   RO         4275    i.AS5600_ReadReg    as5600.o
    0x08001522   0x08001522   0x00000024   Code   RO         4276    i.AS5600_ReadStatus  as5600.o
    0x08001546   0x08001546   0x00000002   Code   RO          482    i.BusFault_Handler  stm32f1xx_it.o
    0x08001548   0x08001548   0x0000000c   Code   RO          483    i.DMA1_Channel4_IRQHandler  stm32f1xx_it.o
    0x08001554   0x08001554   0x0000002a   Code   RO         1291    i.DMA_SetConfig     stm32f1xx_hal_dma.o
    0x0800157e   0x0800157e   0x00000002   Code   RO          484    i.DebugMon_Handler  stm32f1xx_it.o
    0x08001580   0x08001580   0x00000004   Code   RO           13    i.Error_Handler     main.o
    0x08001584   0x08001584   0x00000034   Code   RO         4511    i.FOC_Clark_Transform  foc_math.o
    0x080015b8   0x080015b8   0x0000006a   Code   RO         4512    i.FOC_InvPark_Transform  foc_math.o
    0x08001622   0x08001622   0x00000050   Code   RO         4513    i.FOC_Motor_Cali_Offset  foc_math.o
    0x08001672   0x08001672   0x000000b6   Code   RO         4514    i.FOC_PI_Regulator  foc_math.o
    0x08001728   0x08001728   0x0000006a   Code   RO         4515    i.FOC_Park_Transform  foc_math.o
    0x08001792   0x08001792   0x00000002   PAD
    0x08001794   0x08001794   0x00000204   Code   RO         4516    i.FOC_SVPWM_Generate  foc_math.o
    0x08001998   0x08001998   0x00000070   Code   RO         4517    i.FOC_Trig_Functions  foc_math.o
    0x08001a08   0x08001a08   0x0000002c   Code   RO         4518    i.FOC_Updata_Trig   foc_math.o
    0x08001a34   0x08001a34   0x00000028   Code   RO         4520    i.FOC_fmod          foc_math.o
    0x08001a5c   0x08001a5c   0x000000dc   Code   RO         4391    i.Foc_Align_Loop    foc.o
    0x08001b38   0x08001b38   0x000003dc   Code   RO         4392    i.Foc_Close_Loop    foc.o
    0x08001f14   0x08001f14   0x00000010   Code   RO         4394    i.Foc_GetStruct     foc.o
    0x08001f24   0x08001f24   0x00000040   Code   RO         4396    i.Foc_Init          foc.o
    0x08001f64   0x08001f64   0x000001e8   Code   RO         4397    i.Foc_Loop          foc.o
    0x0800214c   0x0800214c   0x00000118   Code   RO         4398    i.Foc_Open_Loop     foc.o
    0x08002264   0x08002264   0x00000104   Code   RO         4399    i.Foc_ParamInit     foc.o
    0x08002368   0x08002368   0x00000054   Code   RO         4403    i.Foc_Set_Speed     foc.o
    0x080023bc   0x080023bc   0x000000d8   Code   RO          815    i.HAL_ADCEx_Calibration_Start  stm32f1xx_hal_adc_ex.o
    0x08002494   0x08002494   0x000001dc   Code   RO          816    i.HAL_ADCEx_InjectedConfigChannel  stm32f1xx_hal_adc_ex.o
    0x08002670   0x08002670   0x00000060   Code   RO         4001    i.HAL_ADCEx_InjectedConvCpltCallback  app_motor.o
    0x080026d0   0x080026d0   0x0000001e   Code   RO          818    i.HAL_ADCEx_InjectedGetValue  stm32f1xx_hal_adc_ex.o
    0x080026ee   0x080026ee   0x00000002   PAD
    0x080026f0   0x080026f0   0x000000b4   Code   RO          821    i.HAL_ADCEx_InjectedStart_IT  stm32f1xx_hal_adc_ex.o
    0x080027a4   0x080027a4   0x00000002   Code   RO          642    i.HAL_ADC_ConvCpltCallback  stm32f1xx_hal_adc.o
    0x080027a6   0x080027a6   0x000000dc   Code   RO          649    i.HAL_ADC_IRQHandler  stm32f1xx_hal_adc.o
    0x08002882   0x08002882   0x00000002   PAD
    0x08002884   0x08002884   0x0000011c   Code   RO          650    i.HAL_ADC_Init      stm32f1xx_hal_adc.o
    0x080029a0   0x080029a0   0x00000002   Code   RO          651    i.HAL_ADC_LevelOutOfWindowCallback  stm32f1xx_hal_adc.o
    0x080029a2   0x080029a2   0x00000002   PAD
    0x080029a4   0x080029a4   0x00000068   Code   RO          242    i.HAL_ADC_MspInit   adc.o
    0x08002a0c   0x08002a0c   0x0000011a   Code   RO         1902    i.HAL_CAN_Init      stm32f1xx_hal_can.o
    0x08002b26   0x08002b26   0x00000002   PAD
    0x08002b28   0x08002b28   0x0000006c   Code   RO          284    i.HAL_CAN_MspInit   can.o
    0x08002b94   0x08002b94   0x00000046   Code   RO         1292    i.HAL_DMA_Abort     stm32f1xx_hal_dma.o
    0x08002bda   0x08002bda   0x00000002   PAD
    0x08002bdc   0x08002bdc   0x00000098   Code   RO         1293    i.HAL_DMA_Abort_IT  stm32f1xx_hal_dma.o
    0x08002c74   0x08002c74   0x00000154   Code   RO         1297    i.HAL_DMA_IRQHandler  stm32f1xx_hal_dma.o
    0x08002dc8   0x08002dc8   0x0000005c   Code   RO         1298    i.HAL_DMA_Init      stm32f1xx_hal_dma.o
    0x08002e24   0x08002e24   0x00000070   Code   RO         1302    i.HAL_DMA_Start_IT  stm32f1xx_hal_dma.o
    0x08002e94   0x08002e94   0x00000024   Code   RO          918    i.HAL_Delay         stm32f1xx_hal.o
    0x08002eb8   0x08002eb8   0x000001e0   Code   RO         1228    i.HAL_GPIO_Init     stm32f1xx_hal_gpio.o
    0x08003098   0x08003098   0x00000010   Code   RO         1231    i.HAL_GPIO_TogglePin  stm32f1xx_hal_gpio.o
    0x080030a8   0x080030a8   0x0000000a   Code   RO         1232    i.HAL_GPIO_WritePin  stm32f1xx_hal_gpio.o
    0x080030b2   0x080030b2   0x00000002   PAD
    0x080030b4   0x080030b4   0x0000000c   Code   RO          922    i.HAL_GetTick       stm32f1xx_hal.o
    0x080030c0   0x080030c0   0x00000188   Code   RO         2133    i.HAL_I2C_Init      stm32f1xx_hal_i2c.o
    0x08003248   0x08003248   0x0000025c   Code   RO         2151    i.HAL_I2C_Mem_Read  stm32f1xx_hal_i2c.o
    0x080034a4   0x080034a4   0x0000005c   Code   RO          350    i.HAL_I2C_MspInit   i2c.o
    0x08003500   0x08003500   0x00000010   Code   RO          928    i.HAL_IncTick       stm32f1xx_hal.o
    0x08003510   0x08003510   0x00000024   Code   RO          929    i.HAL_Init          stm32f1xx_hal.o
    0x08003534   0x08003534   0x00000040   Code   RO          930    i.HAL_InitTick      stm32f1xx_hal.o
    0x08003574   0x08003574   0x0000003c   Code   RO          575    i.HAL_MspInit       stm32f1xx_hal_msp.o
    0x080035b0   0x080035b0   0x0000001a   Code   RO         1388    i.HAL_NVIC_EnableIRQ  stm32f1xx_hal_cortex.o
    0x080035ca   0x080035ca   0x00000002   PAD
    0x080035cc   0x080035cc   0x00000040   Code   RO         1394    i.HAL_NVIC_SetPriority  stm32f1xx_hal_cortex.o
    0x0800360c   0x0800360c   0x00000024   Code   RO         1395    i.HAL_NVIC_SetPriorityGrouping  stm32f1xx_hal_cortex.o
    0x08003630   0x08003630   0x000000a4   Code   RO         1189    i.HAL_RCCEx_GetPeriphCLKFreq  stm32f1xx_hal_rcc_ex.o
    0x080036d4   0x080036d4   0x000000ec   Code   RO         1190    i.HAL_RCCEx_PeriphCLKConfig  stm32f1xx_hal_rcc_ex.o
    0x080037c0   0x080037c0   0x0000012c   Code   RO         1086    i.HAL_RCC_ClockConfig  stm32f1xx_hal_rcc.o
    0x080038ec   0x080038ec   0x00000020   Code   RO         1093    i.HAL_RCC_GetPCLK1Freq  stm32f1xx_hal_rcc.o
    0x0800390c   0x0800390c   0x00000020   Code   RO         1094    i.HAL_RCC_GetPCLK2Freq  stm32f1xx_hal_rcc.o
    0x0800392c   0x0800392c   0x0000004c   Code   RO         1095    i.HAL_RCC_GetSysClockFreq  stm32f1xx_hal_rcc.o
    0x08003978   0x08003978   0x00000320   Code   RO         1098    i.HAL_RCC_OscConfig  stm32f1xx_hal_rcc.o
    0x08003c98   0x08003c98   0x00000028   Code   RO         1399    i.HAL_SYSTICK_Config  stm32f1xx_hal_cortex.o
    0x08003cc0   0x08003cc0   0x00000068   Code   RO         3284    i.HAL_TIMEx_MasterConfigSynchronization  stm32f1xx_hal_tim_ex.o
    0x08003d28   0x08003d28   0x0000005a   Code   RO         2561    i.HAL_TIM_Base_Init  stm32f1xx_hal_tim.o
    0x08003d82   0x08003d82   0x00000002   PAD
    0x08003d84   0x08003d84   0x00000024   Code   RO          392    i.HAL_TIM_Base_MspInit  tim.o
    0x08003da8   0x08003da8   0x00000050   Code   RO         2564    i.HAL_TIM_Base_Start  stm32f1xx_hal_tim.o
    0x08003df8   0x08003df8   0x000000dc   Code   RO         2570    i.HAL_TIM_ConfigClockSource  stm32f1xx_hal_tim.o
    0x08003ed4   0x08003ed4   0x00000048   Code   RO          393    i.HAL_TIM_MspPostInit  tim.o
    0x08003f1c   0x08003f1c   0x000000cc   Code   RO         2633    i.HAL_TIM_PWM_ConfigChannel  stm32f1xx_hal_tim.o
    0x08003fe8   0x08003fe8   0x0000005a   Code   RO         2636    i.HAL_TIM_PWM_Init  stm32f1xx_hal_tim.o
    0x08004042   0x08004042   0x00000002   Code   RO         2638    i.HAL_TIM_PWM_MspInit  stm32f1xx_hal_tim.o
    0x08004044   0x08004044   0x0000009c   Code   RO         2641    i.HAL_TIM_PWM_Start  stm32f1xx_hal_tim.o
    0x080040e0   0x080040e0   0x00000070   Code   RO         2644    i.HAL_TIM_PWM_Stop  stm32f1xx_hal_tim.o
    0x08004150   0x08004150   0x00000002   Code   RO         3544    i.HAL_UARTEx_RxEventCallback  stm32f1xx_hal_uart.o
    0x08004152   0x08004152   0x00000002   Code   RO         3558    i.HAL_UART_ErrorCallback  stm32f1xx_hal_uart.o
    0x08004154   0x08004154   0x0000026c   Code   RO         3561    i.HAL_UART_IRQHandler  stm32f1xx_hal_uart.o
    0x080043c0   0x080043c0   0x00000064   Code   RO         3562    i.HAL_UART_Init     stm32f1xx_hal_uart.o
    0x08004424   0x08004424   0x000000b0   Code   RO          440    i.HAL_UART_MspInit  usart.o
    0x080044d4   0x080044d4   0x00000002   Code   RO         3568    i.HAL_UART_RxCpltCallback  stm32f1xx_hal_uart.o
    0x080044d6   0x080044d6   0x00000002   PAD
    0x080044d8   0x080044d8   0x00000078   Code   RO         3571    i.HAL_UART_Transmit_DMA  stm32f1xx_hal_uart.o
    0x08004550   0x08004550   0x00000004   Code   RO         4157    i.HAL_UART_TxCpltCallback  bsp_usart.o
    0x08004554   0x08004554   0x00000002   Code   RO         3574    i.HAL_UART_TxHalfCpltCallback  stm32f1xx_hal_uart.o
    0x08004556   0x08004556   0x00000002   Code   RO          485    i.HardFault_Handler  stm32f1xx_it.o
    0x08004558   0x08004558   0x0000002e   Code   RO         2176    i.I2C_IsAcknowledgeFailed  stm32f1xx_hal_i2c.o
    0x08004586   0x08004586   0x00000002   PAD
    0x08004588   0x08004588   0x000000fc   Code   RO         2186    i.I2C_RequestMemoryRead  stm32f1xx_hal_i2c.o
    0x08004684   0x08004684   0x00000090   Code   RO         2192    i.I2C_WaitOnFlagUntilTimeout  stm32f1xx_hal_i2c.o
    0x08004714   0x08004714   0x000000bc   Code   RO         2193    i.I2C_WaitOnMasterAddressFlagUntilTimeout  stm32f1xx_hal_i2c.o
    0x080047d0   0x080047d0   0x00000070   Code   RO         2194    i.I2C_WaitOnRXNEFlagUntilTimeout  stm32f1xx_hal_i2c.o
    0x08004840   0x08004840   0x00000056   Code   RO         2195    i.I2C_WaitOnTXEFlagUntilTimeout  stm32f1xx_hal_i2c.o
    0x08004896   0x08004896   0x00000002   PAD
    0x08004898   0x08004898   0x0000007c   Code   RO          243    i.MX_ADC1_Init      adc.o
    0x08004914   0x08004914   0x0000003c   Code   RO          285    i.MX_CAN_Init       can.o
    0x08004950   0x08004950   0x0000002c   Code   RO          325    i.MX_DMA_Init       dma.o
    0x0800497c   0x0800497c   0x00000098   Code   RO          217    i.MX_GPIO_Init      gpio.o
    0x08004a14   0x08004a14   0x00000040   Code   RO          351    i.MX_I2C1_Init      i2c.o
    0x08004a54   0x08004a54   0x000000d4   Code   RO          394    i.MX_TIM2_Init      tim.o
    0x08004b28   0x08004b28   0x00000038   Code   RO          441    i.MX_USART1_UART_Init  usart.o
    0x08004b60   0x08004b60   0x00000002   Code   RO          486    i.MemManage_Handler  stm32f1xx_it.o
    0x08004b62   0x08004b62   0x00000002   Code   RO          487    i.NMI_Handler       stm32f1xx_it.o
    0x08004b64   0x08004b64   0x00000002   Code   RO          488    i.PendSV_Handler    stm32f1xx_it.o
    0x08004b66   0x08004b66   0x00000002   Code   RO          489    i.SVC_Handler       stm32f1xx_it.o
    0x08004b68   0x08004b68   0x00000004   Code   RO          490    i.SysTick_Handler   stm32f1xx_it.o
    0x08004b6c   0x08004b6c   0x00000078   Code   RO           14    i.SystemClock_Config  main.o
    0x08004be4   0x08004be4   0x00000002   Code   RO         3896    i.SystemInit        system_stm32f1xx.o
    0x08004be6   0x08004be6   0x00000002   PAD
    0x08004be8   0x08004be8   0x00000078   Code   RO         2654    i.TIM_Base_SetConfig  stm32f1xx_hal_tim.o
    0x08004c60   0x08004c60   0x0000001a   Code   RO         2655    i.TIM_CCxChannelCmd  stm32f1xx_hal_tim.o
    0x08004c7a   0x08004c7a   0x00000014   Code   RO         2665    i.TIM_ETR_SetConfig  stm32f1xx_hal_tim.o
    0x08004c8e   0x08004c8e   0x00000010   Code   RO         2666    i.TIM_ITRx_SetConfig  stm32f1xx_hal_tim.o
    0x08004c9e   0x08004c9e   0x00000002   PAD
    0x08004ca0   0x08004ca0   0x00000050   Code   RO         2667    i.TIM_OC1_SetConfig  stm32f1xx_hal_tim.o
    0x08004cf0   0x08004cf0   0x00000058   Code   RO         2668    i.TIM_OC2_SetConfig  stm32f1xx_hal_tim.o
    0x08004d48   0x08004d48   0x00000058   Code   RO         2669    i.TIM_OC3_SetConfig  stm32f1xx_hal_tim.o
    0x08004da0   0x08004da0   0x00000044   Code   RO         2670    i.TIM_OC4_SetConfig  stm32f1xx_hal_tim.o
    0x08004de4   0x08004de4   0x00000022   Code   RO         2672    i.TIM_TI1_ConfigInputStage  stm32f1xx_hal_tim.o
    0x08004e06   0x08004e06   0x00000024   Code   RO         2674    i.TIM_TI2_ConfigInputStage  stm32f1xx_hal_tim.o
    0x08004e2a   0x08004e2a   0x00000010   Code   RO         3575    i.UART_DMAAbortOnError  stm32f1xx_hal_uart.o
    0x08004e3a   0x08004e3a   0x0000004a   Code   RO         3576    i.UART_DMAError     stm32f1xx_hal_uart.o
    0x08004e84   0x08004e84   0x00000042   Code   RO         3581    i.UART_DMATransmitCplt  stm32f1xx_hal_uart.o
    0x08004ec6   0x08004ec6   0x0000000a   Code   RO         3583    i.UART_DMATxHalfCplt  stm32f1xx_hal_uart.o
    0x08004ed0   0x08004ed0   0x0000004e   Code   RO         3585    i.UART_EndRxTransfer  stm32f1xx_hal_uart.o
    0x08004f1e   0x08004f1e   0x0000001c   Code   RO         3586    i.UART_EndTxTransfer  stm32f1xx_hal_uart.o
    0x08004f3a   0x08004f3a   0x000000c2   Code   RO         3587    i.UART_Receive_IT   stm32f1xx_hal_uart.o
    0x08004ffc   0x08004ffc   0x000000b8   Code   RO         3588    i.UART_SetConfig    stm32f1xx_hal_uart.o
    0x080050b4   0x080050b4   0x0000000c   Code   RO          491    i.USART1_IRQHandler  stm32f1xx_it.o
    0x080050c0   0x080050c0   0x00000002   Code   RO          492    i.UsageFault_Handler  stm32f1xx_it.o
    0x080050c2   0x080050c2   0x00000028   Code   RO         4927    i.__ARM_fpclassify  m_ws.l(fpclassify.o)
    0x080050ea   0x080050ea   0x00000020   Code   RO         1401    i.__NVIC_SetPriority  stm32f1xx_hal_cortex.o
    0x0800510a   0x0800510a   0x0000000e   Code   RO         4718    i._is_digit         c_w.l(__printf_wp.o)
    0x08005118   0x08005118   0x00000060   Code   RO         3933    i.app_debug_print   app_comm.o
    0x08005178   0x08005178   0x0000003c   Code   RO         3934    i.app_debug_sample_from_isr  app_comm.o
    0x080051b4   0x080051b4   0x00000104   Code   RO         4003    i.app_foc_mainloop  app_motor.o
    0x080052b8   0x080052b8   0x00000020   Code   RO         4214    i.bsp_iic_mem_read  bsp_iic.o
    0x080052d8   0x080052d8   0x00000034   Code   RO         4160    i.bsp_usart_send_async  bsp_usart.o
    0x0800530c   0x0800530c   0x00000018   Code   RO         4161    i.bsp_usart_tx_complete  bsp_usart.o
    0x08005324   0x08005324   0x00000014   Code   RO         4162    i.bsp_usart_tx_is_idle  bsp_usart.o
    0x08005338   0x08005338   0x00000004   Code   RO         4049    i.comm_uart_tx_is_idle  comm_uart.o
    0x0800533c   0x0800533c   0x00000084   Code   RO         4053    i.comm_vofa_send3_async  comm_uart.o
    0x080053c0   0x080053c0   0x00000028   Code   RO         4806    i.fmaxf             m_ws.l(fmaxf.o)
    0x080053e8   0x080053e8   0x00000028   Code   RO         4808    i.fminf             m_ws.l(fminf.o)
    0x08005410   0x08005410   0x00000064   Code   RO         4625    i.foc_hal_adc_filter_sample  user_foc_hal.o
    0x08005474   0x08005474   0x00000040   Code   RO         4626    i.foc_hal_adc_get_value  user_foc_hal.o
    0x080054b4   0x080054b4   0x00000014   Code   RO         4627    i.foc_hal_drive_deinit  user_foc_hal.o
    0x080054c8   0x080054c8   0x00000014   Code   RO         4628    i.foc_hal_drive_init  user_foc_hal.o
    0x080054dc   0x080054dc   0x00000058   Code   RO         4629    i.foc_hal_init      user_foc_hal.o
    0x08005534   0x08005534   0x0000001a   Code   RO         4630    i.foc_hal_median3_u16  user_foc_hal.o
    0x0800554e   0x0800554e   0x00000002   PAD
    0x08005550   0x08005550   0x00000028   Code   RO         4631    i.foc_hal_pwm_disable  user_foc_hal.o
    0x08005578   0x08005578   0x0000001c   Code   RO         4632    i.foc_hal_set_duty  user_foc_hal.o
    0x08005594   0x08005594   0x00000038   Code   RO         4633    i.foc_hal_tim_start  user_foc_hal.o
    0x080055cc   0x080055cc   0x0000002c   Code   RO         4406    i.foc_wrap_angle_0_2pi  foc.o
    0x080055f8   0x080055f8   0x00000050   Code   RO           15    i.main              main.o
    0x08005648   0x08005648   0x0000002c   Code   RO         4799    i.sqrtf             m_ws.l(sqrtf.o)
    0x08005674   0x08005674   0x0000002c   Code   RO         4921    locale$$code        c_w.l(lc_numeric_c.o)
    0x080056a0   0x080056a0   0x0000000c   Code   RO         4822    x$fpl$dretinf       fz_ws.l(dretinf.o)
    0x080056ac   0x080056ac   0x00000056   Code   RO         4740    x$fpl$f2d           fz_ws.l(f2d.o)
    0x08005702   0x08005702   0x00000002   PAD
    0x08005704   0x08005704   0x000000c4   Code   RO         4742    x$fpl$fadd          fz_ws.l(faddsub_clz.o)
    0x080057c8   0x080057c8   0x0000000c   Code   RO         4824    x$fpl$fcheck1       fz_ws.l(fcheck1.o)
    0x080057d4   0x080057d4   0x0000008e   Code   RO         4826    x$fpl$fcmp4         fz_ws.l(fcmp4.o)
    0x08005862   0x08005862   0x00000018   Code   RO         4830    x$fpl$fcmpinf       fz_ws.l(fcmpi.o)
    0x0800587a   0x0800587a   0x00000002   PAD
    0x0800587c   0x0800587c   0x00000184   Code   RO         4749    x$fpl$fdiv          fz_ws.l(fdiv.o)
    0x08005a00   0x08005a00   0x00000068   Code   RO         4752    x$fpl$feqf          fz_ws.l(feqf.o)
    0x08005a68   0x08005a68   0x0000003e   Code   RO         4754    x$fpl$ffixu         fz_ws.l(ffixu.o)
    0x08005aa6   0x08005aa6   0x00000002   PAD
    0x08005aa8   0x08005aa8   0x00000030   Code   RO         4759    x$fpl$fflt          fz_ws.l(fflt_clz.o)
    0x08005ad8   0x08005ad8   0x00000026   Code   RO         4758    x$fpl$ffltu         fz_ws.l(fflt_clz.o)
    0x08005afe   0x08005afe   0x00000002   PAD
    0x08005b00   0x08005b00   0x00000068   Code   RO         4764    x$fpl$fleqf         fz_ws.l(fleqf.o)
    0x08005b68   0x08005b68   0x00000102   Code   RO         4766    x$fpl$fmul          fz_ws.l(fmul.o)
    0x08005c6a   0x08005c6a   0x0000008c   Code   RO         4836    x$fpl$fnaninf       fz_ws.l(fnaninf.o)
    0x08005cf6   0x08005cf6   0x0000000a   Code   RO         4838    x$fpl$fretinf       fz_ws.l(fretinf.o)
    0x08005d00   0x08005d00   0x00000062   Code   RO         4768    x$fpl$frleqf        fz_ws.l(frleqf.o)
    0x08005d62   0x08005d62   0x00000014   Code   RO         4743    x$fpl$frsb          fz_ws.l(faddsub_clz.o)
    0x08005d76   0x08005d76   0x00000002   PAD
    0x08005d78   0x08005d78   0x00000110   Code   RO         4842    x$fpl$fsqrt         fz_ws.l(fsqrt.o)
    0x08005e88   0x08005e88   0x000000ea   Code   RO         4744    x$fpl$fsub          fz_ws.l(faddsub_clz.o)
    0x08005f72   0x08005f72   0x00000004   Code   RO         4770    x$fpl$printf1       fz_ws.l(printf1.o)
    0x08005f76   0x08005f76   0x00000064   Code   RO         4925    x$fpl$retnan        fz_ws.l(retnan.o)
    0x08005fda   0x08005fda   0x0000004c   Code   RO         4772    x$fpl$scalbnf       fz_ws.l(scalbnf.o)
    0x08006026   0x08006026   0x00000030   Code   RO         4989    x$fpl$trapveneer    fz_ws.l(trapv.o)
    0x08006056   0x08006056   0x00000000   Code   RO         4844    x$fpl$usenofp       fz_ws.l(usenofp.o)
    0x08006056   0x08006056   0x00000012   Data   RO         1099    .constdata          stm32f1xx_hal_rcc.o
    0x08006068   0x08006068   0x00000012   Data   RO         1191    .constdata          stm32f1xx_hal_rcc_ex.o
    0x0800607a   0x0800607a   0x00000010   Data   RO         3897    .constdata          system_stm32f1xx.o
    0x0800608a   0x0800608a   0x00000008   Data   RO         3898    .constdata          system_stm32f1xx.o
    0x08006092   0x08006092   0x00000002   PAD
    0x08006094   0x08006094   0x00000078   Data   RO         4408    .constdata          foc.o
    0x0800610c   0x0800610c   0x00000200   Data   RO         4523    .constdata          foc_math.o
    0x0800630c   0x0800630c   0x0000001c   Data   RO         4635    .constdata          user_foc_hal.o
    0x08006328   0x08006328   0x0000000e   Data   RO         4636    .constdata          user_foc_hal.o
    0x08006336   0x08006336   0x00000002   PAD
    0x08006338   0x08006338   0x00000094   Data   RO         4896    .constdata          c_w.l(bigflt0.o)
    0x080063cc   0x080063cc   0x00000020   Data   RO         5070    Region$$Table       anon$$obj.o
    0x080063ec   0x080063ec   0x0000001c   Data   RO         4920    locale$$data        c_w.l(lc_numeric_c.o)


    Execution Region RW_IRAM1 (Exec base: 0x20000000, Load base: 0x08006408, Size: 0x00000dc0, Max: 0x00005000, ABSOLUTE)

    Exec Addr    Load Addr    Size         Type   Attr      Idx    E Section Name        Object

    0x20000000   0x08006408   0x0000000c   Data   RW          936    .data               stm32f1xx_hal.o
    0x2000000c   0x08006414   0x00000004   Data   RW         3899    .data               system_stm32f1xx.o
    0x20000010   0x08006418   0x00000002   Data   RW         3940    .data               app_comm.o
    0x20000012   0x0800641a   0x00000002   PAD
    0x20000014   0x0800641c   0x00000014   Data   RW         4004    .data               app_motor.o
    0x20000028   0x08006430   0x00000001   Data   RW         4056    .data               comm_uart.o
    0x20000029   0x08006431   0x00000001   Data   RW         4163    .data               bsp_usart.o
    0x2000002a   0x08006432   0x00000002   PAD
    0x2000002c        -       0x00000030   Zero   RW          244    .bss                adc.o
    0x2000005c        -       0x00000028   Zero   RW          286    .bss                can.o
    0x20000084        -       0x00000054   Zero   RW          352    .bss                i2c.o
    0x200000d8        -       0x00000048   Zero   RW          395    .bss                tim.o
    0x20000120        -       0x0000008c   Zero   RW          442    .bss                usart.o
    0x200001ac        -       0x0000000c   Zero   RW         3939    .bss                app_comm.o
    0x200001b8        -       0x00000080   Zero   RW         4055    .bss                comm_uart.o
    0x20000238        -       0x000004f8   Zero   RW         4407    .bss                foc.o
    0x20000730        -       0x0000002a   Zero   RW         4634    .bss                user_foc_hal.o
    0x2000075a   0x08006432   0x00000002   PAD
    0x2000075c        -       0x00000060   Zero   RW         4930    .bss                c_w.l(libspace.o)
    0x200007bc   0x08006432   0x00000004   PAD
    0x200007c0        -       0x00000200   Zero   RW            2    HEAP                startup_stm32f103xb.o
    0x200009c0        -       0x00000400   Zero   RW            1    STACK               startup_stm32f103xb.o


==============================================================================

Image component sizes


      Code (inc. data)   RO Data    RW Data    ZI Data      Debug   Object Name

       228         20          0          0         48       1589   adc.o
       156         18          0          2         12       2051   app_comm.o
       356         40          0         20          0       2613   app_motor.o
       250          4          0          0          0       5807   as5600.o
        32          6          0          0          0        999   bsp_iic.o
       100         26          0          1          0       2604   bsp_usart.o
       168         20          0          0         40       1519   can.o
       136         26          0          1        128       1983   comm_uart.o
        44          4          0          0          0        694   dma.o
      2444        178        120          0       1272       8124   foc.o
      1238         60        512          0          0       9182   foc_math.o
       152         14          0          0          0        867   gpio.o
       156         26          0          0         84       1505   i2c.o
       204         10          0          0          0     470578   main.o
        64         26        236          0       1536        780   startup_stm32f103xb.o
       164         28          0         12          0       5653   stm32f1xx_hal.o
       718         22          0          0          0       4772   stm32f1xx_hal_adc.o
       902         30          0          0          0       4090   stm32f1xx_hal_adc_ex.o
       282          0          0          0          0       1327   stm32f1xx_hal_can.o
       198         14          0          0          0      28755   stm32f1xx_hal_cortex.o
       808         36          0          0          0       4770   stm32f1xx_hal_dma.o
       506         34          0          0          0       3377   stm32f1xx_hal_gpio.o
      1824         40          0          0          0       9714   stm32f1xx_hal_i2c.o
        60          8          0          0          0        814   stm32f1xx_hal_msp.o
      1240         84         18          0          0       4924   stm32f1xx_hal_rcc.o
       400         28         18          0          0       2377   stm32f1xx_hal_rcc_ex.o
      1530         62          0          0          0      13116   stm32f1xx_hal_tim.o
       104         12          0          0          0       1296   stm32f1xx_hal_tim_ex.o
      1498         24          0          0          0      10620   stm32f1xx_hal_uart.o
        56         18          0          0          0       4817   stm32f1xx_it.o
         2          0         24          4          0       1023   system_stm32f1xx.o
       320         20          0          0         72       2192   tim.o
       232         28          0          0        140       1653   usart.o
       442         52         42          0         42       6450   user_foc_hal.o

    ----------------------------------------------------------------------
     17046       1018       1006         44       3376     622635   Object Totals
         0          0         32          0          0          0   (incl. Generated)
        32          0          4          4          2          0   (incl. Padding)

    ----------------------------------------------------------------------

      Code (inc. data)   RO Data    RW Data    ZI Data      Debug   Library Member Name

        56          6          0          0          0         88   __2snprintf.o
         8          0          0          0          0         68   __main.o
       284          0          0          0          0        156   __printf_wp.o
         0          0          0          0          0          0   __rtentry.o
        12          0          0          0          0          0   __rtentry2.o
         6          0          0          0          0          0   __rtentry4.o
        52          8          0          0          0          0   __scatter.o
        26          0          0          0          0          0   __scatter_copy.o
        28          0          0          0          0          0   __scatter_zi.o
        48          6          0          0          0         96   _printf_char_common.o
         6          0          0          0          0          0   _printf_f.o
      1054          0          0          0          0        216   _printf_fp_dec.o
       128         16          0          0          0         84   _printf_fp_infnan.o
         0          0          0          0          0          0   _printf_percent.o
         4          0          0          0          0          0   _printf_percent_end.o
        22          0          0          0          0        100   _rserrno.o
        16          0          0          0          0         68   _snputc.o
        10          0          0          0          0         68   _sputc.o
       228          4        148          0          0         96   bigflt0.o
      1936        128          0          0          0        672   btod.o
        18          0          0          0          0         80   exit.o
         6          0          0          0          0        152   heapauxi.o
         0          0          0          0          0          0   indicate_semi.o
        44         10         28          0          0         76   lc_numeric_c.o
         2          0          0          0          0          0   libinit.o
        18          0          0          0          0          0   libinit2.o
         2          0          0          0          0          0   libshutdown.o
         2          0          0          0          0          0   libshutdown2.o
         8          4          0          0         96         68   libspace.o
       138          0          0          0          0         80   lludiv10.o
         8          4          0          0          0         68   rt_errno_addr_intlibspace.o
         8          4          0          0          0         68   rt_locale_intlibspace.o
        78          0          0          0          0         80   rt_memclr_w.o
       138          0          0          0          0         68   rt_memcpy_v6.o
       100          0          0          0          0         80   rt_memcpy_w.o
         2          0          0          0          0          0   rtexit.o
        10          0          0          0          0          0   rtexit2.o
       128          0          0          0          0         68   strcmpv7m.o
        12          4          0          0          0         68   sys_exit.o
        74          0          0          0          0         80   sys_stackheap_outer.o
         2          0          0          0          0         68   use_no_semi.o
        12          0          0          0          0         68   dretinf.o
        86          4          0          0          0         84   f2d.o
       450          8          0          0          0        236   faddsub_clz.o
        12          4          0          0          0         68   fcheck1.o
       142          4          0          0          0        112   fcmp4.o
        24          0          0          0          0         68   fcmpi.o
       388         76          0          0          0         96   fdiv.o
       104          4          0          0          0         84   feqf.o
        62          4          0          0          0         84   ffixu.o
        86          0          0          0          0        136   fflt_clz.o
       104          4          0          0          0         84   fleqf.o
       258          4          0          0          0         84   fmul.o
       140          4          0          0          0         84   fnaninf.o
        10          0          0          0          0         68   fretinf.o
        98          0          0          0          0         68   frleqf.o
       272        100          0          0          0         88   fsqrt.o
         4          0          0          0          0         68   printf1.o
       100          0          0          0          0         68   retnan.o
        76          0          0          0          0         68   scalbnf.o
        48          0          0          0          0         68   trapv.o
         0          0          0          0          0          0   usenofp.o
        40          0          0          0          0         80   fmaxf.o
        40          0          0          0          0         80   fminf.o
        40          0          0          0          0         68   fpclassify.o
        44          0          0          0          0         80   sqrtf.o

    ----------------------------------------------------------------------
      7380        410        176          0        100       4908   Library Totals
        18          0          0          0          4          0   (incl. Padding)

    ----------------------------------------------------------------------

      Code (inc. data)   RO Data    RW Data    ZI Data      Debug   Library Name

      4722        194        176          0         96       2816   c_w.l
      2476        216          0          0          0       1784   fz_ws.l
       164          0          0          0          0        308   m_ws.l

    ----------------------------------------------------------------------
      7380        410        176          0        100       4908   Library Totals

    ----------------------------------------------------------------------

==============================================================================


      Code (inc. data)   RO Data    RW Data    ZI Data      Debug   

     24426       1428       1182         44       3476     616827   Grand Totals
     24426       1428       1182         44       3476     616827   ELF Image Totals
     24426       1428       1182         44          0          0   ROM Totals

==============================================================================

    Total RO  Size (Code + RO Data)                25608 (  25.01kB)
    Total RW  Size (RW Data + ZI Data)              3520 (   3.44kB)
    Total ROM Size (Code + RO Data + RW Data)      25652 (  25.05kB)

==============================================================================

