Component: ARM Compiler 5.06 update 5 (build 528) Tool: armlink [4d35e2]

==============================================================================

Section Cross References

    startup_stm32f103xb.o(STACK) refers (Special) to heapauxi.o(.text) for __use_two_region_memory
    startup_stm32f103xb.o(HEAP) refers (Special) to heapauxi.o(.text) for __use_two_region_memory
    startup_stm32f103xb.o(RESET) refers (Special) to heapauxi.o(.text) for __use_two_region_memory
    startup_stm32f103xb.o(RESET) refers to startup_stm32f103xb.o(STACK) for __initial_sp
    startup_stm32f103xb.o(RESET) refers to startup_stm32f103xb.o(.text) for Reset_Handler
    startup_stm32f103xb.o(RESET) refers to stm32f1xx_it.o(i.NMI_Handler) for NMI_Handler
    startup_stm32f103xb.o(RESET) refers to stm32f1xx_it.o(i.HardFault_Handler) for HardFault_Handler
    startup_stm32f103xb.o(RESET) refers to stm32f1xx_it.o(i.MemManage_Handler) for MemManage_Handler
    startup_stm32f103xb.o(RESET) refers to stm32f1xx_it.o(i.BusFault_Handler) for BusFault_Handler
    startup_stm32f103xb.o(RESET) refers to stm32f1xx_it.o(i.UsageFault_Handler) for UsageFault_Handler
    startup_stm32f103xb.o(RESET) refers to stm32f1xx_it.o(i.SVC_Handler) for SVC_Handler
    startup_stm32f103xb.o(RESET) refers to stm32f1xx_it.o(i.DebugMon_Handler) for DebugMon_Handler
    startup_stm32f103xb.o(RESET) refers to stm32f1xx_it.o(i.PendSV_Handler) for PendSV_Handler
    startup_stm32f103xb.o(RESET) refers to stm32f1xx_it.o(i.SysTick_Handler) for SysTick_Handler
    startup_stm32f103xb.o(RESET) refers to stm32f1xx_it.o(i.DMA1_Channel4_IRQHandler) for DMA1_Channel4_IRQHandler
    startup_stm32f103xb.o(RESET) refers to stm32f1xx_it.o(i.ADC1_2_IRQHandler) for ADC1_2_IRQHandler
    startup_stm32f103xb.o(RESET) refers to stm32f1xx_it.o(i.TIM3_IRQHandler) for TIM3_IRQHandler
    startup_stm32f103xb.o(RESET) refers to stm32f1xx_it.o(i.USART1_IRQHandler) for USART1_IRQHandler
    startup_stm32f103xb.o(.text) refers (Special) to heapauxi.o(.text) for __use_two_region_memory
    startup_stm32f103xb.o(.text) refers to system_stm32f1xx.o(i.SystemInit) for SystemInit
    startup_stm32f103xb.o(.text) refers to __main.o(!!!main) for __main
    startup_stm32f103xb.o(.text) refers to startup_stm32f103xb.o(HEAP) for Heap_Mem
    startup_stm32f103xb.o(.text) refers to startup_stm32f103xb.o(STACK) for Stack_Mem
    main.o(i.SystemClock_Config) refers to rt_memclr_w.o(.text) for __aeabi_memclr4
    main.o(i.SystemClock_Config) refers to stm32f1xx_hal_rcc.o(i.HAL_RCC_OscConfig) for HAL_RCC_OscConfig
    main.o(i.SystemClock_Config) refers to stm32f1xx_hal_rcc.o(i.HAL_RCC_ClockConfig) for HAL_RCC_ClockConfig
    main.o(i.SystemClock_Config) refers to stm32f1xx_hal_rcc_ex.o(i.HAL_RCCEx_PeriphCLKConfig) for HAL_RCCEx_PeriphCLKConfig
    main.o(i.main) refers to stm32f1xx_hal.o(i.HAL_Init) for HAL_Init
    main.o(i.main) refers to main.o(i.SystemClock_Config) for SystemClock_Config
    main.o(i.main) refers to gpio.o(i.MX_GPIO_Init) for MX_GPIO_Init
    main.o(i.main) refers to dma.o(i.MX_DMA_Init) for MX_DMA_Init
    main.o(i.main) refers to i2c.o(i.MX_I2C1_Init) for MX_I2C1_Init
    main.o(i.main) refers to usart.o(i.MX_USART1_UART_Init) for MX_USART1_UART_Init
    main.o(i.main) refers to adc.o(i.MX_ADC1_Init) for MX_ADC1_Init
    main.o(i.main) refers to can.o(i.MX_CAN_Init) for MX_CAN_Init
    main.o(i.main) refers to tim.o(i.MX_TIM2_Init) for MX_TIM2_Init
    main.o(i.main) refers to tim.o(i.MX_TIM3_Init) for MX_TIM3_Init
    main.o(i.main) refers to foc.o(i.Foc_Init) for Foc_Init
    main.o(i.main) refers to stm32f1xx_hal.o(i.HAL_Delay) for HAL_Delay
    main.o(i.main) refers to foc.o(i.Foc_Set_Speed) for Foc_Set_Speed
    main.o(i.main) refers to app_motor.o(i.app_foc_mainloop) for app_foc_mainloop
    main.o(i.main) refers to app_comm.o(i.app_debug_print) for app_debug_print
    main.o(i.main) refers to user_foc_hal.o(.constdata) for foc_hal
    gpio.o(i.MX_GPIO_Init) refers to stm32f1xx_hal_gpio.o(i.HAL_GPIO_WritePin) for HAL_GPIO_WritePin
    gpio.o(i.MX_GPIO_Init) refers to stm32f1xx_hal_gpio.o(i.HAL_GPIO_Init) for HAL_GPIO_Init
    adc.o(i.HAL_ADC_MspDeInit) refers to stm32f1xx_hal_gpio.o(i.HAL_GPIO_DeInit) for HAL_GPIO_DeInit
    adc.o(i.HAL_ADC_MspDeInit) refers to stm32f1xx_hal_cortex.o(i.HAL_NVIC_DisableIRQ) for HAL_NVIC_DisableIRQ
    adc.o(i.HAL_ADC_MspInit) refers to stm32f1xx_hal_gpio.o(i.HAL_GPIO_Init) for HAL_GPIO_Init
    adc.o(i.HAL_ADC_MspInit) refers to stm32f1xx_hal_cortex.o(i.HAL_NVIC_SetPriority) for HAL_NVIC_SetPriority
    adc.o(i.HAL_ADC_MspInit) refers to stm32f1xx_hal_cortex.o(i.HAL_NVIC_EnableIRQ) for HAL_NVIC_EnableIRQ
    adc.o(i.MX_ADC1_Init) refers to rt_memclr_w.o(.text) for __aeabi_memclr4
    adc.o(i.MX_ADC1_Init) refers to stm32f1xx_hal_adc.o(i.HAL_ADC_Init) for HAL_ADC_Init
    adc.o(i.MX_ADC1_Init) refers to main.o(i.Error_Handler) for Error_Handler
[...]
    x$fpl$dretinf                            0x080059cc   Section       12  dretinf.o(x$fpl$dretinf)
    x$fpl$f2d                                0x080059d8   Section       86  f2d.o(x$fpl$f2d)
    x$fpl$fadd                               0x08005a30   Section      196  faddsub_clz.o(x$fpl$fadd)
    _fadd1                                   0x08005a3f   Thumb Code     0  faddsub_clz.o(x$fpl$fadd)
    x$fpl$fcheck1                            0x08005af4   Section       12  fcheck1.o(x$fpl$fcheck1)
    x$fpl$fcmpinf                            0x08005b00   Section       24  fcmpi.o(x$fpl$fcmpinf)
    x$fpl$fdiv                               0x08005b18   Section      388  fdiv.o(x$fpl$fdiv)
    _fdiv1                                   0x08005b19   Thumb Code     0  fdiv.o(x$fpl$fdiv)
    x$fpl$feqf                               0x08005c9c   Section      104  feqf.o(x$fpl$feqf)
    x$fpl$ffix                               0x08005d04   Section       54  ffix.o(x$fpl$ffix)
    x$fpl$ffixu                              0x08005d3c   Section       62  ffixu.o(x$fpl$ffixu)
    x$fpl$fflt                               0x08005d7c   Section       48  fflt_clz.o(x$fpl$fflt)
    x$fpl$ffltu                              0x08005dac   Section       38  fflt_clz.o(x$fpl$ffltu)
    x$fpl$fleqf                              0x08005dd4   Section      104  fleqf.o(x$fpl$fleqf)
    x$fpl$fmul                               0x08005e3c   Section      258  fmul.o(x$fpl$fmul)
    x$fpl$fnaninf                            0x08005f3e   Section      140  fnaninf.o(x$fpl$fnaninf)
    x$fpl$fretinf                            0x08005fca   Section       10  fretinf.o(x$fpl$fretinf)
    x$fpl$frleqf                             0x08005fd4   Section       98  frleqf.o(x$fpl$frleqf)
    x$fpl$frsb                               0x08006036   Section       20  faddsub_clz.o(x$fpl$frsb)
    x$fpl$fsub                               0x0800604c   Section      234  faddsub_clz.o(x$fpl$fsub)
    _fsub1                                   0x0800605b   Thumb Code     0  faddsub_clz.o(x$fpl$fsub)
    x$fpl$printf1                            0x08006136   Section        4  printf1.o(x$fpl$printf1)
    x$fpl$retnan                             0x0800613a   Section      100  retnan.o(x$fpl$retnan)
    x$fpl$scalbnf                            0x0800619e   Section       76  scalbnf.o(x$fpl$scalbnf)
    x$fpl$trapveneer                         0x080061ea   Section       48  trapv.o(x$fpl$trapveneer)
    .constdata                               0x0800621a   Section       18  stm32f1xx_hal_rcc.o(.constdata)
    x$fpl$usenofp                            0x0800621a   Section        0  usenofp.o(x$fpl$usenofp)
    aPredivFactorTable                       0x0800621a   Data           2  stm32f1xx_hal_rcc.o(.constdata)
    aPLLMULFactorTable                       0x0800621c   Data          16  stm32f1xx_hal_rcc.o(.constdata)
    .constdata                               0x0800622c   Section       18  stm32f1xx_hal_rcc_ex.o(.constdata)
    aPredivFactorTable                       0x0800622c   Data           2  stm32f1xx_hal_rcc_ex.o(.constdata)
    aPLLMULFactorTable                       0x0800622e   Data          16  stm32f1xx_hal_rcc_ex.o(.constdata)
    .constdata                               0x0800623e   Section       16  system_stm32f1xx.o(.constdata)
    .constdata                               0x0800624e   Section        8  system_stm32f1xx.o(.constdata)
    .constdata                               0x08006258   Section      120  foc.o(.constdata)
    .constdata                               0x080062d0   Section      512  foc_math.o(.constdata)
    .constdata                               0x080064d0   Section       28  user_foc_hal.o(.constdata)
    .constdata                               0x080064ec   Section       14  user_foc_hal.o(.constdata)
    <Data1>                                  0x080064ec   Data          14  user_foc_hal.o(.constdata)
    .constdata                               0x080064fc   Section      148  bigflt0.o(.constdata)
    tenpwrs_x                                0x080064fc   Data          60  bigflt0.o(.constdata)
    tenpwrs_i                                0x08006538   Data          64  bigflt0.o(.constdata)
    locale$$data                             0x080065b0   Section       28  lc_numeric_c.o(locale$$data)
    __lcnum_c_name                           0x080065b4   Data           2  lc_numeric_c.o(locale$$data)
    __lcnum_c_start                          0x080065bc   Data           0  lc_numeric_c.o(locale$$data)
    __lcnum_c_point                          0x080065c8   Data           0  lc_numeric_c.o(locale$$data)
    __lcnum_c_thousands                      0x080065ca   Data           0  lc_numeric_c.o(locale$$data)
    __lcnum_c_grouping                       0x080065cb   Data           0  lc_numeric_c.o(locale$$data)
    __lcnum_c_end                            0x080065cc   Data           0  lc_numeric_c.o(locale$$data)
    .data                                    0x20000000   Section       12  stm32f1xx_hal.o(.data)
    .data                                    0x2000000c   Section        4  system_stm32f1xx.o(.data)
    .data                                    0x20000010   Section        2  app_comm.o(.data)
    app_debug_sample_pending                 0x20000010   Data           1  app_comm.o(.data)
    app_debug_sample_counter                 0x20000011   Data           1  app_comm.o(.data)
    .data                                    0x20000014   Section       24  app_motor.o(.data)
    app_motor_magnet_state                   0x20000014   Data           1  app_motor.o(.data)
    app_motor_as5600_status                  0x20000015   Data           1  app_motor.o(.data)
    app_motor_as5600_agc                     0x20000016   Data           1  app_motor.o(.data)
    app_motor_as5600_magnitude               0x20000018   Data           2  app_motor.o(.data)
    last_as5600_tick                         0x2000001c   Data           4  app_motor.o(.data)
    app_motor_last_angle_rad                 0x20000020   Data           4  app_motor.o(.data)
    app_motor_last_speed_rpm                 0x20000024   Data           4  app_motor.o(.data)
    app_motor_last_tick_us                   0x20000028   Data           4  app_motor.o(.data)
    .data                                    0x2000002c   Section        1  comm_uart.o(.data)
    comm_uart_dma_index                      0x2000002c   Data           1  comm_uart.o(.data)
    .data                                    0x2000002d   Section        1  bsp_usart.o(.data)
    bsp_usart_tx_busy                        0x2000002d   Data           1  bsp_usart.o(.data)
    .data                                    0x20000030   Section        4  smo.o(.data)
    .bss                                     0x20000034   Section       48  adc.o(.bss)
    .bss                                     0x20000064   Section       40  can.o(.bss)
    .bss                                     0x2000008c   Section       84  i2c.o(.bss)
    .bss                                     0x200000e0   Section      144  tim.o(.bss)
    .bss                                     0x20000170   Section      140  usart.o(.bss)
    .bss                                     0x200001fc   Section      128  comm_uart.o(.bss)
    comm_uart_dma_buffer                     0x200001fc   Data         128  comm_uart.o(.bss)
    .bss                                     0x2000027c   Section     1848  foc.o(.bss)
    FOC_Motor                                0x2000027c   Data        1848  foc.o(.bss)
    .bss                                     0x200009b4   Section       42  user_foc_hal.o(.bss)
    adc_filter                               0x200009b4   Data          42  user_foc_hal.o(.bss)
    .bss                                     0x200009e0   Section       96  libspace.o(.bss)
    HEAP                                     0x20000a40   Section      512  startup_stm32f103xb.o(HEAP)
    Heap_Mem                                 0x20000a40   Data         512  startup_stm32f103xb.o(HEAP)
    STACK                                    0x20000c40   Section     1024  startup_stm32f103xb.o(STACK)
    Stack_Mem                                0x20000c40   Data        1024  startup_stm32f103xb.o(STACK)
    __initial_sp                             0x20001040   Data           0  startup_stm32f103xb.o(STACK)

    Global Symbols

    Symbol Name                              Value     Ov Type        Size  Object(Section)

    BuildAttributes$$THM_ISAv4$P$D$K$B$S$PE$A:L22UL41UL21$X:L11$S22US41US21$IEEE1$IW$USESV6$~STKCKD$USESV7$~SHL$OTIME$ROPI$IEEEX$EBA8$UX$STANDARDLIB$REQ8$PRES8$EABIv2 0x00000000   Number         0  anon$$obj.o ABSOLUTE
    __ARM_use_no_argv                        0x00000000   Number         0  main.o ABSOLUTE
    _printf_flags                            0x00000000   Number         0  printf_stubs.o ABSOLUTE
    _printf_return_value                     0x00000000   Number         0  printf_stubs.o ABSOLUTE
    _printf_sizespec                         0x00000000   Number         0  printf_stubs.o ABSOLUTE
    _printf_widthprec                        0x00000000   Number         0  printf_stubs.o ABSOLUTE
    __ARM_exceptions_init                     - Undefined Weak Reference
    __alloca_initialize                       - Undefined Weak Reference
    __arm_preinit_                            - Undefined Weak Reference
    __cpp_initialize__aeabi_                  - Undefined Weak Reference
    __cxa_finalize                            - Undefined Weak Reference
    __sigvec_lookup                           - Undefined Weak Reference
    _atexit_init                              - Undefined Weak Reference
    _call_atexit_fns                          - Undefined Weak Reference
    _clock_init                               - Undefined Weak Reference
    _fp_trap_init                             - Undefined Weak Reference
    _fp_trap_shutdown                         - Undefined Weak Reference
    _get_lc_collate                           - Undefined Weak Reference
    _get_lc_ctype                             - Undefined Weak Reference
    _get_lc_monetary                          - Undefined Weak Reference
    _get_lc_time                              - Undefined Weak Reference
    _getenv_init                              - Undefined Weak Reference
    _handle_redirection                       - Undefined Weak Reference
    _init_alloc                               - Undefined Weak Reference
    _init_user_alloc                          - Undefined Weak Reference
    _initio                                   - Undefined Weak Reference
    _printf_post_padding                      - Undefined Weak Reference
    _printf_pre_padding                       - Undefined Weak Reference
    _rand_init                                - Undefined Weak Reference
    _signal_finish                            - Undefined Weak Reference
    _signal_init                              - Undefined Weak Reference
    _terminate_alloc                          - Undefined Weak Reference
    _terminate_user_alloc                     - Undefined Weak Reference
    _terminateio                              - Undefined Weak Reference
    __Vectors_Size                           0x000000ec   Number         0  startup_stm32f103xb.o ABSOLUTE
    __Vectors                                0x08000000   Data           4  startup_stm32f103xb.o(RESET)
    __Vectors_End                            0x080000ec   Data           0  startup_stm32f103xb.o(RESET)
    __main                                   0x080000ed   Thumb Code     8  __main.o(!!!main)
    __scatterload                            0x080000f5   Thumb Code     0  __scatter.o(!!!scatter)
    __scatterload_rt2                        0x080000f5   Thumb Code    44  __scatter.o(!!!scatter)
    __scatterload_rt2_thumb_only             0x080000f5   Thumb Code     0  __scatter.o(!!!scatter)
    __scatterload_null                       0x08000103   Thumb Code     0  __scatter.o(!!!scatter)
    __scatterload_copy                       0x08000129   Thumb Code    26  __scatter_copy.o(!!handler_copy)
    __scatterload_zeroinit                   0x08000145   Thumb Code    28  __scatter_zi.o(!!handler_zi)
    _printf_f                                0x08000161   Thumb Code     0  _printf_f.o(.ARM.Collect$$_printf_percent$$00000003)
    _printf_percent                          0x08000161   Thumb Code     0  _printf_percent.o(.ARM.Collect$$_printf_percent$$00000000)
    _printf_percent_end                      0x08000167   Thumb Code     0  _printf_percent_end.o(.ARM.Collect$$_printf_percent$$00000017)
    __rt_lib_init                            0x0800016b   Thumb Code     0  libinit.o(.ARM.Collect$$libinit$$00000000)
    __rt_lib_init_fp_1                       0x0800016d   Thumb Code     0  libinit2.o(.ARM.Collect$$libinit$$00000002)
    __rt_lib_init_heap_1                     0x0800016d   Thumb Code     0  libinit2.o(.ARM.Collect$$libinit$$0000000A)
    __rt_lib_init_lc_common                  0x0800016d   Thumb Code     0  libinit2.o(.ARM.Collect$$libinit$$0000000F)
    __rt_lib_init_preinit_1                  0x0800016d   Thumb Code     0  libinit2.o(.ARM.Collect$$libinit$$00000004)
    __rt_lib_init_rand_1                     0x0800016d   Thumb Code     0  libinit2.o(.ARM.Collect$$libinit$$0000000E)
    __rt_lib_init_user_alloc_1               0x0800016d   Thumb Code     0  libinit2.o(.ARM.Collect$$libinit$$0000000C)
    __rt_lib_init_lc_collate_1               0x08000173   Thumb Code     0  libinit2.o(.ARM.Collect$$libinit$$00000011)
    __rt_lib_init_lc_ctype_1                 0x08000173   Thumb Code     0  libinit2.o(.ARM.Collect$$libinit$$00000013)
    __rt_lib_init_lc_monetary_1              0x08000173   Thumb Code     0  libinit2.o(.ARM.Collect$$libinit$$00000015)
    __rt_lib_init_lc_numeric_2               0x08000173   Thumb Code     0  libinit2.o(.ARM.Collect$$libinit$$00000016)
    __rt_lib_init_alloca_1                   0x0800017d   Thumb Code     0  libinit2.o(.ARM.Collect$$libinit$$0000002E)
    __rt_lib_init_argv_1                     0x0800017d   Thumb Code     0  libinit2.o(.ARM.Collect$$libinit$$0000002C)
    __rt_lib_init_atexit_1                   0x0800017d   Thumb Code     0  libinit2.o(.ARM.Collect$$libinit$$0000001B)
    __rt_lib_init_clock_1                    0x0800017d   Thumb Code     0  libinit2.o(.ARM.Collect$$libinit$$00000021)
    __rt_lib_init_cpp_1                      0x0800017d   Thumb Code     0  libinit2.o(.ARM.Collect$$libinit$$00000032)
    __rt_lib_init_exceptions_1               0x0800017d   Thumb Code     0  libinit2.o(.ARM.Collect$$libinit$$00000030)
    __rt_lib_init_fp_trap_1                  0x0800017d   Thumb Code     0  libinit2.o(.ARM.Collect$$libinit$$0000001F)
    __rt_lib_init_getenv_1                   0x0800017d   Thumb Code     0  libinit2.o(.ARM.Collect$$libinit$$00000023)
    __rt_lib_init_lc_numeric_1               0x0800017d   Thumb Code     0  libinit2.o(.ARM.Collect$$libinit$$00000017)
    __rt_lib_init_lc_time_1                  0x0800017d   Thumb Code     0  libinit2.o(.ARM.Collect$$libinit$$00000019)
    __rt_lib_init_return                     0x0800017d   Thumb Code     0  libinit2.o(.ARM.Collect$$libinit$$00000033)
    __rt_lib_init_signal_1                   0x0800017d   Thumb Code     0  libinit2.o(.ARM.Collect$$libinit$$0000001D)
    __rt_lib_init_stdio_1                    0x0800017d   Thumb Code     0  libinit2.o(.ARM.Collect$$libinit$$00000025)
    __rt_lib_shutdown                        0x0800017f   Thumb Code     0  libshutdown.o(.ARM.Collect$$libshutdown$$00000000)
    __rt_lib_shutdown_cpp_1                  0x08000181   Thumb Code     0  libshutdown2.o(.ARM.Collect$$libshutdown$$00000002)
    __rt_lib_shutdown_fp_trap_1              0x08000181   Thumb Code     0  libshutdown2.o(.ARM.Collect$$libshutdown$$00000007)
    __rt_lib_shutdown_heap_1                 0x08000181   Thumb Code     0  libshutdown2.o(.ARM.Collect$$libshutdown$$0000000F)
    __rt_lib_shutdown_return                 0x08000181   Thumb Code     0  libshutdown2.o(.ARM.Collect$$libshutdown$$00000010)
    __rt_lib_shutdown_signal_1               0x08000181   Thumb Code     0  libshutdown2.o(.ARM.Collect$$libshutdown$$0000000A)
    __rt_lib_shutdown_stdio_1                0x08000181   Thumb Code     0  libshutdown2.o(.ARM.Collect$$libshutdown$$00000004)
    __rt_lib_shutdown_user_alloc_1           0x08000181   Thumb Code     0  libshutdown2.o(.ARM.Collect$$libshutdown$$0000000C)
    __rt_entry                               0x08000183   Thumb Code     0  __rtentry.o(.ARM.Collect$$rtentry$$00000000)
    __rt_entry_presh_1                       0x08000183   Thumb Code     0  __rtentry2.o(.ARM.Collect$$rtentry$$00000002)
    __rt_entry_sh                            0x08000183   Thumb Code     0  __rtentry4.o(.ARM.Collect$$rtentry$$00000004)
    __rt_entry_li                            0x08000189   Thumb Code     0  __rtentry2.o(.ARM.Collect$$rtentry$$0000000A)
    __rt_entry_postsh_1                      0x08000189   Thumb Code     0  __rtentry2.o(.ARM.Collect$$rtentry$$00000009)
    __rt_entry_main                          0x0800018d   Thumb Code     0  __rtentry2.o(.ARM.Collect$$rtentry$$0000000D)
    __rt_entry_postli_1                      0x0800018d   Thumb Code     0  __rtentry2.o(.ARM.Collect$$rtentry$$0000000C)
    __rt_exit                                0x08000195   Thumb Code     0  rtexit.o(.ARM.Collect$$rtexit$$00000000)
    __rt_exit_ls                             0x08000197   Thumb Code     0  rtexit2.o(.ARM.Collect$$rtexit$$00000003)
    __rt_exit_prels_1                        0x08000197   Thumb Code     0  rtexit2.o(.ARM.Collect$$rtexit$$00000002)
    __rt_exit_exit                           0x0800019b   Thumb Code     0  rtexit2.o(.ARM.Collect$$rtexit$$00000004)
    Reset_Handler                            0x080001a1   Thumb Code     8  startup_stm32f103xb.o(.text)
    CAN1_RX1_IRQHandler                      0x080001bb   Thumb Code     0  startup_stm32f103xb.o(.text)
    CAN1_SCE_IRQHandler                      0x080001bb   Thumb Code     0  startup_stm32f103xb.o(.text)
    DMA1_Channel1_IRQHandler                 0x080001bb   Thumb Code     0  startup_stm32f103xb.o(.text)
    DMA1_Channel2_IRQHandler                 0x080001bb   Thumb Code     0  startup_stm32f103xb.o(.text)
    DMA1_Channel3_IRQHandler                 0x080001bb   Thumb Code     0  startup_stm32f103xb.o(.text)
    DMA1_Channel5_IRQHandler                 0x080001bb   Thumb Code     0  startup_stm32f103xb.o(.text)
    DMA1_Channel6_IRQHandler                 0x080001bb   Thumb Code     0  startup_stm32f103xb.o(.text)
    DMA1_Channel7_IRQHandler                 0x080001bb   Thumb Code     0  startup_stm32f103xb.o(.text)
    EXTI0_IRQHandler                         0x080001bb   Thumb Code     0  startup_stm32f103xb.o(.text)
    EXTI15_10_IRQHandler                     0x080001bb   Thumb Code     0  startup_stm32f103xb.o(.text)
    EXTI1_IRQHandler                         0x080001bb   Thumb Code     0  startup_stm32f103xb.o(.text)
    EXTI2_IRQHandler                         0x080001bb   Thumb Code     0  startup_stm32f103xb.o(.text)
    EXTI3_IRQHandler                         0x080001bb   Thumb Code     0  startup_stm32f103xb.o(.text)
    EXTI4_IRQHandler                         0x080001bb   Thumb Code     0  startup_stm32f103xb.o(.text)
    EXTI9_5_IRQHandler                       0x080001bb   Thumb Code     0  startup_stm32f103xb.o(.text)
    FLASH_IRQHandler                         0x080001bb   Thumb Code     0  startup_stm32f103xb.o(.text)
    I2C1_ER_IRQHandler                       0x080001bb   Thumb Code     0  startup_stm32f103xb.o(.text)
    I2C1_EV_IRQHandler                       0x080001bb   Thumb Code     0  startup_stm32f103xb.o(.text)
    I2C2_ER_IRQHandler                       0x080001bb   Thumb Code     0  startup_stm32f103xb.o(.text)
    I2C2_EV_IRQHandler                       0x080001bb   Thumb Code     0  startup_stm32f103xb.o(.text)
    PVD_IRQHandler                           0x080001bb   Thumb Code     0  startup_stm32f103xb.o(.text)
    RCC_IRQHandler                           0x080001bb   Thumb Code     0  startup_stm32f103xb.o(.text)
    RTC_Alarm_IRQHandler                     0x080001bb   Thumb Code     0  startup_stm32f103xb.o(.text)
    RTC_IRQHandler                           0x080001bb   Thumb Code     0  startup_stm32f103xb.o(.text)
    SPI1_IRQHandler                          0x080001bb   Thumb Code     0  startup_stm32f103xb.o(.text)
    SPI2_IRQHandler                          0x080001bb   Thumb Code     0  startup_stm32f103xb.o(.text)
    TAMPER_IRQHandler                        0x080001bb   Thumb Code     0  startup_stm32f103xb.o(.text)
    TIM1_BRK_IRQHandler                      0x080001bb   Thumb Code     0  startup_stm32f103xb.o(.text)
    TIM1_CC_IRQHandler                       0x080001bb   Thumb Code     0  startup_stm32f103xb.o(.text)
    TIM1_TRG_COM_IRQHandler                  0x080001bb   Thumb Code     0  startup_stm32f103xb.o(.text)
    TIM1_UP_IRQHandler                       0x080001bb   Thumb Code     0  startup_stm32f103xb.o(.text)
    TIM2_IRQHandler                          0x080001bb   Thumb Code     0  startup_stm32f103xb.o(.text)
    TIM4_IRQHandler                          0x080001bb   Thumb Code     0  startup_stm32f103xb.o(.text)
    USART2_IRQHandler                        0x080001bb   Thumb Code     0  startup_stm32f103xb.o(.text)
    USART3_IRQHandler                        0x080001bb   Thumb Code     0  startup_stm32f103xb.o(.text)
    USBWakeUp_IRQHandler                     0x080001bb   Thumb Code     0  startup_stm32f103xb.o(.text)
    USB_HP_CAN1_TX_IRQHandler                0x080001bb   Thumb Code     0  startup_stm32f103xb.o(.text)
    USB_LP_CAN1_RX0_IRQHandler               0x080001bb   Thumb Code     0  startup_stm32f103xb.o(.text)
    WWDG_IRQHandler                          0x080001bb   Thumb Code     0  startup_stm32f103xb.o(.text)
    __user_initial_stackheap                 0x080001bd   Thumb Code     0  startup_stm32f103xb.o(.text)
    __2snprintf                              0x080001e1   Thumb Code    50  __2snprintf.o(.text)
    __printf                                 0x08000219   Thumb Code   270  __printf_wp.o(.text)
    __aeabi_memcpy                           0x08000327   Thumb Code     0  rt_memcpy_v6.o(.text)
    __rt_memcpy                              0x08000327   Thumb Code   138  rt_memcpy_v6.o(.text)
    _memcpy_lastbytes                        0x0800038d   Thumb Code     0  rt_memcpy_v6.o(.text)
    __aeabi_memcpy4                          0x080003b1   Thumb Code     0  rt_memcpy_w.o(.text)
    __aeabi_memcpy8                          0x080003b1   Thumb Code     0  rt_memcpy_w.o(.text)
    __rt_memcpy_w                            0x080003b1   Thumb Code   100  rt_memcpy_w.o(.text)
    _memcpy_lastbytes_aligned                0x080003f9   Thumb Code     0  rt_memcpy_w.o(.text)
    __aeabi_memclr4                          0x08000415   Thumb Code     0  rt_memclr_w.o(.text)
    __aeabi_memclr8                          0x08000415   Thumb Code     0  rt_memclr_w.o(.text)
    __rt_memclr_w                            0x08000415   Thumb Code    78  rt_memclr_w.o(.text)
    _memset_w                                0x08000419   Thumb Code     0  rt_memclr_w.o(.text)
    __use_two_region_memory                  0x08000463   Thumb Code     2  heapauxi.o(.text)
    __rt_heap_escrow$2region                 0x08000465   Thumb Code     2  heapauxi.o(.text)
    __rt_heap_expand$2region                 0x08000467   Thumb Code     2  heapauxi.o(.text)
    __lib_sel_fp_printf                      0x08000469   Thumb Code     2  _printf_fp_dec.o(.text)
    _printf_fp_dec_real                      0x0800061b   Thumb Code   620  _printf_fp_dec.o(.text)
    _printf_char_common                      0x08000893   Thumb Code    32  _printf_char_common.o(.text)
    _sputc                                   0x080008b9   Thumb Code    10  _sputc.o(.text)
    _snputc                                  0x080008c3   Thumb Code    16  _snputc.o(.text)
    __rt_locale                              0x080008d5   Thumb Code     8  rt_locale_intlibspace.o(.text)
    _ll_udiv10                               0x080008dd   Thumb Code   138  lludiv10.o(.text)
    _printf_fp_infnan                        0x08000969   Thumb Code   112  _printf_fp_infnan.o(.text)
    _btod_etento                             0x080009e9   Thumb Code   224  bigflt0.o(.text)
    __user_libspace                          0x08000acd   Thumb Code     8  libspace.o(.text)
    __user_perproc_libspace                  0x08000acd   Thumb Code     0  libspace.o(.text)
    __user_perthread_libspace                0x08000acd   Thumb Code     0  libspace.o(.text)
    __user_setup_stackheap                   0x08000ad5   Thumb Code    74  sys_stackheap_outer.o(.text)
    exit                                     0x08000b1f   Thumb Code    18  exit.o(.text)
    strcmp                                   0x08000b31   Thumb Code   128  strcmpv7m.o(.text)
    _sys_exit                                0x08000bb1   Thumb Code     8  sys_exit.o(.text)
    __I$use$semihosting                      0x08000bbd   Thumb Code     0  use_no_semi.o(.text)
    __use_no_semihosting_swi                 0x08000bbd   Thumb Code     2  use_no_semi.o(.text)
    __semihosting_library_function           0x08000bbf   Thumb Code     0  indicate_semi.o(.text)
    _btod_d2e                                0x08000bbf   Thumb Code    62  btod.o(CL$$btod_d2e)
    _d2e_denorm_low                          0x08000bfd   Thumb Code    70  btod.o(CL$$btod_d2e_denorm_low)
    _d2e_norm_op1                            0x08000c43   Thumb Code    96  btod.o(CL$$btod_d2e_norm_op1)
    __btod_div_common                        0x08000ca3   Thumb Code   696  btod.o(CL$$btod_div_common)
    _e2e                                     0x08000fdb   Thumb Code   220  btod.o(CL$$btod_e2e)
    _btod_ediv                               0x080010b7   Thumb Code    42  btod.o(CL$$btod_ediv)
    _btod_emul                               0x080010e1   Thumb Code    42  btod.o(CL$$btod_emul)
    __btod_mult_common                       0x0800110b   Thumb Code   580  btod.o(CL$$btod_mult_common)
    ADC1_2_IRQHandler                        0x08001351   Thumb Code     6  stm32f1xx_it.o(i.ADC1_2_IRQHandler)
    ADC_ConversionStop_Disable               0x0800135d   Thumb Code    86  stm32f1xx_hal_adc.o(i.ADC_ConversionStop_Disable)
    ADC_Enable                               0x080013b5   Thumb Code   114  stm32f1xx_hal_adc.o(i.ADC_Enable)
    AS5600_RawToRad                          0x08001431   Thumb Code    20  as5600.o(i.AS5600_RawToRad)
    AS5600_ReadAGC                           0x08001475   Thumb Code    10  as5600.o(i.AS5600_ReadAGC)
    AS5600_ReadAngle                         0x0800147f   Thumb Code     8  as5600.o(i.AS5600_ReadAngle)
    AS5600_ReadData                          0x08001487   Thumb Code    92  as5600.o(i.AS5600_ReadData)
    AS5600_ReadMagnitude                     0x080014e3   Thumb Code     8  as5600.o(i.AS5600_ReadMagnitude)
    AS5600_ReadRawAngle                      0x080014eb   Thumb Code     8  as5600.o(i.AS5600_ReadRawAngle)
    AS5600_ReadStatus                        0x08001507   Thumb Code    36  as5600.o(i.AS5600_ReadStatus)
    App_GetMicroseconds                      0x0800152b   Thumb Code    44  app_motor.o(i.App_GetMicroseconds)
    BusFault_Handler                         0x08001557   Thumb Code     2  stm32f1xx_it.o(i.BusFault_Handler)
    DMA1_Channel4_IRQHandler                 0x08001559   Thumb Code     6  stm32f1xx_it.o(i.DMA1_Channel4_IRQHandler)
    DebugMon_Handler                         0x0800158f   Thumb Code     2  stm32f1xx_it.o(i.DebugMon_Handler)
    Error_Handler                            0x08001591   Thumb Code     4  main.o(i.Error_Handler)
    FOC_Clark_Transform_Fx                   0x080015b9   Thumb Code    40  foc_math.o(i.FOC_Clark_Transform_Fx)
    FOC_FastNorm_Fx                          0x080015e1   Thumb Code    46  foc_math.o(i.FOC_FastNorm_Fx)
    FOC_InvPark_Transform_Fx                 0x080016c1   Thumb Code    62  foc_math.o(i.FOC_InvPark_Transform_Fx)
    FOC_Motor_Cali_Offset                    0x080016ff   Thumb Code    80  foc_math.o(i.FOC_Motor_Cali_Offset)
    FOC_PI_Regulator_Fx                      0x08001809   Thumb Code   134  foc_math.o(i.FOC_PI_Regulator_Fx)
    FOC_Park_Transform_Fx                    0x080019bf   Thumb Code    60  foc_math.o(i.FOC_Park_Transform_Fx)
    FOC_RadToQ15Angle                        0x08001a95   Thumb Code    38  foc_math.o(i.FOC_RadToQ15Angle)
    FOC_SVPWM_Generate_Fx                    0x08001ac5   Thumb Code   426  foc_math.o(i.FOC_SVPWM_Generate_Fx)
    FOC_Trig_Functions                       0x08001c75   Thumb Code   108  foc_math.o(i.FOC_Trig_Functions)
    FOC_Updata_Trig                          0x08001ce5   Thumb Code    28  foc_math.o(i.FOC_Updata_Trig)
    Foc_Align_Loop                           0x08001d0d   Thumb Code   200  foc.o(i.Foc_Align_Loop)
    Foc_Close_Loop                           0x08001de9   Thumb Code   316  foc.o(i.Foc_Close_Loop)
    Foc_GetCurrentLoopDebug                  0x08001f31   Thumb Code   112  foc.o(i.Foc_GetCurrentLoopDebug)
    Foc_GetStruct                            0x08001fa5   Thumb Code    12  foc.o(i.Foc_GetStruct)
    Foc_Init                                 0x08001fb5   Thumb Code    58  foc.o(i.Foc_Init)
    Foc_Loop                                 0x08001ff5   Thumb Code   304  foc.o(i.Foc_Loop)
    Foc_Open_Loop                            0x08002155   Thumb Code   130  foc.o(i.Foc_Open_Loop)
    Foc_ParamInit                            0x080021e1   Thumb Code   452  foc.o(i.Foc_ParamInit)
    Foc_Set_Speed                            0x08002449   Thumb Code    94  foc.o(i.Foc_Set_Speed)
    Foc_Update_SpeedLoop                     0x080024ad   Thumb Code   236  foc.o(i.Foc_Update_SpeedLoop)
    HAL_ADCEx_Calibration_Start              0x080025a9   Thumb Code   210  stm32f1xx_hal_adc_ex.o(i.HAL_ADCEx_Calibration_Start)
    HAL_ADCEx_InjectedConfigChannel          0x08002681   Thumb Code   462  stm32f1xx_hal_adc_ex.o(i.HAL_ADCEx_InjectedConfigChannel)
    HAL_ADCEx_InjectedConvCpltCallback       0x0800285d   Thumb Code    86  app_motor.o(i.HAL_ADCEx_InjectedConvCpltCallback)
    HAL_ADCEx_InjectedStart_IT               0x080028bd   Thumb Code   170  stm32f1xx_hal_adc_ex.o(i.HAL_ADCEx_InjectedStart_IT)
    HAL_ADC_ConvCpltCallback                 0x08002971   Thumb Code     2  stm32f1xx_hal_adc.o(i.HAL_ADC_ConvCpltCallback)
    HAL_ADC_IRQHandler                       0x08002973   Thumb Code   220  stm32f1xx_hal_adc.o(i.HAL_ADC_IRQHandler)
    HAL_ADC_Init                             0x08002a51   Thumb Code   272  stm32f1xx_hal_adc.o(i.HAL_ADC_Init)
    HAL_ADC_LevelOutOfWindowCallback         0x08002b6d   Thumb Code     2  stm32f1xx_hal_adc.o(i.HAL_ADC_LevelOutOfWindowCallback)
    HAL_ADC_MspInit                          0x08002b71   Thumb Code    92  adc.o(i.HAL_ADC_MspInit)
    HAL_CAN_Init                             0x08002bd9   Thumb Code   282  stm32f1xx_hal_can.o(i.HAL_CAN_Init)
    HAL_CAN_MspInit                          0x08002cf5   Thumb Code    96  can.o(i.HAL_CAN_MspInit)
    HAL_DMA_Abort                            0x08002d61   Thumb Code    70  stm32f1xx_hal_dma.o(i.HAL_DMA_Abort)
    HAL_DMA_Abort_IT                         0x08002da9   Thumb Code   148  stm32f1xx_hal_dma.o(i.HAL_DMA_Abort_IT)
    HAL_DMA_IRQHandler                       0x08002e41   Thumb Code   316  stm32f1xx_hal_dma.o(i.HAL_DMA_IRQHandler)
    HAL_DMA_Init                             0x08002f95   Thumb Code    84  stm32f1xx_hal_dma.o(i.HAL_DMA_Init)
    HAL_DMA_Start_IT                         0x08002ff1   Thumb Code   112  stm32f1xx_hal_dma.o(i.HAL_DMA_Start_IT)
    HAL_Delay                                0x08003061   Thumb Code    32  stm32f1xx_hal.o(i.HAL_Delay)
    HAL_GPIO_Init                            0x08003085   Thumb Code   446  stm32f1xx_hal_gpio.o(i.HAL_GPIO_Init)
    HAL_GPIO_WritePin                        0x08003265   Thumb Code    10  stm32f1xx_hal_gpio.o(i.HAL_GPIO_WritePin)
    HAL_GetTick                              0x08003271   Thumb Code     6  stm32f1xx_hal.o(i.HAL_GetTick)
    HAL_I2C_Init                             0x0800327d   Thumb Code   376  stm32f1xx_hal_i2c.o(i.HAL_I2C_Init)
    HAL_I2C_Mem_Read                         0x08003405   Thumb Code   586  stm32f1xx_hal_i2c.o(i.HAL_I2C_Mem_Read)
    HAL_I2C_MspInit                          0x08003661   Thumb Code    80  i2c.o(i.HAL_I2C_MspInit)
    HAL_IncTick                              0x080036bd   Thumb Code    12  stm32f1xx_hal.o(i.HAL_IncTick)
    HAL_Init                                 0x080036cd   Thumb Code    32  stm32f1xx_hal.o(i.HAL_Init)
    HAL_InitTick                             0x080036f1   Thumb Code    54  stm32f1xx_hal.o(i.HAL_InitTick)
    HAL_MspInit                              0x08003731   Thumb Code    52  stm32f1xx_hal_msp.o(i.HAL_MspInit)
    HAL_NVIC_EnableIRQ                       0x0800376d   Thumb Code    26  stm32f1xx_hal_cortex.o(i.HAL_NVIC_EnableIRQ)
    HAL_NVIC_SetPriority                     0x08003789   Thumb Code    60  stm32f1xx_hal_cortex.o(i.HAL_NVIC_SetPriority)
    HAL_NVIC_SetPriorityGrouping             0x080037c9   Thumb Code    26  stm32f1xx_hal_cortex.o(i.HAL_NVIC_SetPriorityGrouping)
    HAL_RCCEx_GetPeriphCLKFreq               0x080037ed   Thumb Code   148  stm32f1xx_hal_rcc_ex.o(i.HAL_RCCEx_GetPeriphCLKFreq)
    HAL_RCCEx_PeriphCLKConfig                0x08003891   Thumb Code   224  stm32f1xx_hal_rcc_ex.o(i.HAL_RCCEx_PeriphCLKConfig)
    HAL_RCC_ClockConfig                      0x0800397d   Thumb Code   280  stm32f1xx_hal_rcc.o(i.HAL_RCC_ClockConfig)
    HAL_RCC_GetPCLK1Freq                     0x08003aa9   Thumb Code    20  stm32f1xx_hal_rcc.o(i.HAL_RCC_GetPCLK1Freq)
    HAL_RCC_GetPCLK2Freq                     0x08003ac9   Thumb Code    20  stm32f1xx_hal_rcc.o(i.HAL_RCC_GetPCLK2Freq)
    HAL_RCC_GetSysClockFreq                  0x08003ae9   Thumb Code    58  stm32f1xx_hal_rcc.o(i.HAL_RCC_GetSysClockFreq)
    HAL_RCC_OscConfig                        0x08003b35   Thumb Code   778  stm32f1xx_hal_rcc.o(i.HAL_RCC_OscConfig)
    HAL_SYSTICK_Config                       0x08003e55   Thumb Code    40  stm32f1xx_hal_cortex.o(i.HAL_SYSTICK_Config)
    HAL_TIMEx_BreakCallback                  0x08003e7d   Thumb Code     2  stm32f1xx_hal_tim_ex.o(i.HAL_TIMEx_BreakCallback)
    HAL_TIMEx_CommutCallback                 0x08003e7f   Thumb Code     2  stm32f1xx_hal_tim_ex.o(i.HAL_TIMEx_CommutCallback)
    HAL_TIMEx_MasterConfigSynchronization    0x08003e81   Thumb Code    92  stm32f1xx_hal_tim_ex.o(i.HAL_TIMEx_MasterConfigSynchronization)
    HAL_TIM_Base_Init                        0x08003ee9   Thumb Code    90  stm32f1xx_hal_tim.o(i.HAL_TIM_Base_Init)
    HAL_TIM_Base_MspInit                     0x08003f45   Thumb Code    72  tim.o(i.HAL_TIM_Base_MspInit)
    HAL_TIM_Base_Start                       0x08003f95   Thumb Code    66  stm32f1xx_hal_tim.o(i.HAL_TIM_Base_Start)
    HAL_TIM_ConfigClockSource                0x08003fe5   Thumb Code   220  stm32f1xx_hal_tim.o(i.HAL_TIM_ConfigClockSource)
    HAL_TIM_IC_CaptureCallback               0x080040c1   Thumb Code     2  stm32f1xx_hal_tim.o(i.HAL_TIM_IC_CaptureCallback)
    HAL_TIM_IRQHandler                       0x080040c3   Thumb Code   304  stm32f1xx_hal_tim.o(i.HAL_TIM_IRQHandler)
    HAL_TIM_MspPostInit                      0x080041f5   Thumb Code    62  tim.o(i.HAL_TIM_MspPostInit)
    HAL_TIM_OC_DelayElapsedCallback          0x0800423d   Thumb Code     2  stm32f1xx_hal_tim.o(i.HAL_TIM_OC_DelayElapsedCallback)
    HAL_TIM_PWM_ConfigChannel                0x0800423f   Thumb Code   204  stm32f1xx_hal_tim.o(i.HAL_TIM_PWM_ConfigChannel)
    HAL_TIM_PWM_Init                         0x0800430b   Thumb Code    90  stm32f1xx_hal_tim.o(i.HAL_TIM_PWM_Init)
    HAL_TIM_PWM_MspInit                      0x08004365   Thumb Code     2  stm32f1xx_hal_tim.o(i.HAL_TIM_PWM_MspInit)
    HAL_TIM_PWM_PulseFinishedCallback        0x08004367   Thumb Code     2  stm32f1xx_hal_tim.o(i.HAL_TIM_PWM_PulseFinishedCallback)
    HAL_TIM_PWM_Start                        0x08004369   Thumb Code   144  stm32f1xx_hal_tim.o(i.HAL_TIM_PWM_Start)
    HAL_TIM_PWM_Stop                         0x08004405   Thumb Code   108  stm32f1xx_hal_tim.o(i.HAL_TIM_PWM_Stop)
    HAL_TIM_PeriodElapsedCallback            0x08004475   Thumb Code     2  stm32f1xx_hal_tim.o(i.HAL_TIM_PeriodElapsedCallback)
    HAL_TIM_TriggerCallback                  0x08004477   Thumb Code     2  stm32f1xx_hal_tim.o(i.HAL_TIM_TriggerCallback)
    HAL_UARTEx_RxEventCallback               0x08004479   Thumb Code     2  stm32f1xx_hal_uart.o(i.HAL_UARTEx_RxEventCallback)
    HAL_UART_ErrorCallback                   0x0800447b   Thumb Code     2  stm32f1xx_hal_uart.o(i.HAL_UART_ErrorCallback)
    HAL_UART_IRQHandler                      0x0800447d   Thumb Code   616  stm32f1xx_hal_uart.o(i.HAL_UART_IRQHandler)
    HAL_UART_Init                            0x080046e9   Thumb Code   100  stm32f1xx_hal_uart.o(i.HAL_UART_Init)
    HAL_UART_MspInit                         0x0800474d   Thumb Code   156  usart.o(i.HAL_UART_MspInit)
    HAL_UART_RxCpltCallback                  0x080047fd   Thumb Code     2  stm32f1xx_hal_uart.o(i.HAL_UART_RxCpltCallback)
    HAL_UART_Transmit_DMA                    0x08004801   Thumb Code   106  stm32f1xx_hal_uart.o(i.HAL_UART_Transmit_DMA)
    HAL_UART_TxCpltCallback                  0x08004879   Thumb Code     4  bsp_usart.o(i.HAL_UART_TxCpltCallback)
    HAL_UART_TxHalfCpltCallback              0x0800487d   Thumb Code     2  stm32f1xx_hal_uart.o(i.HAL_UART_TxHalfCpltCallback)
    HardFault_Handler                        0x0800487f   Thumb Code     2  stm32f1xx_it.o(i.HardFault_Handler)
    MX_ADC1_Init                             0x08004bc1   Thumb Code   116  adc.o(i.MX_ADC1_Init)
    MX_CAN_Init                              0x08004c3d   Thumb Code    52  can.o(i.MX_CAN_Init)
    MX_DMA_Init                              0x08004c79   Thumb Code    40  dma.o(i.MX_DMA_Init)
    MX_GPIO_Init                             0x08004ca5   Thumb Code   138  gpio.o(i.MX_GPIO_Init)
    MX_I2C1_Init                             0x08004d3d   Thumb Code    50  i2c.o(i.MX_I2C1_Init)
    MX_TIM2_Init                             0x08004d7d   Thumb Code   208  tim.o(i.MX_TIM2_Init)
    MX_TIM3_Init                             0x08004e51   Thumb Code    96  tim.o(i.MX_TIM3_Init)
    MX_USART1_UART_Init                      0x08004eb9   Thumb Code    48  usart.o(i.MX_USART1_UART_Init)
    MemManage_Handler                        0x08004ef1   Thumb Code     2  stm32f1xx_it.o(i.MemManage_Handler)
    NMI_Handler                              0x08004ef3   Thumb Code     2  stm32f1xx_it.o(i.NMI_Handler)
    PendSV_Handler                           0x08004ef5   Thumb Code     2  stm32f1xx_it.o(i.PendSV_Handler)
    SVC_Handler                              0x08004ef7   Thumb Code     2  stm32f1xx_it.o(i.SVC_Handler)
    SysTick_Handler                          0x08004ef9   Thumb Code     4  stm32f1xx_it.o(i.SysTick_Handler)
    SystemClock_Config                       0x08004efd   Thumb Code   120  main.o(i.SystemClock_Config)
    SystemInit                               0x08004f75   Thumb Code     2  system_stm32f1xx.o(i.SystemInit)
    TIM3_IRQHandler                          0x08004f79   Thumb Code     6  stm32f1xx_it.o(i.TIM3_IRQHandler)
    TIM_Base_SetConfig                       0x08004f85   Thumb Code   108  stm32f1xx_hal_tim.o(i.TIM_Base_SetConfig)
    TIM_CCxChannelCmd                        0x08004ffd   Thumb Code    26  stm32f1xx_hal_tim.o(i.TIM_CCxChannelCmd)
    TIM_ETR_SetConfig                        0x08005017   Thumb Code    20  stm32f1xx_hal_tim.o(i.TIM_ETR_SetConfig)
    TIM_OC2_SetConfig                        0x0800508d   Thumb Code    84  stm32f1xx_hal_tim.o(i.TIM_OC2_SetConfig)
    USART1_IRQHandler                        0x08005451   Thumb Code     6  stm32f1xx_it.o(i.USART1_IRQHandler)
    UsageFault_Handler                       0x0800545d   Thumb Code     2  stm32f1xx_it.o(i.UsageFault_Handler)
    __ARM_fpclassify                         0x0800545f   Thumb Code    40  fpclassify.o(i.__ARM_fpclassify)
    _is_digit                                0x080054a7   Thumb Code    14  __printf_wp.o(i._is_digit)
    app_debug_print                          0x080054b5   Thumb Code    68  app_comm.o(i.app_debug_print)
    app_debug_sample_from_isr                0x080054fd   Thumb Code    24  app_comm.o(i.app_debug_sample_from_isr)
    app_foc_mainloop                         0x08005519   Thumb Code   306  app_motor.o(i.app_foc_mainloop)
    bsp_iic_mem_read                         0x08005669   Thumb Code    26  bsp_iic.o(i.bsp_iic_mem_read)
    bsp_usart_send_async                     0x08005689   Thumb Code    42  bsp_usart.o(i.bsp_usart_send_async)
    bsp_usart_tx_complete                    0x080056bd   Thumb Code    14  bsp_usart.o(i.bsp_usart_tx_complete)
    bsp_usart_tx_is_idle                     0x080056d5   Thumb Code    14  bsp_usart.o(i.bsp_usart_tx_is_idle)
    comm_uart_tx_is_idle                     0x080056e9   Thumb Code     4  comm_uart.o(i.comm_uart_tx_is_idle)
    comm_vofa_send3_async                    0x080056ed   Thumb Code   106  comm_uart.o(i.comm_vofa_send3_async)
    main                                     0x0800594d   Thumb Code    74  main.o(i.main)
    _get_lc_numeric                          0x080059a1   Thumb Code    44  lc_numeric_c.o(locale$$code)
    __fpl_dretinf                            0x080059cd   Thumb Code    12  dretinf.o(x$fpl$dretinf)
    __aeabi_f2d                              0x080059d9   Thumb Code     0  f2d.o(x$fpl$f2d)
    _f2d                                     0x080059d9   Thumb Code    86  f2d.o(x$fpl$f2d)
    __aeabi_fadd                             0x08005a31   Thumb Code     0  faddsub_clz.o(x$fpl$fadd)
    _fadd                                    0x08005a31   Thumb Code   196  faddsub_clz.o(x$fpl$fadd)
    __fpl_fcheck_NaN1                        0x08005af5   Thumb Code     6  fcheck1.o(x$fpl$fcheck1)
    __fpl_fcmp_Inf                           0x08005b01   Thumb Code    24  fcmpi.o(x$fpl$fcmpinf)
    __aeabi_fdiv                             0x08005b19   Thumb Code     0  fdiv.o(x$fpl$fdiv)
    _fdiv                                    0x08005b19   Thumb Code   384  fdiv.o(x$fpl$fdiv)
    __aeabi_cfcmpeq                          0x08005c9d   Thumb Code     0  feqf.o(x$fpl$feqf)
    _fcmpeq                                  0x08005c9d   Thumb Code   104  feqf.o(x$fpl$feqf)
    __aeabi_f2iz                             0x08005d05   Thumb Code     0  ffix.o(x$fpl$ffix)
    _ffix                                    0x08005d05   Thumb Code    54  ffix.o(x$fpl$ffix)
    __aeabi_f2uiz                            0x08005d3d   Thumb Code     0  ffixu.o(x$fpl$ffixu)
    _ffixu                                   0x08005d3d   Thumb Code    62  ffixu.o(x$fpl$ffixu)
    __aeabi_i2f                              0x08005d7d   Thumb Code     0  fflt_clz.o(x$fpl$fflt)
    _fflt                                    0x08005d7d   Thumb Code    48  fflt_clz.o(x$fpl$fflt)
    __aeabi_ui2f                             0x08005dad   Thumb Code     0  fflt_clz.o(x$fpl$ffltu)
    _ffltu                                   0x08005dad   Thumb Code    38  fflt_clz.o(x$fpl$ffltu)
    __aeabi_cfcmple                          0x08005dd5   Thumb Code     0  fleqf.o(x$fpl$fleqf)
    _fcmple                                  0x08005dd5   Thumb Code   104  fleqf.o(x$fpl$fleqf)
    __fpl_fcmple_InfNaN                      0x08005e27   Thumb Code     0  fleqf.o(x$fpl$fleqf)
    __aeabi_fmul                             0x08005e3d   Thumb Code     0  fmul.o(x$fpl$fmul)
    _fmul                                    0x08005e3d   Thumb Code   258  fmul.o(x$fpl$fmul)
    __fpl_fnaninf                            0x08005f3f   Thumb Code   140  fnaninf.o(x$fpl$fnaninf)
    __fpl_fretinf                            0x08005fcb   Thumb Code    10  fretinf.o(x$fpl$fretinf)
    __aeabi_cfrcmple                         0x08005fd5   Thumb Code     0  frleqf.o(x$fpl$frleqf)
    _frcmple                                 0x08005fd5   Thumb Code    98  frleqf.o(x$fpl$frleqf)
    __aeabi_frsub                            0x08006037   Thumb Code     0  faddsub_clz.o(x$fpl$frsb)
    _frsb                                    0x08006037   Thumb Code    20  faddsub_clz.o(x$fpl$frsb)
    __aeabi_fsub                             0x0800604d   Thumb Code     0  faddsub_clz.o(x$fpl$fsub)
    _fsub                                    0x0800604d   Thumb Code   234  faddsub_clz.o(x$fpl$fsub)
    _printf_fp_dec                           0x08006137   Thumb Code     4  printf1.o(x$fpl$printf1)
    __fpl_return_NaN                         0x0800613b   Thumb Code   100  retnan.o(x$fpl$retnan)
    __ARM_scalbnf                            0x0800619f   Thumb Code    76  scalbnf.o(x$fpl$scalbnf)
    __fpl_cmpreturn                          0x080061eb   Thumb Code    48  trapv.o(x$fpl$trapveneer)
    __I$use$fp                               0x0800621a   Number         0  usenofp.o(x$fpl$usenofp)
    AHBPrescTable                            0x0800623e   Data          16  system_stm32f1xx.o(.constdata)
    APBPrescTable                            0x0800624e   Data           8  system_stm32f1xx.o(.constdata)
    hSin_Cos_Table                           0x080062d0   Data         512  foc_math.o(.constdata)
    foc_hal                                  0x080064d0   Data          28  user_foc_hal.o(.constdata)
    Region$$Table$$Base                      0x08006590   Number         0  anon$$obj.o(Region$$Table)
    Region$$Table$$Limit                     0x080065b0   Number         0  anon$$obj.o(Region$$Table)
    uwTickFreq                               0x20000000   Data           1  stm32f1xx_hal.o(.data)
    uwTickPrio                               0x20000004   Data           4  stm32f1xx_hal.o(.data)
    uwTick                                   0x20000008   Data           4  stm32f1xx_hal.o(.data)
    SystemCoreClock                          0x2000000c   Data           4  system_stm32f1xx.o(.data)
    angle_error                              0x20000030   Data           4  smo.o(.data)
    hadc1                                    0x20000034   Data          48  adc.o(.bss)
    hcan                                     0x20000064   Data          40  can.o(.bss)
    hi2c1                                    0x2000008c   Data          84  i2c.o(.bss)
    htim2                                    0x200000e0   Data          72  tim.o(.bss)
    htim3                                    0x20000128   Data          72  tim.o(.bss)
    huart1                                   0x20000170   Data          72  usart.o(.bss)
    hdma_usart1_tx                           0x200001b8   Data          68  usart.o(.bss)
    __libspace_start                         0x200009e0   Data          96  libspace.o(.bss)
    __temporary_stack_top$libspace           0x20000a40   Data           0  libspace.o(.bss)



==============================================================================

Memory Map of the image

  Image Entry point : 0x080000ed

  Load Region LR_IROM1 (Base: 0x08000000, Size: 0x00006600, Max: 0x00010000, ABSOLUTE)

    Execution Region ER_IROM1 (Exec base: 0x08000000, Load base: 0x08000000, Size: 0x000065cc, Max: 0x00010000, ABSOLUTE)

    Exec Addr    Load Addr    Size         Type   Attr      Idx    E Section Name        Object

    0x08000000   0x08000000   0x000000ec   Data   RO            3    RESET               startup_stm32f103xb.o
    0x080000ec   0x080000ec   0x00000008   Code   RO         4999  * !!!main             c_w.l(__main.o)
    0x080000f4   0x080000f4   0x00000034   Code   RO         5325    !!!scatter          c_w.l(__scatter.o)
    0x08000128   0x08000128   0x0000001a   Code   RO         5327    !!handler_copy      c_w.l(__scatter_copy.o)
    0x08000142   0x08000142   0x00000002   PAD
    0x08000144   0x08000144   0x0000001c   Code   RO         5329    !!handler_zi        c_w.l(__scatter_zi.o)
    0x08000160   0x08000160   0x00000000   Code   RO         4990    .ARM.Collect$$_printf_percent$$00000000  c_w.l(_printf_percent.o)
    0x08000160   0x08000160   0x00000006   Code   RO         4989    .ARM.Collect$$_printf_percent$$00000003  c_w.l(_printf_f.o)
    0x08000166   0x08000166   0x00000004   Code   RO         5076    .ARM.Collect$$_printf_percent$$00000017  c_w.l(_printf_percent_end.o)
    0x0800016a   0x0800016a   0x00000002   Code   RO         5196    .ARM.Collect$$libinit$$00000000  c_w.l(libinit.o)
    0x0800016c   0x0800016c   0x00000000   Code   RO         5198    .ARM.Collect$$libinit$$00000002  c_w.l(libinit2.o)
    0x0800016c   0x0800016c   0x00000000   Code   RO         5200    .ARM.Collect$$libinit$$00000004  c_w.l(libinit2.o)
    0x0800016c   0x0800016c   0x00000000   Code   RO         5203    .ARM.Collect$$libinit$$0000000A  c_w.l(libinit2.o)
    0x0800016c   0x0800016c   0x00000000   Code   RO         5205    .ARM.Collect$$libinit$$0000000C  c_w.l(libinit2.o)
    0x0800016c   0x0800016c   0x00000000   Code   RO         5207    .ARM.Collect$$libinit$$0000000E  c_w.l(libinit2.o)
    0x0800016c   0x0800016c   0x00000006   Code   RO         5208    .ARM.Collect$$libinit$$0000000F  c_w.l(libinit2.o)
    0x08000172   0x08000172   0x00000000   Code   RO         5210    .ARM.Collect$$libinit$$00000011  c_w.l(libinit2.o)
    0x08000172   0x08000172   0x00000000   Code   RO         5212    .ARM.Collect$$libinit$$00000013  c_w.l(libinit2.o)
    0x08000172   0x08000172   0x00000000   Code   RO         5214    .ARM.Collect$$libinit$$00000015  c_w.l(libinit2.o)
    0x08000172   0x08000172   0x0000000a   Code   RO         5215    .ARM.Collect$$libinit$$00000016  c_w.l(libinit2.o)
    0x0800017c   0x0800017c   0x00000000   Code   RO         5216    .ARM.Collect$$libinit$$00000017  c_w.l(libinit2.o)
    0x0800017c   0x0800017c   0x00000000   Code   RO         5218    .ARM.Collect$$libinit$$00000019  c_w.l(libinit2.o)
    0x0800017c   0x0800017c   0x00000000   Code   RO         5220    .ARM.Collect$$libinit$$0000001B  c_w.l(libinit2.o)
    0x0800017c   0x0800017c   0x00000000   Code   RO         5222    .ARM.Collect$$libinit$$0000001D  c_w.l(libinit2.o)
    0x0800017c   0x0800017c   0x00000000   Code   RO         5224    .ARM.Collect$$libinit$$0000001F  c_w.l(libinit2.o)
    0x0800017c   0x0800017c   0x00000000   Code   RO         5226    .ARM.Collect$$libinit$$00000021  c_w.l(libinit2.o)
    0x0800017c   0x0800017c   0x00000000   Code   RO         5228    .ARM.Collect$$libinit$$00000023  c_w.l(libinit2.o)
    0x0800017c   0x0800017c   0x00000000   Code   RO         5230    .ARM.Collect$$libinit$$00000025  c_w.l(libinit2.o)
    0x0800017c   0x0800017c   0x00000000   Code   RO         5234    .ARM.Collect$$libinit$$0000002C  c_w.l(libinit2.o)
    0x0800017c   0x0800017c   0x00000000   Code   RO         5236    .ARM.Collect$$libinit$$0000002E  c_w.l(libinit2.o)
    0x0800017c   0x0800017c   0x00000000   Code   RO         5238    .ARM.Collect$$libinit$$00000030  c_w.l(libinit2.o)
    0x0800017c   0x0800017c   0x00000000   Code   RO         5240    .ARM.Collect$$libinit$$00000032  c_w.l(libinit2.o)
    0x0800017c   0x0800017c   0x00000002   Code   RO         5241    .ARM.Collect$$libinit$$00000033  c_w.l(libinit2.o)
    0x0800017e   0x0800017e   0x00000002   Code   RO         5273    .ARM.Collect$$libshutdown$$00000000  c_w.l(libshutdown.o)
    0x08000180   0x08000180   0x00000000   Code   RO         5284    .ARM.Collect$$libshutdown$$00000002  c_w.l(libshutdown2.o)
    0x08000180   0x08000180   0x00000000   Code   RO         5286    .ARM.Collect$$libshutdown$$00000004  c_w.l(libshutdown2.o)
    0x08000180   0x08000180   0x00000000   Code   RO         5289    .ARM.Collect$$libshutdown$$00000007  c_w.l(libshutdown2.o)
    0x08000180   0x08000180   0x00000000   Code   RO         5292    .ARM.Collect$$libshutdown$$0000000A  c_w.l(libshutdown2.o)
    0x08000180   0x08000180   0x00000000   Code   RO         5294    .ARM.Collect$$libshutdown$$0000000C  c_w.l(libshutdown2.o)
    0x08000180   0x08000180   0x00000000   Code   RO         5297    .ARM.Collect$$libshutdown$$0000000F  c_w.l(libshutdown2.o)
    0x08000180   0x08000180   0x00000002   Code   RO         5298    .ARM.Collect$$libshutdown$$00000010  c_w.l(libshutdown2.o)
    0x08000182   0x08000182   0x00000000   Code   RO         5065    .ARM.Collect$$rtentry$$00000000  c_w.l(__rtentry.o)
    0x08000182   0x08000182   0x00000000   Code   RO         5118    .ARM.Collect$$rtentry$$00000002  c_w.l(__rtentry2.o)
    0x08000182   0x08000182   0x00000006   Code   RO         5130    .ARM.Collect$$rtentry$$00000004  c_w.l(__rtentry4.o)
    0x08000188   0x08000188   0x00000000   Code   RO         5120    .ARM.Collect$$rtentry$$00000009  c_w.l(__rtentry2.o)
    0x08000188   0x08000188   0x00000004   Code   RO         5121    .ARM.Collect$$rtentry$$0000000A  c_w.l(__rtentry2.o)
    0x0800018c   0x0800018c   0x00000000   Code   RO         5123    .ARM.Collect$$rtentry$$0000000C  c_w.l(__rtentry2.o)
    0x0800018c   0x0800018c   0x00000008   Code   RO         5124    .ARM.Collect$$rtentry$$0000000D  c_w.l(__rtentry2.o)
    0x08000194   0x08000194   0x00000002   Code   RO         5244    .ARM.Collect$$rtexit$$00000000  c_w.l(rtexit.o)
    0x08000196   0x08000196   0x00000000   Code   RO         5251    .ARM.Collect$$rtexit$$00000002  c_w.l(rtexit2.o)
    0x08000196   0x08000196   0x00000004   Code   RO         5252    .ARM.Collect$$rtexit$$00000003  c_w.l(rtexit2.o)
    0x0800019a   0x0800019a   0x00000006   Code   RO         5253    .ARM.Collect$$rtexit$$00000004  c_w.l(rtexit2.o)
    0x080001a0   0x080001a0   0x00000040   Code   RO            4    .text               startup_stm32f103xb.o
    0x080001e0   0x080001e0   0x00000038   Code   RO         4961    .text               c_w.l(__2snprintf.o)
    0x08000218   0x08000218   0x0000010e   Code   RO         4977    .text               c_w.l(__printf_wp.o)
    0x08000326   0x08000326   0x0000008a   Code   RO         4991    .text               c_w.l(rt_memcpy_v6.o)
    0x080003b0   0x080003b0   0x00000064   Code   RO         4993    .text               c_w.l(rt_memcpy_w.o)
    0x08000414   0x08000414   0x0000004e   Code   RO         4995    .text               c_w.l(rt_memclr_w.o)
    0x08000462   0x08000462   0x00000006   Code   RO         4997    .text               c_w.l(heapauxi.o)
    0x08000468   0x08000468   0x0000041e   Code   RO         5068    .text               c_w.l(_printf_fp_dec.o)
    0x08000886   0x08000886   0x00000002   PAD
    0x08000888   0x08000888   0x00000030   Code   RO         5070    .text               c_w.l(_printf_char_common.o)
    0x080008b8   0x080008b8   0x0000000a   Code   RO         5072    .text               c_w.l(_sputc.o)
    0x080008c2   0x080008c2   0x00000010   Code   RO         5074    .text               c_w.l(_snputc.o)
    0x080008d2   0x080008d2   0x00000002   PAD
    0x080008d4   0x080008d4   0x00000008   Code   RO         5135    .text               c_w.l(rt_locale_intlibspace.o)
    0x080008dc   0x080008dc   0x0000008a   Code   RO         5142    .text               c_w.l(lludiv10.o)
    0x08000966   0x08000966   0x00000002   PAD
    0x08000968   0x08000968   0x00000080   Code   RO         5144    .text               c_w.l(_printf_fp_infnan.o)
    0x080009e8   0x080009e8   0x000000e4   Code   RO         5148    .text               c_w.l(bigflt0.o)
    0x08000acc   0x08000acc   0x00000008   Code   RO         5182    .text               c_w.l(libspace.o)
    0x08000ad4   0x08000ad4   0x0000004a   Code   RO         5185    .text               c_w.l(sys_stackheap_outer.o)
    0x08000b1e   0x08000b1e   0x00000012   Code   RO         5187    .text               c_w.l(exit.o)
    0x08000b30   0x08000b30   0x00000080   Code   RO         5189    .text               c_w.l(strcmpv7m.o)
    0x08000bb0   0x08000bb0   0x0000000c   Code   RO         5263    .text               c_w.l(sys_exit.o)
    0x08000bbc   0x08000bbc   0x00000002   Code   RO         5274    .text               c_w.l(use_no_semi.o)
    0x08000bbe   0x08000bbe   0x00000000   Code   RO         5276    .text               c_w.l(indicate_semi.o)
    0x08000bbe   0x08000bbe   0x0000003e   Code   RO         5151    CL$$btod_d2e        c_w.l(btod.o)
    0x08000bfc   0x08000bfc   0x00000046   Code   RO         5153    CL$$btod_d2e_denorm_low  c_w.l(btod.o)
    0x08000c42   0x08000c42   0x00000060   Code   RO         5152    CL$$btod_d2e_norm_op1  c_w.l(btod.o)
    0x08000ca2   0x08000ca2   0x00000338   Code   RO         5161    CL$$btod_div_common  c_w.l(btod.o)
    0x08000fda   0x08000fda   0x000000dc   Code   RO         5158    CL$$btod_e2e        c_w.l(btod.o)
    0x080010b6   0x080010b6   0x0000002a   Code   RO         5155    CL$$btod_ediv       c_w.l(btod.o)
    0x080010e0   0x080010e0   0x0000002a   Code   RO         5154    CL$$btod_emul       c_w.l(btod.o)
    0x0800110a   0x0800110a   0x00000244   Code   RO         5160    CL$$btod_mult_common  c_w.l(btod.o)
    0x0800134e   0x0800134e   0x00000002   PAD
    0x08001350   0x08001350   0x0000000c   Code   RO          487    i.ADC1_2_IRQHandler  stm32f1xx_it.o
    0x0800135c   0x0800135c   0x00000056   Code   RO          647    i.ADC_ConversionStop_Disable  stm32f1xx_hal_adc.o
    0x080013b2   0x080013b2   0x00000002   PAD
    0x080013b4   0x080013b4   0x0000007c   Code   RO          651    i.ADC_Enable        stm32f1xx_hal_adc.o
    0x08001430   0x08001430   0x00000018   Code   RO         4285    i.AS5600_RawToRad   as5600.o
    0x08001448   0x08001448   0x0000002c   Code   RO         4286    i.AS5600_Read12     as5600.o
    0x08001474   0x08001474   0x0000000a   Code   RO         4287    i.AS5600_ReadAGC    as5600.o
    0x0800147e   0x0800147e   0x00000008   Code   RO         4288    i.AS5600_ReadAngle  as5600.o
    0x08001486   0x08001486   0x0000005c   Code   RO         4289    i.AS5600_ReadData   as5600.o
    0x080014e2   0x080014e2   0x00000008   Code   RO         4291    i.AS5600_ReadMagnitude  as5600.o
    0x080014ea   0x080014ea   0x00000008   Code   RO         4292    i.AS5600_ReadRawAngle  as5600.o
    0x080014f2   0x080014f2   0x00000014   Code   RO         4293    i.AS5600_ReadReg    as5600.o
    0x08001506   0x08001506   0x00000024   Code   RO         4294    i.AS5600_ReadStatus  as5600.o
    0x0800152a   0x0800152a   0x0000002c   Code   RO         4011    i.App_GetMicroseconds  app_motor.o
    0x08001556   0x08001556   0x00000002   Code   RO          488    i.BusFault_Handler  stm32f1xx_it.o
    0x08001558   0x08001558   0x0000000c   Code   RO          489    i.DMA1_Channel4_IRQHandler  stm32f1xx_it.o
    0x08001564   0x08001564   0x0000002a   Code   RO         1303    i.DMA_SetConfig     stm32f1xx_hal_dma.o
    0x0800158e   0x0800158e   0x00000002   Code   RO          490    i.DebugMon_Handler  stm32f1xx_it.o
    0x08001590   0x08001590   0x00000004   Code   RO           13    i.Error_Handler     main.o
    0x08001594   0x08001594   0x00000024   Code   RO         4406    i.FOC_AbsElecRadPerSecToMechRpm  foc.o
    0x080015b8   0x080015b8   0x00000028   Code   RO         4620    i.FOC_Clark_Transform_Fx  foc_math.o
    0x080015e0   0x080015e0   0x0000002e   Code   RO         4623    i.FOC_FastNorm_Fx   foc_math.o
    0x0800160e   0x0800160e   0x00000002   PAD
    0x08001610   0x08001610   0x00000030   Code   RO         4407    i.FOC_FloatToQ15    foc.o
    0x08001640   0x08001640   0x00000010   Code   RO         4408    i.FOC_FloatToQ16_16  foc.o
    0x08001650   0x08001650   0x00000070   Code   RO         4409    i.FOC_IDLE_Convert_Prepare  foc.o
    0x080016c0   0x080016c0   0x0000003e   Code   RO         4626    i.FOC_InvPark_Transform_Fx  foc_math.o
    0x080016fe   0x080016fe   0x00000050   Code   RO         4627    i.FOC_Motor_Cali_Offset  foc_math.o
    0x0800174e   0x0800174e   0x00000002   PAD
    0x08001750   0x08001750   0x000000b8   Code   RO         4410    i.FOC_Open_Convert_Prepare  foc.o
    0x08001808   0x08001808   0x00000086   Code   RO         4629    i.FOC_PI_Regulator_Fx  foc_math.o
    0x0800188e   0x0800188e   0x00000130   Code   RO         4411    i.FOC_PI_Regulator_Q16  foc.o
    0x080019be   0x080019be   0x0000003c   Code   RO         4631    i.FOC_Park_Transform_Fx  foc_math.o
    0x080019fa   0x080019fa   0x00000002   PAD
    0x080019fc   0x080019fc   0x00000020   Code   RO         4412    i.FOC_Q15Clamp      foc.o
    0x08001a1c   0x08001a1c   0x00000020   Code   RO         4632    i.FOC_Q15Clamp      foc_math.o
    0x08001a3c   0x08001a3c   0x00000004   Code   RO         4633    i.FOC_Q15FromAccum  foc_math.o
    0x08001a40   0x08001a40   0x00000004   Code   RO         4413    i.FOC_Q15FromVoltagePu  foc.o
    0x08001a44   0x08001a44   0x00000014   Code   RO         4414    i.FOC_Q15ToCurrent  foc.o
    0x08001a58   0x08001a58   0x00000012   Code   RO         4415    i.FOC_Q15ToFloat    foc.o
    0x08001a6a   0x08001a6a   0x00000002   PAD
    0x08001a6c   0x08001a6c   0x00000014   Code   RO         4416    i.FOC_Q15ToVoltage  foc.o
    0x08001a80   0x08001a80   0x00000012   Code   RO         4417    i.FOC_Q16_16ToFloat  foc.o
    0x08001a92   0x08001a92   0x00000002   PAD
    0x08001a94   0x08001a94   0x00000030   Code   RO         4634    i.FOC_RadToQ15Angle  foc_math.o
    0x08001ac4   0x08001ac4   0x000001b0   Code   RO         4636    i.FOC_SVPWM_Generate_Fx  foc_math.o
    0x08001c74   0x08001c74   0x00000070   Code   RO         4637    i.FOC_Trig_Functions  foc_math.o
    0x08001ce4   0x08001ce4   0x0000001c   Code   RO         4638    i.FOC_Updata_Trig   foc_math.o
    0x08001d00   0x08001d00   0x0000000c   Code   RO         4418    i.FOC_VoltageToPu   foc.o
    0x08001d0c   0x08001d0c   0x000000dc   Code   RO         4419    i.Foc_Align_Loop    foc.o
    0x08001de8   0x08001de8   0x00000148   Code   RO         4420    i.Foc_Close_Loop    foc.o
    0x08001f30   0x08001f30   0x00000074   Code   RO         4422    i.Foc_GetCurrentLoopDebug  foc.o
    0x08001fa4   0x08001fa4   0x00000010   Code   RO         4423    i.Foc_GetStruct     foc.o
    0x08001fb4   0x08001fb4   0x00000040   Code   RO         4425    i.Foc_Init          foc.o
    0x08001ff4   0x08001ff4   0x00000160   Code   RO         4426    i.Foc_Loop          foc.o
    0x08002154   0x08002154   0x0000008c   Code   RO         4427    i.Foc_Open_Loop     foc.o
    0x080021e0   0x080021e0   0x000001e0   Code   RO         4428    i.Foc_ParamInit     foc.o
    0x080023c0   0x080023c0   0x00000070   Code   RO         4429    i.Foc_Preprocess_CurrentSample  foc.o
    0x08002430   0x08002430   0x00000018   Code   RO         4431    i.Foc_SetElectricalAngle  foc.o
    0x08002448   0x08002448   0x00000064   Code   RO         4434    i.Foc_Set_Speed     foc.o
    0x080024ac   0x080024ac   0x000000fc   Code   RO         4436    i.Foc_Update_SpeedLoop  foc.o
    0x080025a8   0x080025a8   0x000000d8   Code   RO          827    i.HAL_ADCEx_Calibration_Start  stm32f1xx_hal_adc_ex.o
    0x08002680   0x08002680   0x000001dc   Code   RO          828    i.HAL_ADCEx_InjectedConfigChannel  stm32f1xx_hal_adc_ex.o
    0x0800285c   0x0800285c   0x00000060   Code   RO         4012    i.HAL_ADCEx_InjectedConvCpltCallback  app_motor.o
    0x080028bc   0x080028bc   0x000000b4   Code   RO          833    i.HAL_ADCEx_InjectedStart_IT  stm32f1xx_hal_adc_ex.o
    0x08002970   0x08002970   0x00000002   Code   RO          654    i.HAL_ADC_ConvCpltCallback  stm32f1xx_hal_adc.o
    0x08002972   0x08002972   0x000000dc   Code   RO          661    i.HAL_ADC_IRQHandler  stm32f1xx_hal_adc.o
    0x08002a4e   0x08002a4e   0x00000002   PAD
    0x08002a50   0x08002a50   0x0000011c   Code   RO          662    i.HAL_ADC_Init      stm32f1xx_hal_adc.o
    0x08002b6c   0x08002b6c   0x00000002   Code   RO          663    i.HAL_ADC_LevelOutOfWindowCallback  stm32f1xx_hal_adc.o
    0x08002b6e   0x08002b6e   0x00000002   PAD
    0x08002b70   0x08002b70   0x00000068   Code   RO          242    i.HAL_ADC_MspInit   adc.o
    0x08002bd8   0x08002bd8   0x0000011a   Code   RO         1914    i.HAL_CAN_Init      stm32f1xx_hal_can.o
    0x08002cf2   0x08002cf2   0x00000002   PAD
    0x08002cf4   0x08002cf4   0x0000006c   Code   RO          284    i.HAL_CAN_MspInit   can.o
    0x08002d60   0x08002d60   0x00000046   Code   RO         1304    i.HAL_DMA_Abort     stm32f1xx_hal_dma.o
    0x08002da6   0x08002da6   0x00000002   PAD
    0x08002da8   0x08002da8   0x00000098   Code   RO         1305    i.HAL_DMA_Abort_IT  stm32f1xx_hal_dma.o
    0x08002e40   0x08002e40   0x00000154   Code   RO         1309    i.HAL_DMA_IRQHandler  stm32f1xx_hal_dma.o
    0x08002f94   0x08002f94   0x0000005c   Code   RO         1310    i.HAL_DMA_Init      stm32f1xx_hal_dma.o
    0x08002ff0   0x08002ff0   0x00000070   Code   RO         1314    i.HAL_DMA_Start_IT  stm32f1xx_hal_dma.o
    0x08003060   0x08003060   0x00000024   Code   RO          930    i.HAL_Delay         stm32f1xx_hal.o
    0x08003084   0x08003084   0x000001e0   Code   RO         1240    i.HAL_GPIO_Init     stm32f1xx_hal_gpio.o
    0x08003264   0x08003264   0x0000000a   Code   RO         1244    i.HAL_GPIO_WritePin  stm32f1xx_hal_gpio.o
    0x0800326e   0x0800326e   0x00000002   PAD
    0x08003270   0x08003270   0x0000000c   Code   RO          934    i.HAL_GetTick       stm32f1xx_hal.o
    0x0800327c   0x0800327c   0x00000188   Code   RO         2145    i.HAL_I2C_Init      stm32f1xx_hal_i2c.o
    0x08003404   0x08003404   0x0000025c   Code   RO         2163    i.HAL_I2C_Mem_Read  stm32f1xx_hal_i2c.o
    0x08003660   0x08003660   0x0000005c   Code   RO          350    i.HAL_I2C_MspInit   i2c.o
    0x080036bc   0x080036bc   0x00000010   Code   RO          940    i.HAL_IncTick       stm32f1xx_hal.o
    0x080036cc   0x080036cc   0x00000024   Code   RO          941    i.HAL_Init          stm32f1xx_hal.o
    0x080036f0   0x080036f0   0x00000040   Code   RO          942    i.HAL_InitTick      stm32f1xx_hal.o
    0x08003730   0x08003730   0x0000003c   Code   RO          587    i.HAL_MspInit       stm32f1xx_hal_msp.o
    0x0800376c   0x0800376c   0x0000001a   Code   RO         1400    i.HAL_NVIC_EnableIRQ  stm32f1xx_hal_cortex.o
    0x08003786   0x08003786   0x00000002   PAD
    0x08003788   0x08003788   0x00000040   Code   RO         1406    i.HAL_NVIC_SetPriority  stm32f1xx_hal_cortex.o
    0x080037c8   0x080037c8   0x00000024   Code   RO         1407    i.HAL_NVIC_SetPriorityGrouping  stm32f1xx_hal_cortex.o
    0x080037ec   0x080037ec   0x000000a4   Code   RO         1201    i.HAL_RCCEx_GetPeriphCLKFreq  stm32f1xx_hal_rcc_ex.o
    0x08003890   0x08003890   0x000000ec   Code   RO         1202    i.HAL_RCCEx_PeriphCLKConfig  stm32f1xx_hal_rcc_ex.o
    0x0800397c   0x0800397c   0x0000012c   Code   RO         1098    i.HAL_RCC_ClockConfig  stm32f1xx_hal_rcc.o
    0x08003aa8   0x08003aa8   0x00000020   Code   RO         1105    i.HAL_RCC_GetPCLK1Freq  stm32f1xx_hal_rcc.o
    0x08003ac8   0x08003ac8   0x00000020   Code   RO         1106    i.HAL_RCC_GetPCLK2Freq  stm32f1xx_hal_rcc.o
    0x08003ae8   0x08003ae8   0x0000004c   Code   RO         1107    i.HAL_RCC_GetSysClockFreq  stm32f1xx_hal_rcc.o
    0x08003b34   0x08003b34   0x00000320   Code   RO         1110    i.HAL_RCC_OscConfig  stm32f1xx_hal_rcc.o
    0x08003e54   0x08003e54   0x00000028   Code   RO         1411    i.HAL_SYSTICK_Config  stm32f1xx_hal_cortex.o
    0x08003e7c   0x08003e7c   0x00000002   Code   RO         3277    i.HAL_TIMEx_BreakCallback  stm32f1xx_hal_tim_ex.o
    0x08003e7e   0x08003e7e   0x00000002   Code   RO         3278    i.HAL_TIMEx_CommutCallback  stm32f1xx_hal_tim_ex.o
    0x08003e80   0x08003e80   0x00000068   Code   RO         3296    i.HAL_TIMEx_MasterConfigSynchronization  stm32f1xx_hal_tim_ex.o
    0x08003ee8   0x08003ee8   0x0000005a   Code   RO         2573    i.HAL_TIM_Base_Init  stm32f1xx_hal_tim.o
    0x08003f42   0x08003f42   0x00000002   PAD
    0x08003f44   0x08003f44   0x00000050   Code   RO          392    i.HAL_TIM_Base_MspInit  tim.o
    0x08003f94   0x08003f94   0x00000050   Code   RO         2576    i.HAL_TIM_Base_Start  stm32f1xx_hal_tim.o
    0x08003fe4   0x08003fe4   0x000000dc   Code   RO         2582    i.HAL_TIM_ConfigClockSource  stm32f1xx_hal_tim.o
    0x080040c0   0x080040c0   0x00000002   Code   RO         2607    i.HAL_TIM_IC_CaptureCallback  stm32f1xx_hal_tim.o
    0x080040c2   0x080040c2   0x00000130   Code   RO         2621    i.HAL_TIM_IRQHandler  stm32f1xx_hal_tim.o
    0x080041f2   0x080041f2   0x00000002   PAD
    0x080041f4   0x080041f4   0x00000048   Code   RO          393    i.HAL_TIM_MspPostInit  tim.o
    0x0800423c   0x0800423c   0x00000002   Code   RO         2624    i.HAL_TIM_OC_DelayElapsedCallback  stm32f1xx_hal_tim.o
    0x0800423e   0x0800423e   0x000000cc   Code   RO         2645    i.HAL_TIM_PWM_ConfigChannel  stm32f1xx_hal_tim.o
    0x0800430a   0x0800430a   0x0000005a   Code   RO         2648    i.HAL_TIM_PWM_Init  stm32f1xx_hal_tim.o
    0x08004364   0x08004364   0x00000002   Code   RO         2650    i.HAL_TIM_PWM_MspInit  stm32f1xx_hal_tim.o
    0x08004366   0x08004366   0x00000002   Code   RO         2651    i.HAL_TIM_PWM_PulseFinishedCallback  stm32f1xx_hal_tim.o
    0x08004368   0x08004368   0x0000009c   Code   RO         2653    i.HAL_TIM_PWM_Start  stm32f1xx_hal_tim.o
    0x08004404   0x08004404   0x00000070   Code   RO         2656    i.HAL_TIM_PWM_Stop  stm32f1xx_hal_tim.o
    0x08004474   0x08004474   0x00000002   Code   RO         2659    i.HAL_TIM_PeriodElapsedCallback  stm32f1xx_hal_tim.o
    0x08004476   0x08004476   0x00000002   Code   RO         2664    i.HAL_TIM_TriggerCallback  stm32f1xx_hal_tim.o
    0x08004478   0x08004478   0x00000002   Code   RO         3556    i.HAL_UARTEx_RxEventCallback  stm32f1xx_hal_uart.o
    0x0800447a   0x0800447a   0x00000002   Code   RO         3570    i.HAL_UART_ErrorCallback  stm32f1xx_hal_uart.o
    0x0800447c   0x0800447c   0x0000026c   Code   RO         3573    i.HAL_UART_IRQHandler  stm32f1xx_hal_uart.o
    0x080046e8   0x080046e8   0x00000064   Code   RO         3574    i.HAL_UART_Init     stm32f1xx_hal_uart.o
    0x0800474c   0x0800474c   0x000000b0   Code   RO          446    i.HAL_UART_MspInit  usart.o
    0x080047fc   0x080047fc   0x00000002   Code   RO         3580    i.HAL_UART_RxCpltCallback  stm32f1xx_hal_uart.o
    0x080047fe   0x080047fe   0x00000002   PAD
    0x08004800   0x08004800   0x00000078   Code   RO         3583    i.HAL_UART_Transmit_DMA  stm32f1xx_hal_uart.o
    0x08004878   0x08004878   0x00000004   Code   RO         4175    i.HAL_UART_TxCpltCallback  bsp_usart.o
    0x0800487c   0x0800487c   0x00000002   Code   RO         3586    i.HAL_UART_TxHalfCpltCallback  stm32f1xx_hal_uart.o
    0x0800487e   0x0800487e   0x00000002   Code   RO          491    i.HardFault_Handler  stm32f1xx_it.o
    0x08004880   0x08004880   0x0000002e   Code   RO         2188    i.I2C_IsAcknowledgeFailed  stm32f1xx_hal_i2c.o
    0x080048ae   0x080048ae   0x00000002   PAD
    0x080048b0   0x080048b0   0x000000fc   Code   RO         2198    i.I2C_RequestMemoryRead  stm32f1xx_hal_i2c.o
    0x080049ac   0x080049ac   0x00000090   Code   RO         2204    i.I2C_WaitOnFlagUntilTimeout  stm32f1xx_hal_i2c.o
    0x08004a3c   0x08004a3c   0x000000bc   Code   RO         2205    i.I2C_WaitOnMasterAddressFlagUntilTimeout  stm32f1xx_hal_i2c.o
    0x08004af8   0x08004af8   0x00000070   Code   RO         2206    i.I2C_WaitOnRXNEFlagUntilTimeout  stm32f1xx_hal_i2c.o
    0x08004b68   0x08004b68   0x00000056   Code   RO         2207    i.I2C_WaitOnTXEFlagUntilTimeout  stm32f1xx_hal_i2c.o
    0x08004bbe   0x08004bbe   0x00000002   PAD
    0x08004bc0   0x08004bc0   0x0000007c   Code   RO          243    i.MX_ADC1_Init      adc.o
    0x08004c3c   0x08004c3c   0x0000003c   Code   RO          285    i.MX_CAN_Init       can.o
    0x08004c78   0x08004c78   0x0000002c   Code   RO          325    i.MX_DMA_Init       dma.o
    0x08004ca4   0x08004ca4   0x00000098   Code   RO          217    i.MX_GPIO_Init      gpio.o
    0x08004d3c   0x08004d3c   0x00000040   Code   RO          351    i.MX_I2C1_Init      i2c.o
    0x08004d7c   0x08004d7c   0x000000d4   Code   RO          394    i.MX_TIM2_Init      tim.o
    0x08004e50   0x08004e50   0x00000068   Code   RO          395    i.MX_TIM3_Init      tim.o
    0x08004eb8   0x08004eb8   0x00000038   Code   RO          447    i.MX_USART1_UART_Init  usart.o
    0x08004ef0   0x08004ef0   0x00000002   Code   RO          492    i.MemManage_Handler  stm32f1xx_it.o
    0x08004ef2   0x08004ef2   0x00000002   Code   RO          493    i.NMI_Handler       stm32f1xx_it.o
    0x08004ef4   0x08004ef4   0x00000002   Code   RO          494    i.PendSV_Handler    stm32f1xx_it.o
    0x08004ef6   0x08004ef6   0x00000002   Code   RO          495    i.SVC_Handler       stm32f1xx_it.o
    0x08004ef8   0x08004ef8   0x00000004   Code   RO          496    i.SysTick_Handler   stm32f1xx_it.o
    0x08004efc   0x08004efc   0x00000078   Code   RO           14    i.SystemClock_Config  main.o
    0x08004f74   0x08004f74   0x00000002   Code   RO         3908    i.SystemInit        system_stm32f1xx.o
    0x08004f76   0x08004f76   0x00000002   PAD
    0x08004f78   0x08004f78   0x0000000c   Code   RO          497    i.TIM3_IRQHandler   stm32f1xx_it.o
    0x08004f84   0x08004f84   0x00000078   Code   RO         2666    i.TIM_Base_SetConfig  stm32f1xx_hal_tim.o
    0x08004ffc   0x08004ffc   0x0000001a   Code   RO         2667    i.TIM_CCxChannelCmd  stm32f1xx_hal_tim.o
    0x08005016   0x08005016   0x00000014   Code   RO         2677    i.TIM_ETR_SetConfig  stm32f1xx_hal_tim.o
    0x0800502a   0x0800502a   0x00000010   Code   RO         2678    i.TIM_ITRx_SetConfig  stm32f1xx_hal_tim.o
    0x0800503a   0x0800503a   0x00000002   PAD
    0x0800503c   0x0800503c   0x00000050   Code   RO         2679    i.TIM_OC1_SetConfig  stm32f1xx_hal_tim.o
    0x0800508c   0x0800508c   0x00000058   Code   RO         2680    i.TIM_OC2_SetConfig  stm32f1xx_hal_tim.o
    0x080050e4   0x080050e4   0x00000058   Code   RO         2681    i.TIM_OC3_SetConfig  stm32f1xx_hal_tim.o
    0x0800513c   0x0800513c   0x00000044   Code   RO         2682    i.TIM_OC4_SetConfig  stm32f1xx_hal_tim.o
    0x08005180   0x08005180   0x00000022   Code   RO         2684    i.TIM_TI1_ConfigInputStage  stm32f1xx_hal_tim.o
    0x080051a2   0x080051a2   0x00000024   Code   RO         2686    i.TIM_TI2_ConfigInputStage  stm32f1xx_hal_tim.o
    0x080051c6   0x080051c6   0x00000010   Code   RO         3587    i.UART_DMAAbortOnError  stm32f1xx_hal_uart.o
    0x080051d6   0x080051d6   0x0000004a   Code   RO         3588    i.UART_DMAError     stm32f1xx_hal_uart.o
    0x08005220   0x08005220   0x00000042   Code   RO         3593    i.UART_DMATransmitCplt  stm32f1xx_hal_uart.o
    0x08005262   0x08005262   0x0000000a   Code   RO         3595    i.UART_DMATxHalfCplt  stm32f1xx_hal_uart.o
    0x0800526c   0x0800526c   0x0000004e   Code   RO         3597    i.UART_EndRxTransfer  stm32f1xx_hal_uart.o
    0x080052ba   0x080052ba   0x0000001c   Code   RO         3598    i.UART_EndTxTransfer  stm32f1xx_hal_uart.o
    0x080052d6   0x080052d6   0x000000c2   Code   RO         3599    i.UART_Receive_IT   stm32f1xx_hal_uart.o
    0x08005398   0x08005398   0x000000b8   Code   RO         3600    i.UART_SetConfig    stm32f1xx_hal_uart.o
    0x08005450   0x08005450   0x0000000c   Code   RO          498    i.USART1_IRQHandler  stm32f1xx_it.o
    0x0800545c   0x0800545c   0x00000002   Code   RO          499    i.UsageFault_Handler  stm32f1xx_it.o
    0x0800545e   0x0800545e   0x00000028   Code   RO         5180    i.__ARM_fpclassify  m_ws.l(fpclassify.o)
    0x08005486   0x08005486   0x00000020   Code   RO         1413    i.__NVIC_SetPriority  stm32f1xx_hal_cortex.o
    0x080054a6   0x080054a6   0x0000000e   Code   RO         4979    i._is_digit         c_w.l(__printf_wp.o)
    0x080054b4   0x080054b4   0x00000048   Code   RO         3945    i.app_debug_print   app_comm.o
    0x080054fc   0x080054fc   0x0000001c   Code   RO         3946    i.app_debug_sample_from_isr  app_comm.o
    0x08005518   0x08005518   0x00000150   Code   RO         4013    i.app_foc_mainloop  app_motor.o
    0x08005668   0x08005668   0x00000020   Code   RO         4232    i.bsp_iic_mem_read  bsp_iic.o
    0x08005688   0x08005688   0x00000034   Code   RO         4178    i.bsp_usart_send_async  bsp_usart.o
    0x080056bc   0x080056bc   0x00000018   Code   RO         4179    i.bsp_usart_tx_complete  bsp_usart.o
    0x080056d4   0x080056d4   0x00000014   Code   RO         4180    i.bsp_usart_tx_is_idle  bsp_usart.o
    0x080056e8   0x080056e8   0x00000004   Code   RO         4067    i.comm_uart_tx_is_idle  comm_uart.o
    0x080056ec   0x080056ec   0x00000084   Code   RO         4071    i.comm_vofa_send3_async  comm_uart.o
    0x08005770   0x08005770   0x0000005c   Code   RO         4886    i.foc_hal_adc_filter_sample  user_foc_hal.o
    0x080057cc   0x080057cc   0x00000028   Code   RO         4887    i.foc_hal_adc_get_value  user_foc_hal.o
    0x080057f4   0x080057f4   0x00000014   Code   RO         4888    i.foc_hal_drive_deinit  user_foc_hal.o
    0x08005808   0x08005808   0x00000014   Code   RO         4889    i.foc_hal_drive_init  user_foc_hal.o
    0x0800581c   0x0800581c   0x00000058   Code   RO         4890    i.foc_hal_init      user_foc_hal.o
    0x08005874   0x08005874   0x0000001a   Code   RO         4891    i.foc_hal_median3_u16  user_foc_hal.o
    0x0800588e   0x0800588e   0x00000002   PAD
    0x08005890   0x08005890   0x00000028   Code   RO         4892    i.foc_hal_pwm_disable  user_foc_hal.o
    0x080058b8   0x080058b8   0x0000001c   Code   RO         4893    i.foc_hal_set_duty  user_foc_hal.o
    0x080058d4   0x080058d4   0x00000038   Code   RO         4894    i.foc_hal_tim_start  user_foc_hal.o
    0x0800590c   0x0800590c   0x00000024   Code   RO         4438    i.foc_q16_16_clamp  foc.o
    0x08005930   0x08005930   0x0000001c   Code   RO         4439    i.foc_wrap_angle_0_2pi  foc.o
    0x0800594c   0x0800594c   0x00000054   Code   RO           15    i.main              main.o
    0x080059a0   0x080059a0   0x0000002c   Code   RO         5174    locale$$code        c_w.l(lc_numeric_c.o)
    0x080059cc   0x080059cc   0x0000000c   Code   RO         5077    x$fpl$dretinf       fz_ws.l(dretinf.o)
    0x080059d8   0x080059d8   0x00000056   Code   RO         5001    x$fpl$f2d           fz_ws.l(f2d.o)
    0x08005a2e   0x08005a2e   0x00000002   PAD
    0x08005a30   0x08005a30   0x000000c4   Code   RO         5003    x$fpl$fadd          fz_ws.l(faddsub_clz.o)
    0x08005af4   0x08005af4   0x0000000c   Code   RO         5079    x$fpl$fcheck1       fz_ws.l(fcheck1.o)
    0x08005b00   0x08005b00   0x00000018   Code   RO         5085    x$fpl$fcmpinf       fz_ws.l(fcmpi.o)
    0x08005b18   0x08005b18   0x00000184   Code   RO         5010    x$fpl$fdiv          fz_ws.l(fdiv.o)
    0x08005c9c   0x08005c9c   0x00000068   Code   RO         5013    x$fpl$feqf          fz_ws.l(feqf.o)
    0x08005d04   0x08005d04   0x00000036   Code   RO         5015    x$fpl$ffix          fz_ws.l(ffix.o)
    0x08005d3a   0x08005d3a   0x00000002   PAD
    0x08005d3c   0x08005d3c   0x0000003e   Code   RO         5019    x$fpl$ffixu         fz_ws.l(ffixu.o)
    0x08005d7a   0x08005d7a   0x00000002   PAD
    0x08005d7c   0x08005d7c   0x00000030   Code   RO         5024    x$fpl$fflt          fz_ws.l(fflt_clz.o)
    0x08005dac   0x08005dac   0x00000026   Code   RO         5023    x$fpl$ffltu         fz_ws.l(fflt_clz.o)
    0x08005dd2   0x08005dd2   0x00000002   PAD
    0x08005dd4   0x08005dd4   0x00000068   Code   RO         5029    x$fpl$fleqf         fz_ws.l(fleqf.o)
    0x08005e3c   0x08005e3c   0x00000102   Code   RO         5031    x$fpl$fmul          fz_ws.l(fmul.o)
    0x08005f3e   0x08005f3e   0x0000008c   Code   RO         5087    x$fpl$fnaninf       fz_ws.l(fnaninf.o)
    0x08005fca   0x08005fca   0x0000000a   Code   RO         5091    x$fpl$fretinf       fz_ws.l(fretinf.o)
    0x08005fd4   0x08005fd4   0x00000062   Code   RO         5033    x$fpl$frleqf        fz_ws.l(frleqf.o)
    0x08006036   0x08006036   0x00000014   Code   RO         5004    x$fpl$frsb          fz_ws.l(faddsub_clz.o)
    0x0800604a   0x0800604a   0x00000002   PAD
    0x0800604c   0x0800604c   0x000000ea   Code   RO         5005    x$fpl$fsub          fz_ws.l(faddsub_clz.o)
    0x08006136   0x08006136   0x00000004   Code   RO         5035    x$fpl$printf1       fz_ws.l(printf1.o)
    0x0800613a   0x0800613a   0x00000064   Code   RO         5178    x$fpl$retnan        fz_ws.l(retnan.o)
    0x0800619e   0x0800619e   0x0000004c   Code   RO         5037    x$fpl$scalbnf       fz_ws.l(scalbnf.o)
    0x080061ea   0x080061ea   0x00000030   Code   RO         5242    x$fpl$trapveneer    fz_ws.l(trapv.o)
    0x0800621a   0x0800621a   0x00000000   Code   RO         5097    x$fpl$usenofp       fz_ws.l(usenofp.o)
    0x0800621a   0x0800621a   0x00000012   Data   RO         1111    .constdata          stm32f1xx_hal_rcc.o
    0x0800622c   0x0800622c   0x00000012   Data   RO         1203    .constdata          stm32f1xx_hal_rcc_ex.o
    0x0800623e   0x0800623e   0x00000010   Data   RO         3909    .constdata          system_stm32f1xx.o
    0x0800624e   0x0800624e   0x00000008   Data   RO         3910    .constdata          system_stm32f1xx.o
    0x08006256   0x08006256   0x00000002   PAD
    0x08006258   0x08006258   0x00000078   Data   RO         4441    .constdata          foc.o
    0x080062d0   0x080062d0   0x00000200   Data   RO         4643    .constdata          foc_math.o
    0x080064d0   0x080064d0   0x0000001c   Data   RO         4896    .constdata          user_foc_hal.o
    0x080064ec   0x080064ec   0x0000000e   Data   RO         4897    .constdata          user_foc_hal.o
    0x080064fa   0x080064fa   0x00000002   PAD
    0x080064fc   0x080064fc   0x00000094   Data   RO         5149    .constdata          c_w.l(bigflt0.o)
    0x08006590   0x08006590   0x00000020   Data   RO         5323    Region$$Table       anon$$obj.o
    0x080065b0   0x080065b0   0x0000001c   Data   RO         5173    locale$$data        c_w.l(lc_numeric_c.o)


    Execution Region RW_IRAM1 (Exec base: 0x20000000, Load base: 0x080065cc, Size: 0x00001040, Max: 0x00005000, ABSOLUTE)

    Exec Addr    Load Addr    Size         Type   Attr      Idx    E Section Name        Object

    0x20000000   0x080065cc   0x0000000c   Data   RW          948    .data               stm32f1xx_hal.o
    0x2000000c   0x080065d8   0x00000004   Data   RW         3911    .data               system_stm32f1xx.o
    0x20000010   0x080065dc   0x00000002   Data   RW         3951    .data               app_comm.o
    0x20000012   0x080065de   0x00000002   PAD
    0x20000014   0x080065e0   0x00000018   Data   RW         4015    .data               app_motor.o
    0x2000002c   0x080065f8   0x00000001   Data   RW         4074    .data               comm_uart.o
    0x2000002d   0x080065f9   0x00000001   Data   RW         4181    .data               bsp_usart.o
    0x2000002e   0x080065fa   0x00000002   PAD
    0x20000030   0x080065fc   0x00000004   Data   RW         4850    .data               smo.o
    0x20000034        -       0x00000030   Zero   RW          244    .bss                adc.o
    0x20000064        -       0x00000028   Zero   RW          286    .bss                can.o
    0x2000008c        -       0x00000054   Zero   RW          352    .bss                i2c.o
    0x200000e0        -       0x00000090   Zero   RW          396    .bss                tim.o
    0x20000170        -       0x0000008c   Zero   RW          448    .bss                usart.o
    0x200001fc        -       0x00000080   Zero   RW         4073    .bss                comm_uart.o
    0x2000027c        -       0x00000738   Zero   RW         4440    .bss                foc.o
    0x200009b4        -       0x0000002a   Zero   RW         4895    .bss                user_foc_hal.o
    0x200009de   0x08006600   0x00000002   PAD
    0x200009e0        -       0x00000060   Zero   RW         5183    .bss                c_w.l(libspace.o)
    0x20000a40        -       0x00000200   Zero   RW            2    HEAP                startup_stm32f103xb.o
    0x20000c40        -       0x00000400   Zero   RW            1    STACK               startup_stm32f103xb.o


==============================================================================

Image component sizes


      Code (inc. data)   RO Data    RW Data    ZI Data      Debug   Object Name

       228         20          0          0         48       1589   adc.o
       100          8          0          2          0       1714   app_comm.o
       476         40          0         24          0       7418   app_motor.o
       250          4          0          0          0       5807   as5600.o
        32          6          0          0          0        999   bsp_iic.o
       100         26          0          1          0       2604   bsp_usart.o
       168         20          0          0         40       1519   can.o
       136         26          0          1        128       1983   comm_uart.o
        44          4          0          0          0        694   dma.o
      3092        214        120          0       1848      25660   foc.o
      1078         42        512          0          0      15392   foc_math.o
       152         14          0          0          0        867   gpio.o
       156         26          0          0         84       1505   i2c.o
       208         10          0          0          0     472158   main.o
         0          0          0          4          0        214   smo.o
        64         26        236          0       1536        780   startup_stm32f103xb.o
       164         28          0         12          0       5653   stm32f1xx_hal.o
       718         22          0          0          0       4772   stm32f1xx_hal_adc.o
       872         30          0          0          0       3373   stm32f1xx_hal_adc_ex.o
       282          0          0          0          0       1327   stm32f1xx_hal_can.o
       198         14          0          0          0      28755   stm32f1xx_hal_cortex.o
       808         36          0          0          0       4770   stm32f1xx_hal_dma.o
       490         34          0          0          0       2796   stm32f1xx_hal_gpio.o
      1824         40          0          0          0       9714   stm32f1xx_hal_i2c.o
        60          8          0          0          0        814   stm32f1xx_hal_msp.o
      1240         84         18          0          0       4924   stm32f1xx_hal_rcc.o
       400         28         18          0          0       2377   stm32f1xx_hal_rcc_ex.o
      1844         62          0          0          0      16566   stm32f1xx_hal_tim.o
       108         12          0          0          0       2277   stm32f1xx_hal_tim_ex.o
      1498         24          0          0          0      10620   stm32f1xx_hal_uart.o
        68         24          0          0          0       5215   stm32f1xx_it.o
         2          0         24          4          0       1023   system_stm32f1xx.o
       468         30          0          0        144       2885   tim.o
       232         28          0          0        140       1653   usart.o
       410         48         42          0         42       6426   user_foc_hal.o

    ----------------------------------------------------------------------
     18010       1038       1006         52       4012     656843   Object Totals
         0          0         32          0          0          0   (incl. Generated)
        40          0          4          4          2          0   (incl. Padding)

    ----------------------------------------------------------------------

      Code (inc. data)   RO Data    RW Data    ZI Data      Debug   Library Member Name

        56          6          0          0          0         88   __2snprintf.o
         8          0          0          0          0         68   __main.o
       284          0          0          0          0        156   __printf_wp.o
         0          0          0          0          0          0   __rtentry.o
        12          0          0          0          0          0   __rtentry2.o
         6          0          0          0          0          0   __rtentry4.o
        52          8          0          0          0          0   __scatter.o
        26          0          0          0          0          0   __scatter_copy.o
        28          0          0          0          0          0   __scatter_zi.o
        48          6          0          0          0         96   _printf_char_common.o
         6          0          0          0          0          0   _printf_f.o
      1054          0          0          0          0        216   _printf_fp_dec.o
       128         16          0          0          0         84   _printf_fp_infnan.o
         0          0          0          0          0          0   _printf_percent.o
         4          0          0          0          0          0   _printf_percent_end.o
        16          0          0          0          0         68   _snputc.o
        10          0          0          0          0         68   _sputc.o
       228          4        148          0          0         96   bigflt0.o
      1936        128          0          0          0        672   btod.o
        18          0          0          0          0         80   exit.o
         6          0          0          0          0        152   heapauxi.o
         0          0          0          0          0          0   indicate_semi.o
        44         10         28          0          0         76   lc_numeric_c.o
         2          0          0          0          0          0   libinit.o
        18          0          0          0          0          0   libinit2.o
         2          0          0          0          0          0   libshutdown.o
         2          0          0          0          0          0   libshutdown2.o
         8          4          0          0         96         68   libspace.o
       138          0          0          0          0         80   lludiv10.o
         8          4          0          0          0         68   rt_locale_intlibspace.o
        78          0          0          0          0         80   rt_memclr_w.o
       138          0          0          0          0         68   rt_memcpy_v6.o
       100          0          0          0          0         80   rt_memcpy_w.o
         2          0          0          0          0          0   rtexit.o
        10          0          0          0          0          0   rtexit2.o
       128          0          0          0          0         68   strcmpv7m.o
        12          4          0          0          0         68   sys_exit.o
        74          0          0          0          0         80   sys_stackheap_outer.o
         2          0          0          0          0         68   use_no_semi.o
        12          0          0          0          0         68   dretinf.o
        86          4          0          0          0         84   f2d.o
       450          8          0          0          0        236   faddsub_clz.o
        12          4          0          0          0         68   fcheck1.o
        24          0          0          0          0         68   fcmpi.o
       388         76          0          0          0         96   fdiv.o
       104          4          0          0          0         84   feqf.o
        54          4          0          0          0         84   ffix.o
        62          4          0          0          0         84   ffixu.o
        86          0          0          0          0        136   fflt_clz.o
       104          4          0          0          0         84   fleqf.o
       258          4          0          0          0         84   fmul.o
       140          4          0          0          0         84   fnaninf.o
        10          0          0          0          0         68   fretinf.o
        98          0          0          0          0         68   frleqf.o
         4          0          0          0          0         68   printf1.o
       100          0          0          0          0         68   retnan.o
        76          0          0          0          0         68   scalbnf.o
        48          0          0          0          0         68   trapv.o
         0          0          0          0          0          0   usenofp.o
        40          0          0          0          0         68   fpclassify.o

    ----------------------------------------------------------------------
      6868        306        176          0         96       4384   Library Totals
        20          0          0          0          0          0   (incl. Padding)

    ----------------------------------------------------------------------

      Code (inc. data)   RO Data    RW Data    ZI Data      Debug   Library Name

      4692        190        176          0         96       2648   c_w.l
      2116        116          0          0          0       1668   fz_ws.l
        40          0          0          0          0         68   m_ws.l

    ----------------------------------------------------------------------
      6868        306        176          0         96       4384   Library Totals

    ----------------------------------------------------------------------

==============================================================================


      Code (inc. data)   RO Data    RW Data    ZI Data      Debug   

     24878       1344       1182         52       4108     649263   Grand Totals
     24878       1344       1182         52       4108     649263   ELF Image Totals
     24878       1344       1182         52          0          0   ROM Totals

==============================================================================

    Total RO  Size (Code + RO Data)                26060 (  25.45kB)
    Total RW  Size (RW Data + ZI Data)              4160 (   4.06kB)
    Total ROM Size (Code + RO Data + RW Data)      26112 (  25.50kB)

==============================================================================

