Component: ARM Compiler 5.06 update 5 (build 528) Tool: armlink [4d35e2]

==============================================================================

Section Cross References

    startup_stm32h723xx.o(STACK) refers (Special) to heapauxi.o(.text) for __use_two_region_memory
    startup_stm32h723xx.o(HEAP) refers (Special) to heapauxi.o(.text) for __use_two_region_memory
    startup_stm32h723xx.o(RESET) refers (Special) to heapauxi.o(.text) for __use_two_region_memory
    startup_stm32h723xx.o(RESET) refers to startup_stm32h723xx.o(STACK) for __initial_sp
    startup_stm32h723xx.o(RESET) refers to startup_stm32h723xx.o(.text) for Reset_Handler
    startup_stm32h723xx.o(RESET) refers to stm32h7xx_it.o(i.NMI_Handler) for NMI_Handler
    startup_stm32h723xx.o(RESET) refers to stm32h7xx_it.o(i.HardFault_Handler) for HardFault_Handler
    startup_stm32h723xx.o(RESET) refers to stm32h7xx_it.o(i.MemManage_Handler) for MemManage_Handler
    startup_stm32h723xx.o(RESET) refers to stm32h7xx_it.o(i.BusFault_Handler) for BusFault_Handler
    startup_stm32h723xx.o(RESET) refers to stm32h7xx_it.o(i.UsageFault_Handler) for UsageFault_Handler
    startup_stm32h723xx.o(RESET) refers to stm32h7xx_it.o(i.SVC_Handler) for SVC_Handler
    startup_stm32h723xx.o(RESET) refers to stm32h7xx_it.o(i.DebugMon_Handler) for DebugMon_Handler
    startup_stm32h723xx.o(RESET) refers to stm32h7xx_it.o(i.PendSV_Handler) for PendSV_Handler
    startup_stm32h723xx.o(RESET) refers to stm32h7xx_it.o(i.SysTick_Handler) for SysTick_Handler
    startup_stm32h723xx.o(RESET) refers to stm32h7xx_it.o(i.TIM1_UP_IRQHandler) for TIM1_UP_IRQHandler
    startup_stm32h723xx.o(RESET) refers to stm32h7xx_it.o(i.TIM8_UP_TIM13_IRQHandler) for TIM8_UP_TIM13_IRQHandler
    startup_stm32h723xx.o(.text) refers (Special) to heapauxi.o(.text) for __use_two_region_memory
    startup_stm32h723xx.o(.text) refers to system_stm32h7xx.o(i.ExitRun0Mode) for ExitRun0Mode
    startup_stm32h723xx.o(.text) refers to system_stm32h7xx.o(i.SystemInit) for SystemInit
    startup_stm32h723xx.o(.text) refers to __main.o(!!!main) for __main
    startup_stm32h723xx.o(.text) refers to startup_stm32h723xx.o(HEAP) for Heap_Mem
    startup_stm32h723xx.o(.text) refers to startup_stm32h723xx.o(STACK) for Stack_Mem
    main.o(i.HAL_TIM_PeriodElapsedCallback) refers to foc.o(i.Foc_Loop) for Foc_Loop
    main.o(i.HAL_TIM_PeriodElapsedCallback) refers to stm32h7xx_hal_gpio.o(i.HAL_GPIO_WritePin) for HAL_GPIO_WritePin
    main.o(i.PeriphCommonClock_Config) refers to rt_memclr_w.o(.text) for __aeabi_memclr4
    main.o(i.PeriphCommonClock_Config) refers to stm32h7xx_hal_rcc_ex.o(i.HAL_RCCEx_PeriphCLKConfig) for HAL_RCCEx_PeriphCLKConfig
    main.o(i.Print1_Motor_To_VOFA) refers to _printf_percent.o(.ARM.Collect$$_printf_percent$$00000000) for _printf_percent
    main.o(i.Print1_Motor_To_VOFA) refers to _printf_f.o(.ARM.Collect$$_printf_percent$$00000003) for _printf_f
    main.o(i.Print1_Motor_To_VOFA) refers to printf1.o(x$fpl$printf1) for _printf_fp_dec
    main.o(i.Print1_Motor_To_VOFA) refers to __2sprintf.o(.text) for __2sprintf
    main.o(i.Print1_Motor_To_VOFA) refers to stm32h7xx_hal_uart.o(i.HAL_UART_Transmit) for HAL_UART_Transmit
    main.o(i.Print1_Motor_To_VOFA) refers to usart.o(.bss) for huart6
    main.o(i.Print2_Motor_To_VOFA) refers to _printf_percent.o(.ARM.Collect$$_printf_percent$$00000000) for _printf_percent
    main.o(i.Print2_Motor_To_VOFA) refers to _printf_f.o(.ARM.Collect$$_printf_percent$$00000003) for _printf_f
    main.o(i.Print2_Motor_To_VOFA) refers to printf1.o(x$fpl$printf1) for _printf_fp_dec
    main.o(i.Print2_Motor_To_VOFA) refers to __2sprintf.o(.text) for __2sprintf
    main.o(i.Print2_Motor_To_VOFA) refers to stm32h7xx_hal_uart.o(i.HAL_UART_Transmit) for HAL_UART_Transmit
    main.o(i.Print2_Motor_To_VOFA) refers to usart.o(.bss) for huart6
    main.o(i.Print3_Motor_To_VOFA) refers to _printf_percent.o(.ARM.Collect$$_printf_percent$$00000000) for _printf_percent
    main.o(i.Print3_Motor_To_VOFA) refers to _printf_f.o(.ARM.Collect$$_printf_percent$$00000003) for _printf_f
    main.o(i.Print3_Motor_To_VOFA) refers to printf1.o(x$fpl$printf1) for _printf_fp_dec
    main.o(i.Print3_Motor_To_VOFA) refers to __2sprintf.o(.text) for __2sprintf
    main.o(i.Print3_Motor_To_VOFA) refers to stm32h7xx_hal_uart.o(i.HAL_UART_Transmit) for HAL_UART_Transmit
    main.o(i.Print3_Motor_To_VOFA) refers to usart.o(.bss) for huart6
    main.o(i.Print4_Motor_To_VOFA) refers to _printf_percent.o(.ARM.Collect$$_printf_percent$$00000000) for _printf_percent
    main.o(i.Print4_Motor_To_VOFA) refers to _printf_f.o(.ARM.Collect$$_printf_percent$$00000003) for _printf_f
    main.o(i.Print4_Motor_To_VOFA) refers to printf1.o(x$fpl$printf1) for _printf_fp_dec
    main.o(i.Print4_Motor_To_VOFA) refers to __2sprintf.o(.text) for __2sprintf
    main.o(i.Print4_Motor_To_VOFA) refers to stm32h7xx_hal_uart.o(i.HAL_UART_Transmit) for HAL_UART_Transmit
[...]
    .constdata                               0x08008d44   Section       24  stm32h7xx_hal_uart.o(.constdata)
    .constdata                               0x08008d5c   Section       16  stm32h7xx_hal_uart_ex.o(.constdata)
    numerator                                0x08008d5c   Data           8  stm32h7xx_hal_uart_ex.o(.constdata)
    denominator                              0x08008d64   Data           8  stm32h7xx_hal_uart_ex.o(.constdata)
    .constdata                               0x08008d6c   Section       16  system_stm32h7xx.o(.constdata)
    .constdata                               0x08008d7c   Section      124  foc.o(.constdata)
    .constdata                               0x08008df8   Section       32  user_foc_hal.o(.constdata)
    .constdata                               0x08008e18   Section       28  user_foc_hal.o(.constdata)
    <Data1>                                  0x08008e18   Data          14  user_foc_hal.o(.constdata)
    <Data2>                                  0x08008e26   Data          14  user_foc_hal.o(.constdata)
    .constdata                               0x08008e34   Section       32  rredf.o(.constdata)
    twooverpi                                0x08008e34   Data          32  rredf.o(.constdata)
    .constdata                               0x08008e54   Section      148  bigflt0.o(.constdata)
    tenpwrs_x                                0x08008e54   Data          60  bigflt0.o(.constdata)
    tenpwrs_i                                0x08008e90   Data          64  bigflt0.o(.constdata)
    locale$$data                             0x08008f08   Section       28  lc_numeric_c.o(locale$$data)
    __lcnum_c_name                           0x08008f0c   Data           2  lc_numeric_c.o(locale$$data)
    __lcnum_c_start                          0x08008f14   Data           0  lc_numeric_c.o(locale$$data)
    __lcnum_c_point                          0x08008f20   Data           0  lc_numeric_c.o(locale$$data)
    __lcnum_c_thousands                      0x08008f22   Data           0  lc_numeric_c.o(locale$$data)
    __lcnum_c_grouping                       0x08008f23   Data           0  lc_numeric_c.o(locale$$data)
    __lcnum_c_end                            0x08008f24   Data           0  lc_numeric_c.o(locale$$data)
    .data                                    0x24000000   Section        4  adc.o(.data)
    HAL_RCC_ADC12_CLK_ENABLED                0x24000000   Data           4  adc.o(.data)
    .data                                    0x24000004   Section       12  stm32h7xx_hal.o(.data)
    .data                                    0x24000010   Section        8  system_stm32h7xx.o(.data)
    .data                                    0x24000018   Section        4  foc.o(.data)
    .data                                    0x2400001c   Section        4  smo.o(.data)
    .data                                    0x24000020   Section       36  user_foc_hal.o(.data)
    .bss                                     0x24000044   Section      464  adc.o(.bss)
    .bss                                     0x24000214   Section      152  tim.o(.bss)
    .bss                                     0x240002ac   Section      296  usart.o(.bss)
    .bss                                     0x240003d4   Section     1164  foc.o(.bss)
    .bss                                     0x24000860   Section       42  user_foc_hal.o(.bss)
    adc_filter                               0x24000860   Data          42  user_foc_hal.o(.bss)
    .bss                                     0x2400088c   Section       96  libspace.o(.bss)
    HEAP                                     0x240008f0   Section      512  startup_stm32h723xx.o(HEAP)
    Heap_Mem                                 0x240008f0   Data         512  startup_stm32h723xx.o(HEAP)
    STACK                                    0x24000af0   Section     1024  startup_stm32h723xx.o(STACK)
    Stack_Mem                                0x24000af0   Data        1024  startup_stm32h723xx.o(STACK)
    __initial_sp                             0x24000ef0   Data           0  startup_stm32h723xx.o(STACK)

    Global Symbols

    Symbol Name                              Value     Ov Type        Size  Object(Section)

    BuildAttributes$$THM_ISAv4$E$P$D$K$B$S$7EM$VFPv5_D16$PE$PLD8$A:L22UL41UL21$X:L11$S22US41US21$IEEE1$IW$USESV6$~STKCKD$USESV7$~SHL$OTIME$ROPI$IEEEX$EBA8$UX$STANDARDLIB$REQ8$PRES8$EABIv2 0x00000000   Number         0  anon$$obj.o ABSOLUTE
    __ARM_use_no_argv                        0x00000000   Number         0  main.o ABSOLUTE
    _printf_flags                            0x00000000   Number         0  printf_stubs.o ABSOLUTE
    _printf_return_value                     0x00000000   Number         0  printf_stubs.o ABSOLUTE
    _printf_sizespec                         0x00000000   Number         0  printf_stubs.o ABSOLUTE
    _printf_widthprec                        0x00000000   Number         0  printf_stubs.o ABSOLUTE
    __ARM_exceptions_init                     - Undefined Weak Reference
    __alloca_initialize                       - Undefined Weak Reference
    __arm_preinit_                            - Undefined Weak Reference
    __cpp_initialize__aeabi_                  - Undefined Weak Reference
    __cxa_finalize                            - Undefined Weak Reference
    __sigvec_lookup                           - Undefined Weak Reference
    _atexit_init                              - Undefined Weak Reference
    _call_atexit_fns                          - Undefined Weak Reference
    _clock_init                               - Undefined Weak Reference
    _fp_trap_init                             - Undefined Weak Reference
    _fp_trap_shutdown                         - Undefined Weak Reference
    _get_lc_collate                           - Undefined Weak Reference
    _get_lc_ctype                             - Undefined Weak Reference
    _get_lc_monetary                          - Undefined Weak Reference
    _get_lc_time                              - Undefined Weak Reference
    _getenv_init                              - Undefined Weak Reference
    _handle_redirection                       - Undefined Weak Reference
    _init_alloc                               - Undefined Weak Reference
    _init_user_alloc                          - Undefined Weak Reference
    _initio                                   - Undefined Weak Reference
    _printf_post_padding                      - Undefined Weak Reference
    _printf_pre_padding                       - Undefined Weak Reference
    _rand_init                                - Undefined Weak Reference
    _signal_finish                            - Undefined Weak Reference
    _signal_init                              - Undefined Weak Reference
    _terminate_alloc                          - Undefined Weak Reference
    _terminate_user_alloc                     - Undefined Weak Reference
    _terminateio                              - Undefined Weak Reference
    __Vectors_Size                           0x000002cc   Number         0  startup_stm32h723xx.o ABSOLUTE
    __Vectors                                0x08000000   Data           4  startup_stm32h723xx.o(RESET)
    __Vectors_End                            0x080002cc   Data           0  startup_stm32h723xx.o(RESET)
    __main                                   0x080002cd   Thumb Code     8  __main.o(!!!main)
    __scatterload                            0x080002d5   Thumb Code     0  __scatter.o(!!!scatter)
    __scatterload_rt2                        0x080002d5   Thumb Code    44  __scatter.o(!!!scatter)
    __scatterload_rt2_thumb_only             0x080002d5   Thumb Code     0  __scatter.o(!!!scatter)
    __scatterload_null                       0x080002e3   Thumb Code     0  __scatter.o(!!!scatter)
    __scatterload_copy                       0x08000309   Thumb Code    26  __scatter_copy.o(!!handler_copy)
    __scatterload_zeroinit                   0x08000325   Thumb Code    28  __scatter_zi.o(!!handler_zi)
    _printf_f                                0x08000341   Thumb Code     0  _printf_f.o(.ARM.Collect$$_printf_percent$$00000003)
    _printf_percent                          0x08000341   Thumb Code     0  _printf_percent.o(.ARM.Collect$$_printf_percent$$00000000)
    _printf_percent_end                      0x08000347   Thumb Code     0  _printf_percent_end.o(.ARM.Collect$$_printf_percent$$00000017)
    __rt_lib_init                            0x0800034b   Thumb Code     0  libinit.o(.ARM.Collect$$libinit$$00000000)
    __rt_lib_init_fp_1                       0x0800034d   Thumb Code     0  libinit2.o(.ARM.Collect$$libinit$$00000001)
    __rt_lib_init_heap_1                     0x08000351   Thumb Code     0  libinit2.o(.ARM.Collect$$libinit$$0000000A)
    __rt_lib_init_lc_common                  0x08000351   Thumb Code     0  libinit2.o(.ARM.Collect$$libinit$$0000000F)
    __rt_lib_init_preinit_1                  0x08000351   Thumb Code     0  libinit2.o(.ARM.Collect$$libinit$$00000004)
    __rt_lib_init_rand_1                     0x08000351   Thumb Code     0  libinit2.o(.ARM.Collect$$libinit$$0000000E)
    __rt_lib_init_user_alloc_1               0x08000351   Thumb Code     0  libinit2.o(.ARM.Collect$$libinit$$0000000C)
    __rt_lib_init_lc_collate_1               0x08000357   Thumb Code     0  libinit2.o(.ARM.Collect$$libinit$$00000011)
    __rt_lib_init_lc_ctype_1                 0x08000357   Thumb Code     0  libinit2.o(.ARM.Collect$$libinit$$00000013)
    __rt_lib_init_lc_monetary_1              0x08000357   Thumb Code     0  libinit2.o(.ARM.Collect$$libinit$$00000015)
    __rt_lib_init_lc_numeric_2               0x08000357   Thumb Code     0  libinit2.o(.ARM.Collect$$libinit$$00000016)
    __rt_lib_init_alloca_1                   0x08000361   Thumb Code     0  libinit2.o(.ARM.Collect$$libinit$$0000002E)
    __rt_lib_init_argv_1                     0x08000361   Thumb Code     0  libinit2.o(.ARM.Collect$$libinit$$0000002C)
    __rt_lib_init_atexit_1                   0x08000361   Thumb Code     0  libinit2.o(.ARM.Collect$$libinit$$0000001B)
    __rt_lib_init_clock_1                    0x08000361   Thumb Code     0  libinit2.o(.ARM.Collect$$libinit$$00000021)
    __rt_lib_init_cpp_1                      0x08000361   Thumb Code     0  libinit2.o(.ARM.Collect$$libinit$$00000032)
    __rt_lib_init_exceptions_1               0x08000361   Thumb Code     0  libinit2.o(.ARM.Collect$$libinit$$00000030)
    __rt_lib_init_fp_trap_1                  0x08000361   Thumb Code     0  libinit2.o(.ARM.Collect$$libinit$$0000001F)
    __rt_lib_init_getenv_1                   0x08000361   Thumb Code     0  libinit2.o(.ARM.Collect$$libinit$$00000023)
    __rt_lib_init_lc_numeric_1               0x08000361   Thumb Code     0  libinit2.o(.ARM.Collect$$libinit$$00000017)
    __rt_lib_init_lc_time_1                  0x08000361   Thumb Code     0  libinit2.o(.ARM.Collect$$libinit$$00000019)
    __rt_lib_init_return                     0x08000361   Thumb Code     0  libinit2.o(.ARM.Collect$$libinit$$00000033)
    __rt_lib_init_signal_1                   0x08000361   Thumb Code     0  libinit2.o(.ARM.Collect$$libinit$$0000001D)
    __rt_lib_init_stdio_1                    0x08000361   Thumb Code     0  libinit2.o(.ARM.Collect$$libinit$$00000025)
    __rt_lib_shutdown                        0x08000363   Thumb Code     0  libshutdown.o(.ARM.Collect$$libshutdown$$00000000)
    __rt_lib_shutdown_cpp_1                  0x08000365   Thumb Code     0  libshutdown2.o(.ARM.Collect$$libshutdown$$00000002)
    __rt_lib_shutdown_fp_trap_1              0x08000365   Thumb Code     0  libshutdown2.o(.ARM.Collect$$libshutdown$$00000007)
    __rt_lib_shutdown_heap_1                 0x08000365   Thumb Code     0  libshutdown2.o(.ARM.Collect$$libshutdown$$0000000F)
    __rt_lib_shutdown_return                 0x08000365   Thumb Code     0  libshutdown2.o(.ARM.Collect$$libshutdown$$00000010)
    __rt_lib_shutdown_signal_1               0x08000365   Thumb Code     0  libshutdown2.o(.ARM.Collect$$libshutdown$$0000000A)
    __rt_lib_shutdown_stdio_1                0x08000365   Thumb Code     0  libshutdown2.o(.ARM.Collect$$libshutdown$$00000004)
    __rt_lib_shutdown_user_alloc_1           0x08000365   Thumb Code     0  libshutdown2.o(.ARM.Collect$$libshutdown$$0000000C)
    __rt_entry                               0x08000367   Thumb Code     0  __rtentry.o(.ARM.Collect$$rtentry$$00000000)
    __rt_entry_presh_1                       0x08000367   Thumb Code     0  __rtentry2.o(.ARM.Collect$$rtentry$$00000002)
    __rt_entry_sh                            0x08000367   Thumb Code     0  __rtentry4.o(.ARM.Collect$$rtentry$$00000004)
    __rt_entry_li                            0x0800036d   Thumb Code     0  __rtentry2.o(.ARM.Collect$$rtentry$$0000000A)
    __rt_entry_postsh_1                      0x0800036d   Thumb Code     0  __rtentry2.o(.ARM.Collect$$rtentry$$00000009)
    __rt_entry_main                          0x08000371   Thumb Code     0  __rtentry2.o(.ARM.Collect$$rtentry$$0000000D)
    __rt_entry_postli_1                      0x08000371   Thumb Code     0  __rtentry2.o(.ARM.Collect$$rtentry$$0000000C)
    __rt_exit                                0x08000379   Thumb Code     0  rtexit.o(.ARM.Collect$$rtexit$$00000000)
    __rt_exit_ls                             0x0800037b   Thumb Code     0  rtexit2.o(.ARM.Collect$$rtexit$$00000003)
    __rt_exit_prels_1                        0x0800037b   Thumb Code     0  rtexit2.o(.ARM.Collect$$rtexit$$00000002)
    __rt_exit_exit                           0x0800037f   Thumb Code     0  rtexit2.o(.ARM.Collect$$rtexit$$00000004)
    Reset_Handler                            0x08000385   Thumb Code    12  startup_stm32h723xx.o(.text)
    ADC3_IRQHandler                          0x080003a3   Thumb Code     0  startup_stm32h723xx.o(.text)
    ADC_IRQHandler                           0x080003a3   Thumb Code     0  startup_stm32h723xx.o(.text)
    BDMA_Channel0_IRQHandler                 0x080003a3   Thumb Code     0  startup_stm32h723xx.o(.text)
    BDMA_Channel1_IRQHandler                 0x080003a3   Thumb Code     0  startup_stm32h723xx.o(.text)
    BDMA_Channel2_IRQHandler                 0x080003a3   Thumb Code     0  startup_stm32h723xx.o(.text)
    BDMA_Channel3_IRQHandler                 0x080003a3   Thumb Code     0  startup_stm32h723xx.o(.text)
    BDMA_Channel4_IRQHandler                 0x080003a3   Thumb Code     0  startup_stm32h723xx.o(.text)
    BDMA_Channel5_IRQHandler                 0x080003a3   Thumb Code     0  startup_stm32h723xx.o(.text)
    BDMA_Channel6_IRQHandler                 0x080003a3   Thumb Code     0  startup_stm32h723xx.o(.text)
    BDMA_Channel7_IRQHandler                 0x080003a3   Thumb Code     0  startup_stm32h723xx.o(.text)
    CEC_IRQHandler                           0x080003a3   Thumb Code     0  startup_stm32h723xx.o(.text)
    COMP1_IRQHandler                         0x080003a3   Thumb Code     0  startup_stm32h723xx.o(.text)
    CORDIC_IRQHandler                        0x080003a3   Thumb Code     0  startup_stm32h723xx.o(.text)
    CRS_IRQHandler                           0x080003a3   Thumb Code     0  startup_stm32h723xx.o(.text)
    DCMI_PSSI_IRQHandler                     0x080003a3   Thumb Code     0  startup_stm32h723xx.o(.text)
    DFSDM1_FLT0_IRQHandler                   0x080003a3   Thumb Code     0  startup_stm32h723xx.o(.text)
    DFSDM1_FLT1_IRQHandler                   0x080003a3   Thumb Code     0  startup_stm32h723xx.o(.text)
    DFSDM1_FLT2_IRQHandler                   0x080003a3   Thumb Code     0  startup_stm32h723xx.o(.text)
    DFSDM1_FLT3_IRQHandler                   0x080003a3   Thumb Code     0  startup_stm32h723xx.o(.text)
    DMA1_Stream0_IRQHandler                  0x080003a3   Thumb Code     0  startup_stm32h723xx.o(.text)
    DMA1_Stream1_IRQHandler                  0x080003a3   Thumb Code     0  startup_stm32h723xx.o(.text)
    DMA1_Stream2_IRQHandler                  0x080003a3   Thumb Code     0  startup_stm32h723xx.o(.text)
    DMA1_Stream3_IRQHandler                  0x080003a3   Thumb Code     0  startup_stm32h723xx.o(.text)
    DMA1_Stream4_IRQHandler                  0x080003a3   Thumb Code     0  startup_stm32h723xx.o(.text)
    DMA1_Stream5_IRQHandler                  0x080003a3   Thumb Code     0  startup_stm32h723xx.o(.text)
    DMA1_Stream6_IRQHandler                  0x080003a3   Thumb Code     0  startup_stm32h723xx.o(.text)
    DMA1_Stream7_IRQHandler                  0x080003a3   Thumb Code     0  startup_stm32h723xx.o(.text)
    DMA2D_IRQHandler                         0x080003a3   Thumb Code     0  startup_stm32h723xx.o(.text)
    DMA2_Stream0_IRQHandler                  0x080003a3   Thumb Code     0  startup_stm32h723xx.o(.text)
    DMA2_Stream1_IRQHandler                  0x080003a3   Thumb Code     0  startup_stm32h723xx.o(.text)
    DMA2_Stream2_IRQHandler                  0x080003a3   Thumb Code     0  startup_stm32h723xx.o(.text)
    DMA2_Stream3_IRQHandler                  0x080003a3   Thumb Code     0  startup_stm32h723xx.o(.text)
    DMA2_Stream4_IRQHandler                  0x080003a3   Thumb Code     0  startup_stm32h723xx.o(.text)
    DMA2_Stream5_IRQHandler                  0x080003a3   Thumb Code     0  startup_stm32h723xx.o(.text)
    DMA2_Stream6_IRQHandler                  0x080003a3   Thumb Code     0  startup_stm32h723xx.o(.text)
    DMA2_Stream7_IRQHandler                  0x080003a3   Thumb Code     0  startup_stm32h723xx.o(.text)
    DMAMUX1_OVR_IRQHandler                   0x080003a3   Thumb Code     0  startup_stm32h723xx.o(.text)
    DMAMUX2_OVR_IRQHandler                   0x080003a3   Thumb Code     0  startup_stm32h723xx.o(.text)
    DTS_IRQHandler                           0x080003a3   Thumb Code     0  startup_stm32h723xx.o(.text)
    ECC_IRQHandler                           0x080003a3   Thumb Code     0  startup_stm32h723xx.o(.text)
    ETH_IRQHandler                           0x080003a3   Thumb Code     0  startup_stm32h723xx.o(.text)
    ETH_WKUP_IRQHandler                      0x080003a3   Thumb Code     0  startup_stm32h723xx.o(.text)
    EXTI0_IRQHandler                         0x080003a3   Thumb Code     0  startup_stm32h723xx.o(.text)
    EXTI15_10_IRQHandler                     0x080003a3   Thumb Code     0  startup_stm32h723xx.o(.text)
    EXTI1_IRQHandler                         0x080003a3   Thumb Code     0  startup_stm32h723xx.o(.text)
    EXTI2_IRQHandler                         0x080003a3   Thumb Code     0  startup_stm32h723xx.o(.text)
    EXTI3_IRQHandler                         0x080003a3   Thumb Code     0  startup_stm32h723xx.o(.text)
    EXTI4_IRQHandler                         0x080003a3   Thumb Code     0  startup_stm32h723xx.o(.text)
    EXTI9_5_IRQHandler                       0x080003a3   Thumb Code     0  startup_stm32h723xx.o(.text)
    FDCAN1_IT0_IRQHandler                    0x080003a3   Thumb Code     0  startup_stm32h723xx.o(.text)
    FDCAN1_IT1_IRQHandler                    0x080003a3   Thumb Code     0  startup_stm32h723xx.o(.text)
    FDCAN2_IT0_IRQHandler                    0x080003a3   Thumb Code     0  startup_stm32h723xx.o(.text)
    FDCAN2_IT1_IRQHandler                    0x080003a3   Thumb Code     0  startup_stm32h723xx.o(.text)
    FDCAN3_IT0_IRQHandler                    0x080003a3   Thumb Code     0  startup_stm32h723xx.o(.text)
    FDCAN3_IT1_IRQHandler                    0x080003a3   Thumb Code     0  startup_stm32h723xx.o(.text)
    FDCAN_CAL_IRQHandler                     0x080003a3   Thumb Code     0  startup_stm32h723xx.o(.text)
    FLASH_IRQHandler                         0x080003a3   Thumb Code     0  startup_stm32h723xx.o(.text)
    FMAC_IRQHandler                          0x080003a3   Thumb Code     0  startup_stm32h723xx.o(.text)
    FMC_IRQHandler                           0x080003a3   Thumb Code     0  startup_stm32h723xx.o(.text)
    FPU_IRQHandler                           0x080003a3   Thumb Code     0  startup_stm32h723xx.o(.text)
    HSEM1_IRQHandler                         0x080003a3   Thumb Code     0  startup_stm32h723xx.o(.text)
    I2C1_ER_IRQHandler                       0x080003a3   Thumb Code     0  startup_stm32h723xx.o(.text)
    I2C1_EV_IRQHandler                       0x080003a3   Thumb Code     0  startup_stm32h723xx.o(.text)
    I2C2_ER_IRQHandler                       0x080003a3   Thumb Code     0  startup_stm32h723xx.o(.text)
    I2C2_EV_IRQHandler                       0x080003a3   Thumb Code     0  startup_stm32h723xx.o(.text)
    I2C3_ER_IRQHandler                       0x080003a3   Thumb Code     0  startup_stm32h723xx.o(.text)
    I2C3_EV_IRQHandler                       0x080003a3   Thumb Code     0  startup_stm32h723xx.o(.text)
    I2C4_ER_IRQHandler                       0x080003a3   Thumb Code     0  startup_stm32h723xx.o(.text)
    I2C4_EV_IRQHandler                       0x080003a3   Thumb Code     0  startup_stm32h723xx.o(.text)
    I2C5_ER_IRQHandler                       0x080003a3   Thumb Code     0  startup_stm32h723xx.o(.text)
    I2C5_EV_IRQHandler                       0x080003a3   Thumb Code     0  startup_stm32h723xx.o(.text)
    LPTIM1_IRQHandler                        0x080003a3   Thumb Code     0  startup_stm32h723xx.o(.text)
    LPTIM2_IRQHandler                        0x080003a3   Thumb Code     0  startup_stm32h723xx.o(.text)
    LPTIM3_IRQHandler                        0x080003a3   Thumb Code     0  startup_stm32h723xx.o(.text)
    LPTIM4_IRQHandler                        0x080003a3   Thumb Code     0  startup_stm32h723xx.o(.text)
    LPTIM5_IRQHandler                        0x080003a3   Thumb Code     0  startup_stm32h723xx.o(.text)
    LPUART1_IRQHandler                       0x080003a3   Thumb Code     0  startup_stm32h723xx.o(.text)
    LTDC_ER_IRQHandler                       0x080003a3   Thumb Code     0  startup_stm32h723xx.o(.text)
    LTDC_IRQHandler                          0x080003a3   Thumb Code     0  startup_stm32h723xx.o(.text)
    MDIOS_IRQHandler                         0x080003a3   Thumb Code     0  startup_stm32h723xx.o(.text)
    MDIOS_WKUP_IRQHandler                    0x080003a3   Thumb Code     0  startup_stm32h723xx.o(.text)
    MDMA_IRQHandler                          0x080003a3   Thumb Code     0  startup_stm32h723xx.o(.text)
    OCTOSPI1_IRQHandler                      0x080003a3   Thumb Code     0  startup_stm32h723xx.o(.text)
    OCTOSPI2_IRQHandler                      0x080003a3   Thumb Code     0  startup_stm32h723xx.o(.text)
    OTG_HS_EP1_IN_IRQHandler                 0x080003a3   Thumb Code     0  startup_stm32h723xx.o(.text)
    OTG_HS_EP1_OUT_IRQHandler                0x080003a3   Thumb Code     0  startup_stm32h723xx.o(.text)
    OTG_HS_IRQHandler                        0x080003a3   Thumb Code     0  startup_stm32h723xx.o(.text)
    OTG_HS_WKUP_IRQHandler                   0x080003a3   Thumb Code     0  startup_stm32h723xx.o(.text)
    PVD_AVD_IRQHandler                       0x080003a3   Thumb Code     0  startup_stm32h723xx.o(.text)
    RCC_IRQHandler                           0x080003a3   Thumb Code     0  startup_stm32h723xx.o(.text)
    RNG_IRQHandler                           0x080003a3   Thumb Code     0  startup_stm32h723xx.o(.text)
    RTC_Alarm_IRQHandler                     0x080003a3   Thumb Code     0  startup_stm32h723xx.o(.text)
    RTC_WKUP_IRQHandler                      0x080003a3   Thumb Code     0  startup_stm32h723xx.o(.text)
    SAI1_IRQHandler                          0x080003a3   Thumb Code     0  startup_stm32h723xx.o(.text)
    SAI4_IRQHandler                          0x080003a3   Thumb Code     0  startup_stm32h723xx.o(.text)
    SDMMC1_IRQHandler                        0x080003a3   Thumb Code     0  startup_stm32h723xx.o(.text)
    SDMMC2_IRQHandler                        0x080003a3   Thumb Code     0  startup_stm32h723xx.o(.text)
    SPDIF_RX_IRQHandler                      0x080003a3   Thumb Code     0  startup_stm32h723xx.o(.text)
    SPI1_IRQHandler                          0x080003a3   Thumb Code     0  startup_stm32h723xx.o(.text)
    SPI2_IRQHandler                          0x080003a3   Thumb Code     0  startup_stm32h723xx.o(.text)
    SPI3_IRQHandler                          0x080003a3   Thumb Code     0  startup_stm32h723xx.o(.text)
    SPI4_IRQHandler                          0x080003a3   Thumb Code     0  startup_stm32h723xx.o(.text)
    SPI5_IRQHandler                          0x080003a3   Thumb Code     0  startup_stm32h723xx.o(.text)
    SPI6_IRQHandler                          0x080003a3   Thumb Code     0  startup_stm32h723xx.o(.text)
    SWPMI1_IRQHandler                        0x080003a3   Thumb Code     0  startup_stm32h723xx.o(.text)
    TAMP_STAMP_IRQHandler                    0x080003a3   Thumb Code     0  startup_stm32h723xx.o(.text)
    TIM15_IRQHandler                         0x080003a3   Thumb Code     0  startup_stm32h723xx.o(.text)
    TIM16_IRQHandler                         0x080003a3   Thumb Code     0  startup_stm32h723xx.o(.text)
    TIM17_IRQHandler                         0x080003a3   Thumb Code     0  startup_stm32h723xx.o(.text)
    TIM1_BRK_IRQHandler                      0x080003a3   Thumb Code     0  startup_stm32h723xx.o(.text)
    TIM1_CC_IRQHandler                       0x080003a3   Thumb Code     0  startup_stm32h723xx.o(.text)
    TIM1_TRG_COM_IRQHandler                  0x080003a3   Thumb Code     0  startup_stm32h723xx.o(.text)
    TIM23_IRQHandler                         0x080003a3   Thumb Code     0  startup_stm32h723xx.o(.text)
    TIM24_IRQHandler                         0x080003a3   Thumb Code     0  startup_stm32h723xx.o(.text)
    TIM2_IRQHandler                          0x080003a3   Thumb Code     0  startup_stm32h723xx.o(.text)
    TIM3_IRQHandler                          0x080003a3   Thumb Code     0  startup_stm32h723xx.o(.text)
    TIM4_IRQHandler                          0x080003a3   Thumb Code     0  startup_stm32h723xx.o(.text)
    TIM5_IRQHandler                          0x080003a3   Thumb Code     0  startup_stm32h723xx.o(.text)
    TIM6_DAC_IRQHandler                      0x080003a3   Thumb Code     0  startup_stm32h723xx.o(.text)
    TIM7_IRQHandler                          0x080003a3   Thumb Code     0  startup_stm32h723xx.o(.text)
    TIM8_BRK_TIM12_IRQHandler                0x080003a3   Thumb Code     0  startup_stm32h723xx.o(.text)
    TIM8_CC_IRQHandler                       0x080003a3   Thumb Code     0  startup_stm32h723xx.o(.text)
    TIM8_TRG_COM_TIM14_IRQHandler            0x080003a3   Thumb Code     0  startup_stm32h723xx.o(.text)
    UART4_IRQHandler                         0x080003a3   Thumb Code     0  startup_stm32h723xx.o(.text)
    UART5_IRQHandler                         0x080003a3   Thumb Code     0  startup_stm32h723xx.o(.text)
    UART7_IRQHandler                         0x080003a3   Thumb Code     0  startup_stm32h723xx.o(.text)
    UART8_IRQHandler                         0x080003a3   Thumb Code     0  startup_stm32h723xx.o(.text)
    UART9_IRQHandler                         0x080003a3   Thumb Code     0  startup_stm32h723xx.o(.text)
    USART10_IRQHandler                       0x080003a3   Thumb Code     0  startup_stm32h723xx.o(.text)
    USART1_IRQHandler                        0x080003a3   Thumb Code     0  startup_stm32h723xx.o(.text)
    USART2_IRQHandler                        0x080003a3   Thumb Code     0  startup_stm32h723xx.o(.text)
    USART3_IRQHandler                        0x080003a3   Thumb Code     0  startup_stm32h723xx.o(.text)
    USART6_IRQHandler                        0x080003a3   Thumb Code     0  startup_stm32h723xx.o(.text)
    WAKEUP_PIN_IRQHandler                    0x080003a3   Thumb Code     0  startup_stm32h723xx.o(.text)
    WWDG_IRQHandler                          0x080003a3   Thumb Code     0  startup_stm32h723xx.o(.text)
    __user_initial_stackheap                 0x080003a5   Thumb Code     0  startup_stm32h723xx.o(.text)
    __aeabi_uldivmod                         0x080003cd   Thumb Code     0  lludivv7m.o(.text)
    _ll_udiv                                 0x080003cd   Thumb Code   238  lludivv7m.o(.text)
    __2sprintf                               0x080004bd   Thumb Code    38  __2sprintf.o(.text)
    __printf                                 0x080004e9   Thumb Code   270  __printf_wp.o(.text)
    __aeabi_memcpy                           0x080005f7   Thumb Code     0  rt_memcpy_v6.o(.text)
    __rt_memcpy                              0x080005f7   Thumb Code   138  rt_memcpy_v6.o(.text)
    _memcpy_lastbytes                        0x0800065d   Thumb Code     0  rt_memcpy_v6.o(.text)
    __aeabi_memcpy4                          0x08000681   Thumb Code     0  rt_memcpy_w.o(.text)
    __aeabi_memcpy8                          0x08000681   Thumb Code     0  rt_memcpy_w.o(.text)
    __rt_memcpy_w                            0x08000681   Thumb Code   100  rt_memcpy_w.o(.text)
    _memcpy_lastbytes_aligned                0x080006c9   Thumb Code     0  rt_memcpy_w.o(.text)
    __aeabi_memclr4                          0x080006e5   Thumb Code     0  rt_memclr_w.o(.text)
    __aeabi_memclr8                          0x080006e5   Thumb Code     0  rt_memclr_w.o(.text)
    __rt_memclr_w                            0x080006e5   Thumb Code    78  rt_memclr_w.o(.text)
    _memset_w                                0x080006e9   Thumb Code     0  rt_memclr_w.o(.text)
    __use_two_region_memory                  0x08000733   Thumb Code     2  heapauxi.o(.text)
    __rt_heap_escrow$2region                 0x08000735   Thumb Code     2  heapauxi.o(.text)
    __rt_heap_expand$2region                 0x08000737   Thumb Code     2  heapauxi.o(.text)
    __read_errno                             0x08000739   Thumb Code    10  _rserrno.o(.text)
    __set_errno                              0x08000743   Thumb Code    12  _rserrno.o(.text)
    __lib_sel_fp_printf                      0x0800074f   Thumb Code     2  _printf_fp_dec.o(.text)
    _printf_fp_dec_real                      0x08000901   Thumb Code   620  _printf_fp_dec.o(.text)
    _printf_char_common                      0x08000b77   Thumb Code    32  _printf_char_common.o(.text)
    _sputc                                   0x08000b9d   Thumb Code    10  _sputc.o(.text)
    __rt_locale                              0x08000ba9   Thumb Code     8  rt_locale_intlibspace.o(.text)
    __aeabi_errno_addr                       0x08000bb1   Thumb Code     8  rt_errno_addr_intlibspace.o(.text)
    __errno$intlibspace                      0x08000bb1   Thumb Code     0  rt_errno_addr_intlibspace.o(.text)
    __rt_errno_addr$intlibspace              0x08000bb1   Thumb Code     0  rt_errno_addr_intlibspace.o(.text)
    _ll_udiv10                               0x08000bb9   Thumb Code   138  lludiv10.o(.text)
    _printf_fp_infnan                        0x08000c45   Thumb Code   112  _printf_fp_infnan.o(.text)
    _btod_etento                             0x08000cc5   Thumb Code   224  bigflt0.o(.text)
    __user_libspace                          0x08000da9   Thumb Code     8  libspace.o(.text)
    __user_perproc_libspace                  0x08000da9   Thumb Code     0  libspace.o(.text)
    __user_perthread_libspace                0x08000da9   Thumb Code     0  libspace.o(.text)
    __user_setup_stackheap                   0x08000db1   Thumb Code    74  sys_stackheap_outer.o(.text)
    exit                                     0x08000dfb   Thumb Code    18  exit.o(.text)
    strcmp                                   0x08000e0d   Thumb Code   104  strcmpv7m_pel.o(.text)
    _sys_exit                                0x08000e75   Thumb Code     8  sys_exit.o(.text)
    __I$use$semihosting                      0x08000e81   Thumb Code     0  use_no_semi.o(.text)
    __use_no_semihosting_swi                 0x08000e81   Thumb Code     2  use_no_semi.o(.text)
    __semihosting_library_function           0x08000e83   Thumb Code     0  indicate_semi.o(.text)
    _btod_d2e                                0x08000e83   Thumb Code    62  btod.o(CL$$btod_d2e)
    _d2e_denorm_low                          0x08000ec1   Thumb Code    70  btod.o(CL$$btod_d2e_denorm_low)
    _d2e_norm_op1                            0x08000f07   Thumb Code    96  btod.o(CL$$btod_d2e_norm_op1)
    __btod_div_common                        0x08000f67   Thumb Code   696  btod.o(CL$$btod_div_common)
    _e2e                                     0x0800129f   Thumb Code   220  btod.o(CL$$btod_e2e)
    _btod_ediv                               0x0800137b   Thumb Code    42  btod.o(CL$$btod_ediv)
    _btod_emul                               0x080013a5   Thumb Code    42  btod.o(CL$$btod_emul)
    __btod_mult_common                       0x080013cf   Thumb Code   580  btod.o(CL$$btod_mult_common)
    ADC_ConfigureBoostMode                   0x08001615   Thumb Code   204  stm32h7xx_hal_adc.o(i.ADC_ConfigureBoostMode)
    ADC_DMAConvCplt                          0x080016f9   Thumb Code   104  stm32h7xx_hal_adc.o(i.ADC_DMAConvCplt)
    ADC_DMAError                             0x08001761   Thumb Code    26  stm32h7xx_hal_adc.o(i.ADC_DMAError)
    ADC_DMAHalfConvCplt                      0x0800177b   Thumb Code    10  stm32h7xx_hal_adc.o(i.ADC_DMAHalfConvCplt)
    ADC_Disable                              0x08001785   Thumb Code   106  stm32h7xx_hal_adc.o(i.ADC_Disable)
    ADC_Enable                               0x080017f5   Thumb Code   148  stm32h7xx_hal_adc.o(i.ADC_Enable)
    BusFault_Handler                         0x0800189d   Thumb Code     2  stm32h7xx_it.o(i.BusFault_Handler)
    DebugMon_Handler                         0x08001cd9   Thumb Code     2  stm32h7xx_it.o(i.DebugMon_Handler)
    Error_Handler                            0x08001cdb   Thumb Code     4  main.o(i.Error_Handler)
    ExitRun0Mode                             0x08001ce1   Thumb Code    22  system_stm32h7xx.o(i.ExitRun0Mode)
    FOC_Clark_Transform                      0x08001cfd   Thumb Code    50  foc_math.o(i.FOC_Clark_Transform)
    FOC_InvPark_Transform                    0x08001d35   Thumb Code    70  foc_math.o(i.FOC_InvPark_Transform)
    FOC_Motor_Cali_Offset                    0x08001d7b   Thumb Code    94  foc_math.o(i.FOC_Motor_Cali_Offset)
    FOC_PI_Regulator                         0x08001dd9   Thumb Code   176  foc_math.o(i.FOC_PI_Regulator)
    FOC_Park_Transform                       0x08001e89   Thumb Code    70  foc_math.o(i.FOC_Park_Transform)
    FOC_SVPWM_Generate                       0x08001ed1   Thumb Code   484  foc_math.o(i.FOC_SVPWM_Generate)
    FOC_calc_dynamic_lpf                     0x080020cd   Thumb Code    88  foc_math.o(i.FOC_calc_dynamic_lpf)
    FOC_sat                                  0x08002141   Thumb Code    46  foc_math.o(i.FOC_sat)
    Foc_Close_Loop                           0x08002171   Thumb Code   614  foc.o(i.Foc_Close_Loop)
    Foc_Init                                 0x08002415   Thumb Code    70  foc.o(i.Foc_Init)
    Foc_Loop                                 0x08002461   Thumb Code   578  foc.o(i.Foc_Loop)
    Foc_Open_Loop                            0x080026c1   Thumb Code   430  foc.o(i.Foc_Open_Loop)
    Foc_ParamInit                            0x08002899   Thumb Code   224  foc.o(i.Foc_ParamInit)
    Foc_Set_Speed                            0x08002981   Thumb Code    54  foc.o(i.Foc_Set_Speed)
    HAL_ADCEx_Calibration_Start              0x080029c1   Thumb Code   146  stm32h7xx_hal_adc_ex.o(i.HAL_ADCEx_Calibration_Start)
    HAL_ADCEx_MultiModeConfigChannel         0x08002a5d   Thumb Code   274  stm32h7xx_hal_adc_ex.o(i.HAL_ADCEx_MultiModeConfigChannel)
    HAL_ADC_ConfigChannel                    0x08002b85   Thumb Code  1530  stm32h7xx_hal_adc.o(i.HAL_ADC_ConfigChannel)
    HAL_ADC_ConvCpltCallback                 0x080031c5   Thumb Code     2  stm32h7xx_hal_adc.o(i.HAL_ADC_ConvCpltCallback)
    HAL_ADC_ConvHalfCpltCallback             0x080031c7   Thumb Code     2  stm32h7xx_hal_adc.o(i.HAL_ADC_ConvHalfCpltCallback)
    HAL_ADC_ErrorCallback                    0x080031c9   Thumb Code     2  stm32h7xx_hal_adc.o(i.HAL_ADC_ErrorCallback)
    HAL_ADC_Init                             0x080031cd   Thumb Code   622  stm32h7xx_hal_adc.o(i.HAL_ADC_Init)
    HAL_ADC_MspInit                          0x08003475   Thumb Code   290  adc.o(i.HAL_ADC_MspInit)
    HAL_ADC_Start_DMA                        0x080035bd   Thumb Code   264  stm32h7xx_hal_adc.o(i.HAL_ADC_Start_DMA)
    HAL_DMA_Init                             0x080036e9   Thumb Code   922  stm32h7xx_hal_dma.o(i.HAL_DMA_Init)
    HAL_DMA_Start_IT                         0x08003aa5   Thumb Code   628  stm32h7xx_hal_dma.o(i.HAL_DMA_Start_IT)
    HAL_Delay                                0x08003d41   Thumb Code    32  stm32h7xx_hal.o(i.HAL_Delay)
    HAL_GPIO_Init                            0x08003d65   Thumb Code   502  stm32h7xx_hal_gpio.o(i.HAL_GPIO_Init)
    HAL_GPIO_WritePin                        0x08003f89   Thumb Code    10  stm32h7xx_hal_gpio.o(i.HAL_GPIO_WritePin)
    HAL_GetTick                              0x08003f95   Thumb Code     6  stm32h7xx_hal.o(i.HAL_GetTick)
    HAL_IncTick                              0x08003fa1   Thumb Code    12  stm32h7xx_hal.o(i.HAL_IncTick)
    HAL_Init                                 0x08003fb1   Thumb Code    74  stm32h7xx_hal.o(i.HAL_Init)
    HAL_InitTick                             0x0800400d   Thumb Code    56  stm32h7xx_hal.o(i.HAL_InitTick)
    HAL_MPU_ConfigRegion                     0x0800404d   Thumb Code    86  stm32h7xx_hal_cortex.o(i.HAL_MPU_ConfigRegion)
    HAL_MPU_Disable                          0x080040a9   Thumb Code    24  stm32h7xx_hal_cortex.o(i.HAL_MPU_Disable)
    HAL_MPU_Enable                           0x080040c5   Thumb Code    30  stm32h7xx_hal_cortex.o(i.HAL_MPU_Enable)
    HAL_MspInit                              0x080040e9   Thumb Code    22  stm32h7xx_hal_msp.o(i.HAL_MspInit)
    HAL_NVIC_EnableIRQ                       0x08004105   Thumb Code    26  stm32h7xx_hal_cortex.o(i.HAL_NVIC_EnableIRQ)
    HAL_NVIC_SetPriority                     0x08004121   Thumb Code    60  stm32h7xx_hal_cortex.o(i.HAL_NVIC_SetPriority)
    HAL_NVIC_SetPriorityGrouping             0x08004161   Thumb Code    28  stm32h7xx_hal_cortex.o(i.HAL_NVIC_SetPriorityGrouping)
    HAL_PWREx_ConfigSupply                   0x08004185   Thumb Code    78  stm32h7xx_hal_pwr_ex.o(i.HAL_PWREx_ConfigSupply)
    HAL_RCCEx_GetD3PCLK1Freq                 0x080041d9   Thumb Code    26  stm32h7xx_hal_rcc_ex.o(i.HAL_RCCEx_GetD3PCLK1Freq)
    HAL_RCCEx_GetPLL1ClockFreq               0x080041fd   Thumb Code   298  stm32h7xx_hal_rcc_ex.o(i.HAL_RCCEx_GetPLL1ClockFreq)
    HAL_RCCEx_GetPLL2ClockFreq               0x08004345   Thumb Code   296  stm32h7xx_hal_rcc_ex.o(i.HAL_RCCEx_GetPLL2ClockFreq)
    HAL_RCCEx_GetPLL3ClockFreq               0x08004489   Thumb Code   296  stm32h7xx_hal_rcc_ex.o(i.HAL_RCCEx_GetPLL3ClockFreq)
    HAL_RCCEx_GetPeriphCLKFreq               0x080045cd   Thumb Code   648  stm32h7xx_hal_rcc_ex.o(i.HAL_RCCEx_GetPeriphCLKFreq)
    HAL_RCCEx_PeriphCLKConfig                0x08004869   Thumb Code  2362  stm32h7xx_hal_rcc_ex.o(i.HAL_RCCEx_PeriphCLKConfig)
    HAL_RCC_ClockConfig                      0x080051a5   Thumb Code   580  stm32h7xx_hal_rcc.o(i.HAL_RCC_ClockConfig)
    HAL_RCC_GetHCLKFreq                      0x08005401   Thumb Code    52  stm32h7xx_hal_rcc.o(i.HAL_RCC_GetHCLKFreq)
    HAL_RCC_GetPCLK1Freq                     0x08005445   Thumb Code    26  stm32h7xx_hal_rcc.o(i.HAL_RCC_GetPCLK1Freq)
    HAL_RCC_GetPCLK2Freq                     0x08005469   Thumb Code    26  stm32h7xx_hal_rcc.o(i.HAL_RCC_GetPCLK2Freq)
    HAL_RCC_GetSysClockFreq                  0x0800548d   Thumb Code   278  stm32h7xx_hal_rcc.o(i.HAL_RCC_GetSysClockFreq)
    HAL_RCC_OscConfig                        0x080055c5   Thumb Code  1318  stm32h7xx_hal_rcc.o(i.HAL_RCC_OscConfig)
    HAL_SYSTICK_Config                       0x08005aeb   Thumb Code    38  stm32h7xx_hal_cortex.o(i.HAL_SYSTICK_Config)
    HAL_TIMEx_Break2Callback                 0x08005b11   Thumb Code     2  stm32h7xx_hal_tim_ex.o(i.HAL_TIMEx_Break2Callback)
    HAL_TIMEx_BreakCallback                  0x08005b13   Thumb Code     2  stm32h7xx_hal_tim_ex.o(i.HAL_TIMEx_BreakCallback)
    HAL_TIMEx_CommutCallback                 0x08005b15   Thumb Code     2  stm32h7xx_hal_tim_ex.o(i.HAL_TIMEx_CommutCallback)
    HAL_TIMEx_ConfigBreakDeadTime            0x08005b19   Thumb Code   150  stm32h7xx_hal_tim_ex.o(i.HAL_TIMEx_ConfigBreakDeadTime)
    HAL_TIMEx_MasterConfigSynchronization    0x08005bb9   Thumb Code   146  stm32h7xx_hal_tim_ex.o(i.HAL_TIMEx_MasterConfigSynchronization)
    HAL_TIM_Base_Init                        0x08005c71   Thumb Code    98  stm32h7xx_hal_tim.o(i.HAL_TIM_Base_Init)
    HAL_TIM_Base_MspInit                     0x08005cd5   Thumb Code    86  tim.o(i.HAL_TIM_Base_MspInit)
    HAL_TIM_Base_Start_IT                    0x08005d39   Thumb Code   118  stm32h7xx_hal_tim.o(i.HAL_TIM_Base_Start_IT)
    HAL_TIM_ConfigClockSource                0x08005dd9   Thumb Code   248  stm32h7xx_hal_tim.o(i.HAL_TIM_ConfigClockSource)
    HAL_TIM_IC_CaptureCallback               0x08005ed5   Thumb Code     2  stm32h7xx_hal_tim.o(i.HAL_TIM_IC_CaptureCallback)
    HAL_TIM_IRQHandler                       0x08005ed7   Thumb Code   328  stm32h7xx_hal_tim.o(i.HAL_TIM_IRQHandler)
    HAL_TIM_MspPostInit                      0x08006021   Thumb Code   118  tim.o(i.HAL_TIM_MspPostInit)
    HAL_TIM_OC_DelayElapsedCallback          0x080060ad   Thumb Code     2  stm32h7xx_hal_tim.o(i.HAL_TIM_OC_DelayElapsedCallback)
    HAL_TIM_PWM_ConfigChannel                0x080060af   Thumb Code   292  stm32h7xx_hal_tim.o(i.HAL_TIM_PWM_ConfigChannel)
    HAL_TIM_PWM_Init                         0x080061d3   Thumb Code    98  stm32h7xx_hal_tim.o(i.HAL_TIM_PWM_Init)
    HAL_TIM_PWM_MspInit                      0x08006235   Thumb Code     2  stm32h7xx_hal_tim.o(i.HAL_TIM_PWM_MspInit)
    HAL_TIM_PWM_PulseFinishedCallback        0x08006237   Thumb Code     2  stm32h7xx_hal_tim.o(i.HAL_TIM_PWM_PulseFinishedCallback)
    HAL_TIM_PWM_Start                        0x08006239   Thumb Code   244  stm32h7xx_hal_tim.o(i.HAL_TIM_PWM_Start)
    HAL_TIM_PeriodElapsedCallback            0x0800635d   Thumb Code    60  main.o(i.HAL_TIM_PeriodElapsedCallback)
    HAL_TIM_TriggerCallback                  0x080063a5   Thumb Code     2  stm32h7xx_hal_tim.o(i.HAL_TIM_TriggerCallback)
    HAL_UARTEx_DisableFifoMode               0x080063a7   Thumb Code    64  stm32h7xx_hal_uart_ex.o(i.HAL_UARTEx_DisableFifoMode)
    HAL_UARTEx_SetRxFifoThreshold            0x080063e7   Thumb Code    76  stm32h7xx_hal_uart_ex.o(i.HAL_UARTEx_SetRxFifoThreshold)
    HAL_UARTEx_SetTxFifoThreshold            0x08006433   Thumb Code    76  stm32h7xx_hal_uart_ex.o(i.HAL_UARTEx_SetTxFifoThreshold)
    HAL_UART_Init                            0x0800647f   Thumb Code   106  stm32h7xx_hal_uart.o(i.HAL_UART_Init)
    HAL_UART_MspInit                         0x080064e9   Thumb Code   224  usart.o(i.HAL_UART_MspInit)
    HAL_UART_Transmit                        0x080065dd   Thumb Code   184  stm32h7xx_hal_uart.o(i.HAL_UART_Transmit)
    HardFault_Handler                        0x08006695   Thumb Code     2  stm32h7xx_it.o(i.HardFault_Handler)
    MX_ADC1_Init                             0x080066e5   Thumb Code   172  adc.o(i.MX_ADC1_Init)
    MX_ADC2_Init                             0x080067a1   Thumb Code   150  adc.o(i.MX_ADC2_Init)
    MX_DMA_Init                              0x08006849   Thumb Code    22  dma.o(i.MX_DMA_Init)
    MX_GPIO_Init                             0x08006865   Thumb Code   262  gpio.o(i.MX_GPIO_Init)
    MX_TIM1_Init                             0x08006981   Thumb Code   286  tim.o(i.MX_TIM1_Init)
    MX_TIM8_Init                             0x08006aa9   Thumb Code   284  tim.o(i.MX_TIM8_Init)
    MX_USART10_UART_Init                     0x08006bcd   Thumb Code    94  usart.o(i.MX_USART10_UART_Init)
    MX_USART6_UART_Init                      0x08006c35   Thumb Code    94  usart.o(i.MX_USART6_UART_Init)
    MemManage_Handler                        0x08006c9d   Thumb Code     2  stm32h7xx_it.o(i.MemManage_Handler)
    NMI_Handler                              0x08006c9f   Thumb Code     2  stm32h7xx_it.o(i.NMI_Handler)
    PendSV_Handler                           0x08006ca1   Thumb Code     2  stm32h7xx_it.o(i.PendSV_Handler)
    PeriphCommonClock_Config                 0x08006ca3   Thumb Code    64  main.o(i.PeriphCommonClock_Config)
    Print3_Motor_To_VOFA                     0x08006ce5   Thumb Code    52  main.o(i.Print3_Motor_To_VOFA)
    SMO_Observer                             0x08006f6d   Thumb Code   592  smo.o(i.SMO_Observer)
    SVC_Handler                              0x080071fd   Thumb Code     2  stm32h7xx_it.o(i.SVC_Handler)
    SysTick_Handler                          0x080071ff   Thumb Code     4  stm32h7xx_it.o(i.SysTick_Handler)
    SystemClock_Config                       0x08007205   Thumb Code   146  main.o(i.SystemClock_Config)
    SystemInit                               0x0800729d   Thumb Code   184  system_stm32h7xx.o(i.SystemInit)
    TIM1_UP_IRQHandler                       0x08007375   Thumb Code     6  stm32h7xx_it.o(i.TIM1_UP_IRQHandler)
    TIM8_UP_TIM13_IRQHandler                 0x08007381   Thumb Code     6  stm32h7xx_it.o(i.TIM8_UP_TIM13_IRQHandler)
    TIM_Base_SetConfig                       0x0800738d   Thumb Code   182  stm32h7xx_hal_tim.o(i.TIM_Base_SetConfig)
    TIM_CCxChannelCmd                        0x0800746d   Thumb Code    26  stm32h7xx_hal_tim.o(i.TIM_CCxChannelCmd)
    TIM_ETR_SetConfig                        0x08007487   Thumb Code    18  stm32h7xx_hal_tim.o(i.TIM_ETR_SetConfig)
    TIM_OC2_SetConfig                        0x08007559   Thumb Code   130  stm32h7xx_hal_tim.o(i.TIM_OC2_SetConfig)
    UART_AdvFeatureConfig                    0x080078d1   Thumb Code   200  stm32h7xx_hal_uart.o(i.UART_AdvFeatureConfig)
    UART_CheckIdleState                      0x08007999   Thumb Code   170  stm32h7xx_hal_uart.o(i.UART_CheckIdleState)
    UART_SetConfig                           0x08007a99   Thumb Code   914  stm32h7xx_hal_uart.o(i.UART_SetConfig)
    UART_WaitOnFlagUntilTimeout              0x08007e75   Thumb Code   148  stm32h7xx_hal_uart.o(i.UART_WaitOnFlagUntilTimeout)
    UsageFault_Handler                       0x08007f09   Thumb Code     2  stm32h7xx_it.o(i.UsageFault_Handler)
    __ARM_fpclassify                         0x08007f0b   Thumb Code    48  fpclassify.o(i.__ARM_fpclassify)
    __ARM_fpclassifyf                        0x08007f3b   Thumb Code    38  fpclassifyf.o(i.__ARM_fpclassifyf)
    __hardfp_atanf                           0x08007f85   Thumb Code   296  atanf.o(i.__hardfp_atanf)
    __hardfp_cosf                            0x080080f5   Thumb Code   276  cosf.o(i.__hardfp_cosf)
    __hardfp_fmaxf                           0x08008245   Thumb Code    72  fmaxf.o(i.__hardfp_fmaxf)
    __hardfp_fminf                           0x0800828d   Thumb Code    72  fminf.o(i.__hardfp_fminf)
    __hardfp_fmodf                           0x080082d5   Thumb Code   176  fmodf.o(i.__hardfp_fmodf)
    __hardfp_sinf                            0x08008385   Thumb Code   344  sinf.o(i.__hardfp_sinf)
    __hardfp_sqrtf                           0x08008519   Thumb Code    58  sqrtf.o(i.__hardfp_sqrtf)
    __mathlib_flt_infnan                     0x08008553   Thumb Code     6  funder.o(i.__mathlib_flt_infnan)
    __mathlib_flt_invalid                    0x08008559   Thumb Code    10  funder.o(i.__mathlib_flt_invalid)
    __mathlib_flt_underflow                  0x08008569   Thumb Code    10  funder.o(i.__mathlib_flt_underflow)
    __mathlib_rredf2                         0x08008579   Thumb Code   316  rredf.o(i.__mathlib_rredf2)
    _is_digit                                0x080086cd   Thumb Code    14  __printf_wp.o(i._is_digit)
    calc_compensation_angle                  0x080086dd   Thumb Code    90  foc_math.o(i.calc_compensation_angle)
    main                                     0x08008a1d   Thumb Code   232  main.o(i.main)
    _get_lc_numeric                          0x08008b19   Thumb Code    44  lc_numeric_c.o(locale$$code)
    __fcmp4                                  0x08008b45   Thumb Code    24  fcmp4.o(x$fpl$fcmp4)
    __ARM_fcmp4                              0x08008b5d   Thumb Code     0  fcmp4.o(x$fpl$fcmp4)
    _fcmp4                                   0x08008b5d   Thumb Code    58  fcmp4.o(x$fpl$fcmp4)
    __fpl_fcmp_Inf                           0x08008b97   Thumb Code    24  fcmpi.o(x$fpl$fcmpinf)
    __fpl_fnaninf                            0x08008baf   Thumb Code   140  fnaninf.o(x$fpl$fnaninf)
    _fp_init                                 0x08008c3b   Thumb Code    10  fpinit.o(x$fpl$fpinit)
    __fplib_config_fpu_vfp                   0x08008c43   Thumb Code     0  fpinit.o(x$fpl$fpinit)
    __fplib_config_pureend_doubles           0x08008c43   Thumb Code     0  fpinit.o(x$fpl$fpinit)
    _frem                                    0x08008c45   Thumb Code   240  frem_clz.o(x$fpl$frem)
    _printf_fp_dec                           0x08008d39   Thumb Code     4  printf1.o(x$fpl$printf1)
    __I$use$fp                               0x08008d3c   Number         0  usenofp.o(x$fpl$usenofp)
    UARTPrescTable                           0x08008d44   Data          24  stm32h7xx_hal_uart.o(.constdata)
    D1CorePrescTable                         0x08008d6c   Data          16  system_stm32h7xx.o(.constdata)
    foc_hal                                  0x08008df8   Data          32  user_foc_hal.o(.constdata)
    Region$$Table$$Base                      0x08008ee8   Number         0  anon$$obj.o(Region$$Table)
    Region$$Table$$Limit                     0x08008f08   Number         0  anon$$obj.o(Region$$Table)
    uwTickFreq                               0x24000004   Data           1  stm32h7xx_hal.o(.data)
    uwTickPrio                               0x24000008   Data           4  stm32h7xx_hal.o(.data)
    uwTick                                   0x2400000c   Data           4  stm32h7xx_hal.o(.data)
    SystemCoreClock                          0x24000010   Data           4  system_stm32h7xx.o(.data)
    SystemD2Clock                            0x24000014   Data           4  system_stm32h7xx.o(.data)
    vofa_cnt                                 0x24000018   Data           4  foc.o(.data)
    angle_error                              0x2400001c   Data           4  smo.o(.data)
    adc1_buf                                 0x24000020   Data           4  user_foc_hal.o(.data)
    adc2_buf                                 0x24000040   Data           4  user_foc_hal.o(.data)
    hadc1                                    0x24000044   Data         112  adc.o(.bss)
    hadc2                                    0x240000b4   Data         112  adc.o(.bss)
    hdma_adc1                                0x24000124   Data         120  adc.o(.bss)
    hdma_adc2                                0x2400019c   Data         120  adc.o(.bss)
    htim1                                    0x24000214   Data          76  tim.o(.bss)
    htim8                                    0x24000260   Data          76  tim.o(.bss)
    huart6                                   0x240002ac   Data         148  usart.o(.bss)
    huart10                                  0x24000340   Data         148  usart.o(.bss)
    FOC_Motor                                0x240003d4   Data        1164  foc.o(.bss)
    __libspace_start                         0x2400088c   Data          96  libspace.o(.bss)
    __temporary_stack_top$libspace           0x240008ec   Data           0  libspace.o(.bss)



==============================================================================

Memory Map of the image

  Image Entry point : 0x080002cd

  Load Region LR_IROM1 (Base: 0x08000000, Size: 0x00008f68, Max: 0x00100000, ABSOLUTE)

    Execution Region ER_IROM1 (Exec base: 0x08000000, Load base: 0x08000000, Size: 0x00008f24, Max: 0x00100000, ABSOLUTE)

    Exec Addr    Load Addr    Size         Type   Attr      Idx    E Section Name        Object

    0x08000000   0x08000000   0x000002cc   Data   RO            3    RESET               startup_stm32h723xx.o
    0x080002cc   0x080002cc   0x00000008   Code   RO         5342  * !!!main             c_w.l(__main.o)
    0x080002d4   0x080002d4   0x00000034   Code   RO         5668    !!!scatter          c_w.l(__scatter.o)
    0x08000308   0x08000308   0x0000001a   Code   RO         5670    !!handler_copy      c_w.l(__scatter_copy.o)
    0x08000322   0x08000322   0x00000002   PAD
    0x08000324   0x08000324   0x0000001c   Code   RO         5672    !!handler_zi        c_w.l(__scatter_zi.o)
    0x08000340   0x08000340   0x00000000   Code   RO         5333    .ARM.Collect$$_printf_percent$$00000000  c_w.l(_printf_percent.o)
    0x08000340   0x08000340   0x00000006   Code   RO         5332    .ARM.Collect$$_printf_percent$$00000003  c_w.l(_printf_f.o)
    0x08000346   0x08000346   0x00000004   Code   RO         5427    .ARM.Collect$$_printf_percent$$00000017  c_w.l(_printf_percent_end.o)
    0x0800034a   0x0800034a   0x00000002   Code   RO         5541    .ARM.Collect$$libinit$$00000000  c_w.l(libinit.o)
    0x0800034c   0x0800034c   0x00000004   Code   RO         5542    .ARM.Collect$$libinit$$00000001  c_w.l(libinit2.o)
    0x08000350   0x08000350   0x00000000   Code   RO         5545    .ARM.Collect$$libinit$$00000004  c_w.l(libinit2.o)
    0x08000350   0x08000350   0x00000000   Code   RO         5548    .ARM.Collect$$libinit$$0000000A  c_w.l(libinit2.o)
    0x08000350   0x08000350   0x00000000   Code   RO         5550    .ARM.Collect$$libinit$$0000000C  c_w.l(libinit2.o)
    0x08000350   0x08000350   0x00000000   Code   RO         5552    .ARM.Collect$$libinit$$0000000E  c_w.l(libinit2.o)
    0x08000350   0x08000350   0x00000006   Code   RO         5553    .ARM.Collect$$libinit$$0000000F  c_w.l(libinit2.o)
    0x08000356   0x08000356   0x00000000   Code   RO         5555    .ARM.Collect$$libinit$$00000011  c_w.l(libinit2.o)
    0x08000356   0x08000356   0x00000000   Code   RO         5557    .ARM.Collect$$libinit$$00000013  c_w.l(libinit2.o)
    0x08000356   0x08000356   0x00000000   Code   RO         5559    .ARM.Collect$$libinit$$00000015  c_w.l(libinit2.o)
    0x08000356   0x08000356   0x0000000a   Code   RO         5560    .ARM.Collect$$libinit$$00000016  c_w.l(libinit2.o)
    0x08000360   0x08000360   0x00000000   Code   RO         5561    .ARM.Collect$$libinit$$00000017  c_w.l(libinit2.o)
    0x08000360   0x08000360   0x00000000   Code   RO         5563    .ARM.Collect$$libinit$$00000019  c_w.l(libinit2.o)
    0x08000360   0x08000360   0x00000000   Code   RO         5565    .ARM.Collect$$libinit$$0000001B  c_w.l(libinit2.o)
    0x08000360   0x08000360   0x00000000   Code   RO         5567    .ARM.Collect$$libinit$$0000001D  c_w.l(libinit2.o)
    0x08000360   0x08000360   0x00000000   Code   RO         5569    .ARM.Collect$$libinit$$0000001F  c_w.l(libinit2.o)
    0x08000360   0x08000360   0x00000000   Code   RO         5571    .ARM.Collect$$libinit$$00000021  c_w.l(libinit2.o)
    0x08000360   0x08000360   0x00000000   Code   RO         5573    .ARM.Collect$$libinit$$00000023  c_w.l(libinit2.o)
    0x08000360   0x08000360   0x00000000   Code   RO         5575    .ARM.Collect$$libinit$$00000025  c_w.l(libinit2.o)
    0x08000360   0x08000360   0x00000000   Code   RO         5579    .ARM.Collect$$libinit$$0000002C  c_w.l(libinit2.o)
    0x08000360   0x08000360   0x00000000   Code   RO         5581    .ARM.Collect$$libinit$$0000002E  c_w.l(libinit2.o)
    0x08000360   0x08000360   0x00000000   Code   RO         5583    .ARM.Collect$$libinit$$00000030  c_w.l(libinit2.o)
    0x08000360   0x08000360   0x00000000   Code   RO         5585    .ARM.Collect$$libinit$$00000032  c_w.l(libinit2.o)
    0x08000360   0x08000360   0x00000002   Code   RO         5586    .ARM.Collect$$libinit$$00000033  c_w.l(libinit2.o)
    0x08000362   0x08000362   0x00000002   Code   RO         5633    .ARM.Collect$$libshutdown$$00000000  c_w.l(libshutdown.o)
    0x08000364   0x08000364   0x00000000   Code   RO         5651    .ARM.Collect$$libshutdown$$00000002  c_w.l(libshutdown2.o)
    0x08000364   0x08000364   0x00000000   Code   RO         5653    .ARM.Collect$$libshutdown$$00000004  c_w.l(libshutdown2.o)
    0x08000364   0x08000364   0x00000000   Code   RO         5656    .ARM.Collect$$libshutdown$$00000007  c_w.l(libshutdown2.o)
    0x08000364   0x08000364   0x00000000   Code   RO         5659    .ARM.Collect$$libshutdown$$0000000A  c_w.l(libshutdown2.o)
    0x08000364   0x08000364   0x00000000   Code   RO         5661    .ARM.Collect$$libshutdown$$0000000C  c_w.l(libshutdown2.o)
    0x08000364   0x08000364   0x00000000   Code   RO         5664    .ARM.Collect$$libshutdown$$0000000F  c_w.l(libshutdown2.o)
    0x08000364   0x08000364   0x00000002   Code   RO         5665    .ARM.Collect$$libshutdown$$00000010  c_w.l(libshutdown2.o)
    0x08000366   0x08000366   0x00000000   Code   RO         5414    .ARM.Collect$$rtentry$$00000000  c_w.l(__rtentry.o)
    0x08000366   0x08000366   0x00000000   Code   RO         5455    .ARM.Collect$$rtentry$$00000002  c_w.l(__rtentry2.o)
    0x08000366   0x08000366   0x00000006   Code   RO         5467    .ARM.Collect$$rtentry$$00000004  c_w.l(__rtentry4.o)
    0x0800036c   0x0800036c   0x00000000   Code   RO         5457    .ARM.Collect$$rtentry$$00000009  c_w.l(__rtentry2.o)
    0x0800036c   0x0800036c   0x00000004   Code   RO         5458    .ARM.Collect$$rtentry$$0000000A  c_w.l(__rtentry2.o)
    0x08000370   0x08000370   0x00000000   Code   RO         5460    .ARM.Collect$$rtentry$$0000000C  c_w.l(__rtentry2.o)
    0x08000370   0x08000370   0x00000008   Code   RO         5461    .ARM.Collect$$rtentry$$0000000D  c_w.l(__rtentry2.o)
    0x08000378   0x08000378   0x00000002   Code   RO         5587    .ARM.Collect$$rtexit$$00000000  c_w.l(rtexit.o)
    0x0800037a   0x0800037a   0x00000000   Code   RO         5602    .ARM.Collect$$rtexit$$00000002  c_w.l(rtexit2.o)
    0x0800037a   0x0800037a   0x00000004   Code   RO         5603    .ARM.Collect$$rtexit$$00000003  c_w.l(rtexit2.o)
    0x0800037e   0x0800037e   0x00000006   Code   RO         5604    .ARM.Collect$$rtexit$$00000004  c_w.l(rtexit2.o)
    0x08000384   0x08000384   0x00000048   Code   RO            4    .text               startup_stm32h723xx.o
    0x080003cc   0x080003cc   0x000000ee   Code   RO         5304    .text               c_w.l(lludivv7m.o)
    0x080004ba   0x080004ba   0x00000002   PAD
    0x080004bc   0x080004bc   0x0000002c   Code   RO         5306    .text               c_w.l(__2sprintf.o)
    0x080004e8   0x080004e8   0x0000010e   Code   RO         5320    .text               c_w.l(__printf_wp.o)
    0x080005f6   0x080005f6   0x0000008a   Code   RO         5334    .text               c_w.l(rt_memcpy_v6.o)
    0x08000680   0x08000680   0x00000064   Code   RO         5336    .text               c_w.l(rt_memcpy_w.o)
    0x080006e4   0x080006e4   0x0000004e   Code   RO         5338    .text               c_w.l(rt_memclr_w.o)
    0x08000732   0x08000732   0x00000006   Code   RO         5340    .text               c_w.l(heapauxi.o)
    0x08000738   0x08000738   0x00000016   Code   RO         5419    .text               c_w.l(_rserrno.o)
    0x0800074e   0x0800074e   0x0000041e   Code   RO         5421    .text               c_w.l(_printf_fp_dec.o)
    0x08000b6c   0x08000b6c   0x00000030   Code   RO         5423    .text               c_w.l(_printf_char_common.o)
    0x08000b9c   0x08000b9c   0x0000000a   Code   RO         5425    .text               c_w.l(_sputc.o)
    0x08000ba6   0x08000ba6   0x00000002   PAD
    0x08000ba8   0x08000ba8   0x00000008   Code   RO         5474    .text               c_w.l(rt_locale_intlibspace.o)
    0x08000bb0   0x08000bb0   0x00000008   Code   RO         5479    .text               c_w.l(rt_errno_addr_intlibspace.o)
    0x08000bb8   0x08000bb8   0x0000008a   Code   RO         5481    .text               c_w.l(lludiv10.o)
    0x08000c42   0x08000c42   0x00000002   PAD
    0x08000c44   0x08000c44   0x00000080   Code   RO         5483    .text               c_w.l(_printf_fp_infnan.o)
    0x08000cc4   0x08000cc4   0x000000e4   Code   RO         5487    .text               c_w.l(bigflt0.o)
    0x08000da8   0x08000da8   0x00000008   Code   RO         5523    .text               c_w.l(libspace.o)
    0x08000db0   0x08000db0   0x0000004a   Code   RO         5526    .text               c_w.l(sys_stackheap_outer.o)
    0x08000dfa   0x08000dfa   0x00000012   Code   RO         5528    .text               c_w.l(exit.o)
    0x08000e0c   0x08000e0c   0x00000068   Code   RO         5534    .text               c_w.l(strcmpv7m_pel.o)
    0x08000e74   0x08000e74   0x0000000c   Code   RO         5599    .text               c_w.l(sys_exit.o)
    0x08000e80   0x08000e80   0x00000002   Code   RO         5620    .text               c_w.l(use_no_semi.o)
    0x08000e82   0x08000e82   0x00000000   Code   RO         5622    .text               c_w.l(indicate_semi.o)
    0x08000e82   0x08000e82   0x0000003e   Code   RO         5490    CL$$btod_d2e        c_w.l(btod.o)
    0x08000ec0   0x08000ec0   0x00000046   Code   RO         5492    CL$$btod_d2e_denorm_low  c_w.l(btod.o)
    0x08000f06   0x08000f06   0x00000060   Code   RO         5491    CL$$btod_d2e_norm_op1  c_w.l(btod.o)
    0x08000f66   0x08000f66   0x00000338   Code   RO         5500    CL$$btod_div_common  c_w.l(btod.o)
    0x0800129e   0x0800129e   0x000000dc   Code   RO         5497    CL$$btod_e2e        c_w.l(btod.o)
    0x0800137a   0x0800137a   0x0000002a   Code   RO         5494    CL$$btod_ediv       c_w.l(btod.o)
    0x080013a4   0x080013a4   0x0000002a   Code   RO         5493    CL$$btod_emul       c_w.l(btod.o)
    0x080013ce   0x080013ce   0x00000244   Code   RO         5499    CL$$btod_mult_common  c_w.l(btod.o)
    0x08001612   0x08001612   0x00000002   PAD
    0x08001614   0x08001614   0x000000e4   Code   RO          575    i.ADC_ConfigureBoostMode  stm32h7xx_hal_adc.o
    0x080016f8   0x080016f8   0x00000068   Code   RO          577    i.ADC_DMAConvCplt   stm32h7xx_hal_adc.o
    0x08001760   0x08001760   0x0000001a   Code   RO          578    i.ADC_DMAError      stm32h7xx_hal_adc.o
    0x0800177a   0x0800177a   0x0000000a   Code   RO          579    i.ADC_DMAHalfConvCplt  stm32h7xx_hal_adc.o
    0x08001784   0x08001784   0x00000070   Code   RO          580    i.ADC_Disable       stm32h7xx_hal_adc.o
    0x080017f4   0x080017f4   0x000000a8   Code   RO          581    i.ADC_Enable        stm32h7xx_hal_adc.o
    0x0800189c   0x0800189c   0x00000002   Code   RO          463    i.BusFault_Handler  stm32h7xx_it.o
    0x0800189e   0x0800189e   0x00000002   PAD
    0x080018a0   0x080018a0   0x000000b4   Code   RO         1651    i.DMA_CalcBaseAndBitshift  stm32h7xx_hal_dma.o
    0x08001954   0x08001954   0x0000009c   Code   RO         1652    i.DMA_CalcDMAMUXChannelBaseAndMask  stm32h7xx_hal_dma.o
    0x080019f0   0x080019f0   0x00000074   Code   RO         1653    i.DMA_CalcDMAMUXRequestGenBaseAndMask  stm32h7xx_hal_dma.o
    0x08001a64   0x08001a64   0x00000054   Code   RO         1654    i.DMA_CheckFifoParam  stm32h7xx_hal_dma.o
    0x08001ab8   0x08001ab8   0x00000220   Code   RO         1655    i.DMA_SetConfig     stm32h7xx_hal_dma.o
    0x08001cd8   0x08001cd8   0x00000002   Code   RO          464    i.DebugMon_Handler  stm32h7xx_it.o
    0x08001cda   0x08001cda   0x00000004   Code   RO           13    i.Error_Handler     main.o
    0x08001cde   0x08001cde   0x00000002   PAD
    0x08001ce0   0x08001ce0   0x0000001c   Code   RO         5002    i.ExitRun0Mode      system_stm32h7xx.o
    0x08001cfc   0x08001cfc   0x00000038   Code   RO         5137    i.FOC_Clark_Transform  foc_math.o
    0x08001d34   0x08001d34   0x00000046   Code   RO         5138    i.FOC_InvPark_Transform  foc_math.o
    0x08001d7a   0x08001d7a   0x0000005e   Code   RO         5139    i.FOC_Motor_Cali_Offset  foc_math.o
    0x08001dd8   0x08001dd8   0x000000b0   Code   RO         5140    i.FOC_PI_Regulator  foc_math.o
    0x08001e88   0x08001e88   0x00000046   Code   RO         5141    i.FOC_Park_Transform  foc_math.o
    0x08001ece   0x08001ece   0x00000002   PAD
    0x08001ed0   0x08001ed0   0x000001fc   Code   RO         5142    i.FOC_SVPWM_Generate  foc_math.o
    0x080020cc   0x080020cc   0x00000074   Code   RO         5143    i.FOC_calc_dynamic_lpf  foc_math.o
    0x08002140   0x08002140   0x0000002e   Code   RO         5144    i.FOC_sat           foc_math.o
    0x0800216e   0x0800216e   0x00000002   PAD
    0x08002170   0x08002170   0x000002a4   Code   RO         5042    i.Foc_Close_Loop    foc.o
    0x08002414   0x08002414   0x0000004c   Code   RO         5045    i.Foc_Init          foc.o
    0x08002460   0x08002460   0x00000260   Code   RO         5046    i.Foc_Loop          foc.o
    0x080026c0   0x080026c0   0x000001d8   Code   RO         5047    i.Foc_Open_Loop     foc.o
    0x08002898   0x08002898   0x000000e8   Code   RO         5048    i.Foc_ParamInit     foc.o
    0x08002980   0x08002980   0x00000040   Code   RO         5051    i.Foc_Set_Speed     foc.o
    0x080029c0   0x080029c0   0x0000009c   Code   RO          802    i.HAL_ADCEx_Calibration_Start  stm32h7xx_hal_adc_ex.o
    0x08002a5c   0x08002a5c   0x00000128   Code   RO          822    i.HAL_ADCEx_MultiModeConfigChannel  stm32h7xx_hal_adc_ex.o
    0x08002b84   0x08002b84   0x00000640   Code   RO          583    i.HAL_ADC_ConfigChannel  stm32h7xx_hal_adc.o
    0x080031c4   0x080031c4   0x00000002   Code   RO          584    i.HAL_ADC_ConvCpltCallback  stm32h7xx_hal_adc.o
    0x080031c6   0x080031c6   0x00000002   Code   RO          585    i.HAL_ADC_ConvHalfCpltCallback  stm32h7xx_hal_adc.o
    0x080031c8   0x080031c8   0x00000002   Code   RO          587    i.HAL_ADC_ErrorCallback  stm32h7xx_hal_adc.o
    0x080031ca   0x080031ca   0x00000002   PAD
    0x080031cc   0x080031cc   0x000002a8   Code   RO          592    i.HAL_ADC_Init      stm32h7xx_hal_adc.o
    0x08003474   0x08003474   0x00000148   Code   RO          289    i.HAL_ADC_MspInit   adc.o
    0x080035bc   0x080035bc   0x0000012c   Code   RO          599    i.HAL_ADC_Start_DMA  stm32h7xx_hal_adc.o
    0x080036e8   0x080036e8   0x000003bc   Code   RO         1662    i.HAL_DMA_Init      stm32h7xx_hal_dma.o
    0x08003aa4   0x08003aa4   0x0000029c   Code   RO         1666    i.HAL_DMA_Start_IT  stm32h7xx_hal_dma.o
    0x08003d40   0x08003d40   0x00000024   Code   RO         2506    i.HAL_Delay         stm32h7xx_hal.o
    0x08003d64   0x08003d64   0x00000224   Code   RO         1504    i.HAL_GPIO_Init     stm32h7xx_hal_gpio.o
    0x08003f88   0x08003f88   0x0000000a   Code   RO         1508    i.HAL_GPIO_WritePin  stm32h7xx_hal_gpio.o
    0x08003f92   0x08003f92   0x00000002   PAD
    0x08003f94   0x08003f94   0x0000000c   Code   RO         2522    i.HAL_GetTick       stm32h7xx_hal.o
    0x08003fa0   0x08003fa0   0x00000010   Code   RO         2528    i.HAL_IncTick       stm32h7xx_hal.o
    0x08003fb0   0x08003fb0   0x0000005c   Code   RO         2529    i.HAL_Init          stm32h7xx_hal.o
    0x0800400c   0x0800400c   0x00000040   Code   RO         2530    i.HAL_InitTick      stm32h7xx_hal.o
    0x0800404c   0x0800404c   0x0000005c   Code   RO         2347    i.HAL_MPU_ConfigRegion  stm32h7xx_hal_cortex.o
    0x080040a8   0x080040a8   0x0000001c   Code   RO         2348    i.HAL_MPU_Disable   stm32h7xx_hal_cortex.o
    0x080040c4   0x080040c4   0x00000024   Code   RO         2350    i.HAL_MPU_Enable    stm32h7xx_hal_cortex.o
    0x080040e8   0x080040e8   0x0000001c   Code   RO          551    i.HAL_MspInit       stm32h7xx_hal_msp.o
    0x08004104   0x08004104   0x0000001a   Code   RO         2354    i.HAL_NVIC_EnableIRQ  stm32h7xx_hal_cortex.o
    0x0800411e   0x0800411e   0x00000002   PAD
    0x08004120   0x08004120   0x00000040   Code   RO         2360    i.HAL_NVIC_SetPriority  stm32h7xx_hal_cortex.o
    0x08004160   0x08004160   0x00000024   Code   RO         2361    i.HAL_NVIC_SetPriorityGrouping  stm32h7xx_hal_cortex.o
    0x08004184   0x08004184   0x00000054   Code   RO         2105    i.HAL_PWREx_ConfigSupply  stm32h7xx_hal_pwr_ex.o
    0x080041d8   0x080041d8   0x00000024   Code   RO         1147    i.HAL_RCCEx_GetD3PCLK1Freq  stm32h7xx_hal_rcc_ex.o
    0x080041fc   0x080041fc   0x00000148   Code   RO         1148    i.HAL_RCCEx_GetPLL1ClockFreq  stm32h7xx_hal_rcc_ex.o
    0x08004344   0x08004344   0x00000144   Code   RO         1149    i.HAL_RCCEx_GetPLL2ClockFreq  stm32h7xx_hal_rcc_ex.o
    0x08004488   0x08004488   0x00000144   Code   RO         1150    i.HAL_RCCEx_GetPLL3ClockFreq  stm32h7xx_hal_rcc_ex.o
    0x080045cc   0x080045cc   0x0000029c   Code   RO         1152    i.HAL_RCCEx_GetPeriphCLKFreq  stm32h7xx_hal_rcc_ex.o
    0x08004868   0x08004868   0x0000093a   Code   RO         1156    i.HAL_RCCEx_PeriphCLKConfig  stm32h7xx_hal_rcc_ex.o
    0x080051a2   0x080051a2   0x00000002   PAD
    0x080051a4   0x080051a4   0x0000025c   Code   RO         1032    i.HAL_RCC_ClockConfig  stm32h7xx_hal_rcc.o
    0x08005400   0x08005400   0x00000044   Code   RO         1037    i.HAL_RCC_GetHCLKFreq  stm32h7xx_hal_rcc.o
    0x08005444   0x08005444   0x00000024   Code   RO         1039    i.HAL_RCC_GetPCLK1Freq  stm32h7xx_hal_rcc.o
    0x08005468   0x08005468   0x00000024   Code   RO         1040    i.HAL_RCC_GetPCLK2Freq  stm32h7xx_hal_rcc.o
    0x0800548c   0x0800548c   0x00000138   Code   RO         1041    i.HAL_RCC_GetSysClockFreq  stm32h7xx_hal_rcc.o
    0x080055c4   0x080055c4   0x00000526   Code   RO         1044    i.HAL_RCC_OscConfig  stm32h7xx_hal_rcc.o
    0x08005aea   0x08005aea   0x00000026   Code   RO         2365    i.HAL_SYSTICK_Config  stm32h7xx_hal_cortex.o
    0x08005b10   0x08005b10   0x00000002   Code   RO         4161    i.HAL_TIMEx_Break2Callback  stm32h7xx_hal_tim_ex.o
    0x08005b12   0x08005b12   0x00000002   Code   RO         4162    i.HAL_TIMEx_BreakCallback  stm32h7xx_hal_tim_ex.o
    0x08005b14   0x08005b14   0x00000002   Code   RO         4163    i.HAL_TIMEx_CommutCallback  stm32h7xx_hal_tim_ex.o
    0x08005b16   0x08005b16   0x00000002   PAD
    0x08005b18   0x08005b18   0x000000a0   Code   RO         4165    i.HAL_TIMEx_ConfigBreakDeadTime  stm32h7xx_hal_tim_ex.o
    0x08005bb8   0x08005bb8   0x000000b8   Code   RO         4184    i.HAL_TIMEx_MasterConfigSynchronization  stm32h7xx_hal_tim_ex.o
    0x08005c70   0x08005c70   0x00000062   Code   RO         3447    i.HAL_TIM_Base_Init  stm32h7xx_hal_tim.o
    0x08005cd2   0x08005cd2   0x00000002   PAD
    0x08005cd4   0x08005cd4   0x00000064   Code   RO          362    i.HAL_TIM_Base_MspInit  tim.o
    0x08005d38   0x08005d38   0x000000a0   Code   RO         3452    i.HAL_TIM_Base_Start_IT  stm32h7xx_hal_tim.o
    0x08005dd8   0x08005dd8   0x000000fc   Code   RO         3456    i.HAL_TIM_ConfigClockSource  stm32h7xx_hal_tim.o
    0x08005ed4   0x08005ed4   0x00000002   Code   RO         3481    i.HAL_TIM_IC_CaptureCallback  stm32h7xx_hal_tim.o
    0x08005ed6   0x08005ed6   0x00000148   Code   RO         3495    i.HAL_TIM_IRQHandler  stm32h7xx_hal_tim.o
    0x0800601e   0x0800601e   0x00000002   PAD
    0x08006020   0x08006020   0x0000008c   Code   RO          363    i.HAL_TIM_MspPostInit  tim.o
    0x080060ac   0x080060ac   0x00000002   Code   RO         3498    i.HAL_TIM_OC_DelayElapsedCallback  stm32h7xx_hal_tim.o
    0x080060ae   0x080060ae   0x00000124   Code   RO         3519    i.HAL_TIM_PWM_ConfigChannel  stm32h7xx_hal_tim.o
    0x080061d2   0x080061d2   0x00000062   Code   RO         3522    i.HAL_TIM_PWM_Init  stm32h7xx_hal_tim.o
    0x08006234   0x08006234   0x00000002   Code   RO         3524    i.HAL_TIM_PWM_MspInit  stm32h7xx_hal_tim.o
    0x08006236   0x08006236   0x00000002   Code   RO         3525    i.HAL_TIM_PWM_PulseFinishedCallback  stm32h7xx_hal_tim.o
    0x08006238   0x08006238   0x00000124   Code   RO         3527    i.HAL_TIM_PWM_Start  stm32h7xx_hal_tim.o
    0x0800635c   0x0800635c   0x00000048   Code   RO           14    i.HAL_TIM_PeriodElapsedCallback  main.o
    0x080063a4   0x080063a4   0x00000002   Code   RO         3538    i.HAL_TIM_TriggerCallback  stm32h7xx_hal_tim.o
    0x080063a6   0x080063a6   0x00000040   Code   RO         4884    i.HAL_UARTEx_DisableFifoMode  stm32h7xx_hal_uart_ex.o
    0x080063e6   0x080063e6   0x0000004c   Code   RO         4893    i.HAL_UARTEx_SetRxFifoThreshold  stm32h7xx_hal_uart_ex.o
    0x08006432   0x08006432   0x0000004c   Code   RO         4894    i.HAL_UARTEx_SetTxFifoThreshold  stm32h7xx_hal_uart_ex.o
    0x0800647e   0x0800647e   0x0000006a   Code   RO         4493    i.HAL_UART_Init     stm32h7xx_hal_uart.o
    0x080064e8   0x080064e8   0x000000f4   Code   RO          416    i.HAL_UART_MspInit  usart.o
    0x080065dc   0x080065dc   0x000000b8   Code   RO         4502    i.HAL_UART_Transmit  stm32h7xx_hal_uart.o
    0x08006694   0x08006694   0x00000002   Code   RO          465    i.HardFault_Handler  stm32h7xx_it.o
    0x08006696   0x08006696   0x0000000c   Code   RO          604    i.LL_ADC_GetOffsetChannel  stm32h7xx_hal_adc.o
    0x080066a2   0x080066a2   0x00000008   Code   RO          605    i.LL_ADC_INJ_IsConversionOngoing  stm32h7xx_hal_adc.o
    0x080066aa   0x080066aa   0x00000008   Code   RO          606    i.LL_ADC_REG_IsConversionOngoing  stm32h7xx_hal_adc.o
    0x080066b2   0x080066b2   0x00000008   Code   RO          832    i.LL_ADC_REG_IsConversionOngoing  stm32h7xx_hal_adc_ex.o
    0x080066ba   0x080066ba   0x00000010   Code   RO          607    i.LL_ADC_REG_IsTriggerSourceSWStart  stm32h7xx_hal_adc.o
    0x080066ca   0x080066ca   0x00000002   PAD
    0x080066cc   0x080066cc   0x00000018   Code   RO          609    i.LL_ADC_SetOffsetState  stm32h7xx_hal_adc.o
    0x080066e4   0x080066e4   0x000000bc   Code   RO          290    i.MX_ADC1_Init      adc.o
    0x080067a0   0x080067a0   0x000000a8   Code   RO          291    i.MX_ADC2_Init      adc.o
    0x08006848   0x08006848   0x0000001c   Code   RO          337    i.MX_DMA_Init       dma.o
    0x08006864   0x08006864   0x0000011c   Code   RO          264    i.MX_GPIO_Init      gpio.o
    0x08006980   0x08006980   0x00000128   Code   RO          364    i.MX_TIM1_Init      tim.o
    0x08006aa8   0x08006aa8   0x00000124   Code   RO          365    i.MX_TIM8_Init      tim.o
    0x08006bcc   0x08006bcc   0x00000068   Code   RO          417    i.MX_USART10_UART_Init  usart.o
    0x08006c34   0x08006c34   0x00000068   Code   RO          418    i.MX_USART6_UART_Init  usart.o
    0x08006c9c   0x08006c9c   0x00000002   Code   RO          466    i.MemManage_Handler  stm32h7xx_it.o
    0x08006c9e   0x08006c9e   0x00000002   Code   RO          467    i.NMI_Handler       stm32h7xx_it.o
    0x08006ca0   0x08006ca0   0x00000002   Code   RO          468    i.PendSV_Handler    stm32h7xx_it.o
    0x08006ca2   0x08006ca2   0x00000040   Code   RO           15    i.PeriphCommonClock_Config  main.o
    0x08006ce2   0x08006ce2   0x00000002   PAD
    0x08006ce4   0x08006ce4   0x00000048   Code   RO           18    i.Print3_Motor_To_VOFA  main.o
    0x08006d2c   0x08006d2c   0x00000120   Code   RO         1159    i.RCCEx_PLL2_Config  stm32h7xx_hal_rcc_ex.o
    0x08006e4c   0x08006e4c   0x00000120   Code   RO         1160    i.RCCEx_PLL3_Config  stm32h7xx_hal_rcc_ex.o
    0x08006f6c   0x08006f6c   0x00000290   Code   RO         5198    i.SMO_Observer      smo.o
    0x080071fc   0x080071fc   0x00000002   Code   RO          469    i.SVC_Handler       stm32h7xx_it.o
    0x080071fe   0x080071fe   0x00000004   Code   RO          470    i.SysTick_Handler   stm32h7xx_it.o
    0x08007202   0x08007202   0x00000002   PAD
    0x08007204   0x08007204   0x00000098   Code   RO           20    i.SystemClock_Config  main.o
    0x0800729c   0x0800729c   0x000000d8   Code   RO         5004    i.SystemInit        system_stm32h7xx.o
    0x08007374   0x08007374   0x0000000c   Code   RO          471    i.TIM1_UP_IRQHandler  stm32h7xx_it.o
    0x08007380   0x08007380   0x0000000c   Code   RO          472    i.TIM8_UP_TIM13_IRQHandler  stm32h7xx_it.o
    0x0800738c   0x0800738c   0x000000e0   Code   RO         3540    i.TIM_Base_SetConfig  stm32h7xx_hal_tim.o
    0x0800746c   0x0800746c   0x0000001a   Code   RO         3541    i.TIM_CCxChannelCmd  stm32h7xx_hal_tim.o
    0x08007486   0x08007486   0x00000012   Code   RO         3551    i.TIM_ETR_SetConfig  stm32h7xx_hal_tim.o
    0x08007498   0x08007498   0x00000014   Code   RO         3552    i.TIM_ITRx_SetConfig  stm32h7xx_hal_tim.o
    0x080074ac   0x080074ac   0x000000ac   Code   RO         3553    i.TIM_OC1_SetConfig  stm32h7xx_hal_tim.o
    0x08007558   0x08007558   0x0000009c   Code   RO         3554    i.TIM_OC2_SetConfig  stm32h7xx_hal_tim.o
    0x080075f4   0x080075f4   0x0000009c   Code   RO         3555    i.TIM_OC3_SetConfig  stm32h7xx_hal_tim.o
    0x08007690   0x08007690   0x00000078   Code   RO         3556    i.TIM_OC4_SetConfig  stm32h7xx_hal_tim.o
    0x08007708   0x08007708   0x00000074   Code   RO         3557    i.TIM_OC5_SetConfig  stm32h7xx_hal_tim.o
    0x0800777c   0x0800777c   0x00000074   Code   RO         3558    i.TIM_OC6_SetConfig  stm32h7xx_hal_tim.o
    0x080077f0   0x080077f0   0x0000005c   Code   RO         3560    i.TIM_TI1_ConfigInputStage  stm32h7xx_hal_tim.o
    0x0800784c   0x0800784c   0x00000040   Code   RO         3562    i.TIM_TI2_ConfigInputStage  stm32h7xx_hal_tim.o
    0x0800788c   0x0800788c   0x00000044   Code   RO         4898    i.UARTEx_SetNbDataToProcess  stm32h7xx_hal_uart_ex.o
    0x080078d0   0x080078d0   0x000000c8   Code   RO         4507    i.UART_AdvFeatureConfig  stm32h7xx_hal_uart.o
    0x08007998   0x08007998   0x000000aa   Code   RO         4508    i.UART_CheckIdleState  stm32h7xx_hal_uart.o
    0x08007a42   0x08007a42   0x00000002   PAD
    0x08007a44   0x08007a44   0x00000054   Code   RO         4519    i.UART_EndRxTransfer  stm32h7xx_hal_uart.o
    0x08007a98   0x08007a98   0x000003dc   Code   RO         4525    i.UART_SetConfig    stm32h7xx_hal_uart.o
    0x08007e74   0x08007e74   0x00000094   Code   RO         4532    i.UART_WaitOnFlagUntilTimeout  stm32h7xx_hal_uart.o
    0x08007f08   0x08007f08   0x00000002   Code   RO          473    i.UsageFault_Handler  stm32h7xx_it.o
    0x08007f0a   0x08007f0a   0x00000030   Code   RO         5521    i.__ARM_fpclassify  m_wv.l(fpclassify.o)
    0x08007f3a   0x08007f3a   0x00000026   Code   RO         5435    i.__ARM_fpclassifyf  m_wv.l(fpclassifyf.o)
    0x08007f60   0x08007f60   0x00000022   Code   RO         2367    i.__NVIC_SetPriority  stm32h7xx_hal_cortex.o
    0x08007f82   0x08007f82   0x00000002   PAD
    0x08007f84   0x08007f84   0x00000170   Code   RO         5346    i.__hardfp_atanf    m_wv.l(atanf.o)
    0x080080f4   0x080080f4   0x00000150   Code   RO         5358    i.__hardfp_cosf     m_wv.l(cosf.o)
    0x08008244   0x08008244   0x00000048   Code   RO         5406    i.__hardfp_fmaxf    m_wv.l(fmaxf.o)
    0x0800828c   0x0800828c   0x00000048   Code   RO         5410    i.__hardfp_fminf    m_wv.l(fminf.o)
    0x080082d4   0x080082d4   0x000000b0   Code   RO         5370    i.__hardfp_fmodf    m_wv.l(fmodf.o)
    0x08008384   0x08008384   0x00000194   Code   RO         5382    i.__hardfp_sinf     m_wv.l(sinf.o)
    0x08008518   0x08008518   0x0000003a   Code   RO         5394    i.__hardfp_sqrtf    m_wv.l(sqrtf.o)
    0x08008552   0x08008552   0x00000006   Code   RO         5438    i.__mathlib_flt_infnan  m_wv.l(funder.o)
    0x08008558   0x08008558   0x00000010   Code   RO         5440    i.__mathlib_flt_invalid  m_wv.l(funder.o)
    0x08008568   0x08008568   0x00000010   Code   RO         5443    i.__mathlib_flt_underflow  m_wv.l(funder.o)
    0x08008578   0x08008578   0x00000154   Code   RO         5451    i.__mathlib_rredf2  m_wv.l(rredf.o)
    0x080086cc   0x080086cc   0x0000000e   Code   RO         5322    i._is_digit         c_w.l(__printf_wp.o)
    0x080086da   0x080086da   0x00000002   PAD
    0x080086dc   0x080086dc   0x00000068   Code   RO         5145    i.calc_compensation_angle  foc_math.o
    0x08008744   0x08008744   0x00000006   Code   RO         5054    i.fabsf             foc.o
    0x0800874a   0x0800874a   0x00000002   PAD
    0x0800874c   0x0800874c   0x00000064   Code   RO         5230    i.foc_hal_adc_filter_sample  user_foc_hal.o
    0x080087b0   0x080087b0   0x00000078   Code   RO         5231    i.foc_hal_adc_get_value  user_foc_hal.o
    0x08008828   0x08008828   0x00000028   Code   RO         5232    i.foc_hal_drive_deinit  user_foc_hal.o
    0x08008850   0x08008850   0x00000028   Code   RO         5233    i.foc_hal_drive_init  user_foc_hal.o
    0x08008878   0x08008878   0x000000a8   Code   RO         5234    i.foc_hal_init      user_foc_hal.o
    0x08008920   0x08008920   0x0000001a   Code   RO         5235    i.foc_hal_median3_u16  user_foc_hal.o
    0x0800893a   0x0800893a   0x00000002   PAD
    0x0800893c   0x0800893c   0x00000024   Code   RO         5236    i.foc_hal_pwm_enable  user_foc_hal.o
    0x08008960   0x08008960   0x00000040   Code   RO         5237    i.foc_hal_set_duty  user_foc_hal.o
    0x080089a0   0x080089a0   0x0000007c   Code   RO         5238    i.foc_hal_tim_start  user_foc_hal.o
    0x08008a1c   0x08008a1c   0x000000fc   Code   RO           21    i.main              main.o
    0x08008b18   0x08008b18   0x0000002c   Code   RO         5513    locale$$code        c_w.l(lc_numeric_c.o)
    0x08008b44   0x08008b44   0x00000052   Code   RO         5428    x$fpl$fcmp4         fz_wv.l(fcmp4.o)
    0x08008b96   0x08008b96   0x00000018   Code   RO         5515    x$fpl$fcmpinf       fz_wv.l(fcmpi.o)
    0x08008bae   0x08008bae   0x0000008c   Code   RO         5517    x$fpl$fnaninf       fz_wv.l(fnaninf.o)
    0x08008c3a   0x08008c3a   0x0000000a   Code   RO         5597    x$fpl$fpinit        fz_wv.l(fpinit.o)
    0x08008c44   0x08008c44   0x000000f4   Code   RO         5432    x$fpl$frem          fz_wv.l(frem_clz.o)
    0x08008d38   0x08008d38   0x00000004   Code   RO         5344    x$fpl$printf1       fz_wv.l(printf1.o)
    0x08008d3c   0x08008d3c   0x00000000   Code   RO         5434    x$fpl$usenofp       fz_wv.l(usenofp.o)
    0x08008d3c   0x08008d3c   0x00000008   Data   RO         1668    .constdata          stm32h7xx_hal_dma.o
    0x08008d44   0x08008d44   0x00000018   Data   RO         4533    .constdata          stm32h7xx_hal_uart.o
    0x08008d5c   0x08008d5c   0x00000010   Data   RO         4899    .constdata          stm32h7xx_hal_uart_ex.o
    0x08008d6c   0x08008d6c   0x00000010   Data   RO         5005    .constdata          system_stm32h7xx.o
    0x08008d7c   0x08008d7c   0x0000007c   Data   RO         5056    .constdata          foc.o
    0x08008df8   0x08008df8   0x00000020   Data   RO         5240    .constdata          user_foc_hal.o
    0x08008e18   0x08008e18   0x0000001c   Data   RO         5241    .constdata          user_foc_hal.o
    0x08008e34   0x08008e34   0x00000020   Data   RO         5452    .constdata          m_wv.l(rredf.o)
    0x08008e54   0x08008e54   0x00000094   Data   RO         5488    .constdata          c_w.l(bigflt0.o)
    0x08008ee8   0x08008ee8   0x00000020   Data   RO         5666    Region$$Table       anon$$obj.o
    0x08008f08   0x08008f08   0x0000001c   Data   RO         5512    locale$$data        c_w.l(lc_numeric_c.o)


    Execution Region RW_IRAM1 (Exec base: 0x20000000, Load base: 0x08008f24, Size: 0x00000000, Max: 0x00020000, ABSOLUTE)

    **** No section assigned to this execution region ****


    Execution Region RW_IRAM2 (Exec base: 0x24000000, Load base: 0x08008f24, Size: 0x00000ef0, Max: 0x00050000, ABSOLUTE)

    Exec Addr    Load Addr    Size         Type   Attr      Idx    E Section Name        Object

    0x24000000   0x08008f24   0x00000004   Data   RW          293    .data               adc.o
    0x24000004   0x08008f28   0x0000000c   Data   RW         2553    .data               stm32h7xx_hal.o
    0x24000010   0x08008f34   0x00000008   Data   RW         5006    .data               system_stm32h7xx.o
    0x24000018   0x08008f3c   0x00000004   Data   RW         5057    .data               foc.o
    0x2400001c   0x08008f40   0x00000004   Data   RW         5199    .data               smo.o
    0x24000020   0x08008f44   0x00000024   Data   RW         5242    .data               user_foc_hal.o
    0x24000044        -       0x000001d0   Zero   RW          292    .bss                adc.o
    0x24000214        -       0x00000098   Zero   RW          366    .bss                tim.o
    0x240002ac        -       0x00000128   Zero   RW          419    .bss                usart.o
    0x240003d4        -       0x0000048c   Zero   RW         5055    .bss                foc.o
    0x24000860        -       0x0000002a   Zero   RW         5239    .bss                user_foc_hal.o
    0x2400088a   0x08008f68   0x00000002   PAD
    0x2400088c        -       0x00000060   Zero   RW         5524    .bss                c_w.l(libspace.o)
    0x240008ec   0x08008f68   0x00000004   PAD
    0x240008f0        -       0x00000200   Zero   RW            2    HEAP                startup_stm32h723xx.o
    0x24000af0        -       0x00000400   Zero   RW            1    STACK               startup_stm32h723xx.o


==============================================================================

Image component sizes


      Code (inc. data)   RO Data    RW Data    ZI Data      Debug   Object Name

       684         72          0          4        464       2962   adc.o
        28          6          0          0          0        842   dma.o
      2134        158        124          4       1164      11411   foc.o
      1240         96          0          0          0       7694   foc_math.o
       284         22          0          0          0       1175   gpio.o
       616         58          0          0          0    1240094   main.o
       656         64          0          4          0       2037   smo.o
        72         30        716          0       1536        848   startup_stm32h723xx.o
       220         40          0         12          0      23621   stm32h7xx_hal.o
      3302        298          0          0          0      82188   stm32h7xx_hal_adc.o
       460         32          0          0          0      68545   stm32h7xx_hal_adc_ex.o
       354         28          0          0          0      40821   stm32h7xx_hal_cortex.o
      2704        142          8          0          0       8178   stm32h7xx_hal_dma.o
       558         46          0          0          0       2288   stm32h7xx_hal_gpio.o
        28          6          0          0          0        906   stm32h7xx_hal_msp.o
        84          6          0          0          0        773   stm32h7xx_hal_pwr_ex.o
      2374        102          0          0          0       7044   stm32h7xx_hal_rcc.o
      4618        168          0          0          0      10351   stm32h7xx_hal_rcc_ex.o
      2810        330          0          0          0      18390   stm32h7xx_hal_tim.o
       350         48          0          0          0       4072   stm32h7xx_hal_tim_ex.o
      1880        122         24          0          0      26690   stm32h7xx_hal_uart.o
       284          6         16          0          0       3749   stm32h7xx_hal_uart_ex.o
        44         12          0          0          0       4942   stm32h7xx_it.o
       244         38         16          8          0       1937   system_stm32h7xx.o
       828         54          0          0        152       3657   tim.o
       452         40          0          0        296       2641   usart.o
       718         96         60         36         42       8624   user_foc_hal.o

    ----------------------------------------------------------------------
     28062       2120        996         68       3656    1586480   Object Totals
         0          0         32          0          0          0   (incl. Generated)
        36          0          0          0          2          0   (incl. Padding)

    ----------------------------------------------------------------------

      Code (inc. data)   RO Data    RW Data    ZI Data      Debug   Library Member Name

        44          6          0          0          0         84   __2sprintf.o
         8          0          0          0          0         68   __main.o
       284          0          0          0          0        156   __printf_wp.o
         0          0          0          0          0          0   __rtentry.o
        12          0          0          0          0          0   __rtentry2.o
         6          0          0          0          0          0   __rtentry4.o
        52          8          0          0          0          0   __scatter.o
        26          0          0          0          0          0   __scatter_copy.o
        28          0          0          0          0          0   __scatter_zi.o
        48          6          0          0          0         96   _printf_char_common.o
         6          0          0          0          0          0   _printf_f.o
      1054          0          0          0          0        216   _printf_fp_dec.o
       128         16          0          0          0         84   _printf_fp_infnan.o
         0          0          0          0          0          0   _printf_percent.o
         4          0          0          0          0          0   _printf_percent_end.o
        22          0          0          0          0        100   _rserrno.o
        10          0          0          0          0         68   _sputc.o
       228          4        148          0          0         96   bigflt0.o
      1936        128          0          0          0        672   btod.o
        18          0          0          0          0         80   exit.o
         6          0          0          0          0        152   heapauxi.o
         0          0          0          0          0          0   indicate_semi.o
        44         10         28          0          0         76   lc_numeric_c.o
         2          0          0          0          0          0   libinit.o
        22          0          0          0          0          0   libinit2.o
         2          0          0          0          0          0   libshutdown.o
         2          0          0          0          0          0   libshutdown2.o
         8          4          0          0         96         68   libspace.o
       138          0          0          0          0         80   lludiv10.o
       238          0          0          0          0        100   lludivv7m.o
         8          4          0          0          0         68   rt_errno_addr_intlibspace.o
         8          4          0          0          0         68   rt_locale_intlibspace.o
        78          0          0          0          0         80   rt_memclr_w.o
       138          0          0          0          0         68   rt_memcpy_v6.o
       100          0          0          0          0         80   rt_memcpy_w.o
         2          0          0          0          0          0   rtexit.o
        10          0          0          0          0          0   rtexit2.o
       104          0          0          0          0         68   strcmpv7m_pel.o
        12          4          0          0          0         68   sys_exit.o
        74          0          0          0          0         80   sys_stackheap_outer.o
         2          0          0          0          0         68   use_no_semi.o
        82          4          0          0          0        160   fcmp4.o
        24          0          0          0          0        116   fcmpi.o
       140          4          0          0          0        132   fnaninf.o
        10          0          0          0          0        116   fpinit.o
       244          8          0          0          0        132   frem_clz.o
         4          0          0          0          0        116   printf1.o
         0          0          0          0          0          0   usenofp.o
       368         72          0          0          0        172   atanf.o
       336         60          0          0          0        136   cosf.o
        72          0          0          0          0        148   fmaxf.o
        72          0          0          0          0        148   fminf.o
       176          0          0          0          0        168   fmodf.o
        48          0          0          0          0        124   fpclassify.o
        38          0          0          0          0        116   fpclassifyf.o
        38         12          0          0          0        348   funder.o
       340         24         32          0          0        160   rredf.o
       404         60          0          0          0        212   sinf.o
        58          0          0          0          0        136   sqrtf.o

    ----------------------------------------------------------------------
      7378        438        208          0        100       5484   Library Totals
        12          0          0          0          4          0   (incl. Padding)

    ----------------------------------------------------------------------

      Code (inc. data)   RO Data    RW Data    ZI Data      Debug   Library Name

      4912        194        176          0         96       2844   c_w.l
       504         16          0          0          0        772   fz_wv.l
      1950        228         32          0          0       1868   m_wv.l

    ----------------------------------------------------------------------
      7378        438        208          0        100       5484   Library Totals

    ----------------------------------------------------------------------

==============================================================================


      Code (inc. data)   RO Data    RW Data    ZI Data      Debug   

     35440       2558       1204         68       3756    1574404   Grand Totals
     35440       2558       1204         68       3756    1574404   ELF Image Totals
     35440       2558       1204         68          0          0   ROM Totals

==============================================================================

    Total RO  Size (Code + RO Data)                36644 (  35.79kB)
    Total RW  Size (RW Data + ZI Data)              3824 (   3.73kB)
    Total ROM Size (Code + RO Data + RW Data)      36712 (  35.85kB)

==============================================================================

