*** Using Compiler 'V5.06 update 5 (build 528)', folder: 'D:\keil5\ARM\ARMCC\Bin'
Build target 'FOC'
compiling field_weakening.c...
compiling app_motor.c...
compiling main.c...
compiling app_comm.c...
compiling foc.c...
..\UserCode\foc_lib\src\foc.c(15): warning:  #177-D: variable "vofa_cnt"  was declared but never referenced
  static uint32_t vofa_cnt = 0;
..\UserCode\foc_lib\src\foc.c(47): warning:  #177-D: function "Foc_Update_Position"  was declared but never referenced
  static void Foc_Update_Position(foc_handle_t *motor)
..\UserCode\foc_lib\src\foc.c: 2 warnings, 0 errors
compiling hfi.c...
compiling smo.c...
compiling foc_math.c...
..\UserCode\foc_lib\src\foc_math.c(102): warning:  #223-D: function "HAL_Delay" declared implicitly
          HAL_Delay(1);
..\UserCode\foc_lib\src\foc_math.c: 1 warning, 0 errors
linking...
Program Size: Code=24426 RO-data=1182 RW-data=44 ZI-data=3476  
FromELF: creating hex file...
"FOC\FOC.axf" - 0 Error(s), 3 Warning(s).
Build Time Elapsed:  00:00:04
